Using device: cuda
Loading Source Train...
Using Mean/Std calculated from Source Train (mean[0]=38.05017988007995, std[0]=3.6066373090690456)
Loading Target Train...
Epoch: [0][10/23]	L_Src_Sup 1.5545e+00 (1.8635e+00)	L_Trg_Inj 1.5824e+00 (1.8598e+00)	Loss Disc 7.1700e-01 (7.2018e-01)	Loss Pred 1.0250e+00 (1.1227e+00)	Loss TOTAL 1.6972e+00 (1.8674e+00)
Epoch: [0][20/23]	L_Src_Sup 3.5610e-01 (1.2697e+00)	L_Trg_Inj 3.1062e-01 (1.2916e+00)	Loss Disc 7.0709e-01 (7.1603e-01)	Loss Pred 1.0972e+00 (1.1196e+00)	Loss TOTAL 1.5629e+00 (1.7568e+00)
Epoch: [0][23/23]	L_Src_Sup 7.1345e-01 (1.1652e+00)	L_Trg_Inj 1.2410e+00 (1.1918e+00)	Loss Disc 7.0416e-01 (7.1460e-01)	Loss Pred 1.1328e+00 (1.1185e+00)	Loss TOTAL 1.6803e+00 (1.7468e+00)
Epoch 0 complete. Saving model state...
Epoch: [1][10/23]	L_Src_Sup 4.6865e-01 (3.2712e-01)	L_Trg_Inj 1.1032e-01 (4.5281e-01)	Loss Disc 6.9625e-01 (6.9929e-01)	Loss Pred 1.0989e+00 (1.1176e+00)	Loss TOTAL 1.8632e+00 (1.6067e+00)
Epoch: [1][20/23]	L_Src_Sup 2.1668e-01 (3.7654e-01)	L_Trg_Inj 8.4187e-01 (6.0029e-01)	Loss Disc 6.9233e-01 (6.9673e-01)	Loss Pred 1.0668e+00 (1.1064e+00)	Loss TOTAL 1.5188e+00 (1.5931e+00)
Epoch: [1][23/23]	L_Src_Sup 2.4093e-01 (3.6692e-01)	L_Trg_Inj 6.0903e-01 (6.3730e-01)	Loss Disc 6.9086e-01 (6.9603e-01)	Loss Pred 1.1491e+00 (1.1069e+00)	Loss TOTAL 1.5795e+00 (1.5907e+00)
Epoch 1 complete. Saving model state...
Epoch: [2][10/23]	L_Src_Sup 2.1202e-01 (2.4569e-01)	L_Trg_Inj 5.6729e-01 (5.9083e-01)	Loss Disc 6.8625e-01 (6.8864e-01)	Loss Pred 1.1165e+00 (1.0933e+00)	Loss TOTAL 1.5375e+00 (1.5419e+00)
Epoch: [2][20/23]	L_Src_Sup 2.7924e-01 (2.4259e-01)	L_Trg_Inj 5.9889e-01 (6.3178e-01)	Loss Disc 6.7825e-01 (6.8562e-01)	Loss Pred 1.0982e+00 (1.0939e+00)	Loss TOTAL 1.5251e+00 (1.5356e+00)
Epoch: [2][23/23]	L_Src_Sup 3.1844e-01 (2.4093e-01)	L_Trg_Inj 1.8323e-01 (5.8222e-01)	Loss Disc 6.7713e-01 (6.8460e-01)	Loss Pred 1.1614e+00 (1.0982e+00)	Loss TOTAL 1.6854e+00 (1.5388e+00)
Epoch 2 complete. Saving model state...
Epoch: [3][10/23]	L_Src_Sup 2.5439e-01 (2.5827e-01)	L_Trg_Inj 7.2616e-01 (4.9405e-01)	Loss Disc 6.5575e-01 (6.6825e-01)	Loss Pred 1.0979e+00 (1.0913e+00)	Loss TOTAL 1.5238e+00 (1.5161e+00)
Epoch: [3][20/23]	L_Src_Sup 3.2758e-01 (2.5662e-01)	L_Trg_Inj 2.8657e-01 (4.4941e-01)	Loss Disc 6.4199e-01 (6.5923e-01)	Loss Pred 1.0810e+00 (1.0890e+00)	Loss TOTAL 1.5044e+00 (1.5024e+00)
Epoch: [3][23/23]	L_Src_Sup 1.9549e-01 (2.5464e-01)	L_Trg_Inj 7.4423e-01 (4.9281e-01)	Loss Disc 6.2734e-01 (6.5652e-01)	Loss Pred 1.0261e+00 (1.0853e+00)	Loss TOTAL 1.4338e+00 (1.4997e+00)
Epoch 3 complete. Saving model state...
Epoch: [4][10/23]	L_Src_Sup 1.9007e-01 (2.2572e-01)	L_Trg_Inj 2.8757e-01 (3.7396e-01)	Loss Disc 6.2699e-01 (6.3101e-01)	Loss Pred 1.0928e+00 (1.0816e+00)	Loss TOTAL 1.4540e+00 (1.4674e+00)
Epoch: [4][20/23]	L_Src_Sup 1.5099e-01 (2.3426e-01)	L_Trg_Inj 5.4650e-01 (4.1865e-01)	Loss Disc 6.5975e-01 (6.3906e-01)	Loss Pred 1.0437e+00 (1.0731e+00)	Loss TOTAL 1.4433e+00 (1.4758e+00)
Epoch: [4][23/23]	L_Src_Sup 2.4207e-01 (2.3534e-01)	L_Trg_Inj 2.8519e-01 (4.1528e-01)	Loss Disc 6.7089e-01 (6.4236e-01)	Loss Pred 1.1086e+00 (1.0750e+00)	Loss TOTAL 1.4968e+00 (1.4767e+00)
Epoch 4 complete. Saving model state...
Epoch: [5][10/23]	L_Src_Sup 2.2305e-01 (2.4774e-01)	L_Trg_Inj 5.5502e-01 (3.7592e-01)	Loss Disc 6.8889e-01 (6.9112e-01)	Loss Pred 1.0970e+00 (1.0755e+00)	Loss TOTAL 1.5193e+00 (1.5220e+00)
Epoch: [5][20/23]	L_Src_Sup 1.8101e-01 (2.1632e-01)	L_Trg_Inj 2.9609e-01 (3.7314e-01)	Loss Disc 7.0697e-01 (6.9747e-01)	Loss Pred 1.0608e+00 (1.0718e+00)	Loss TOTAL 1.4620e+00 (1.5027e+00)
Epoch: [5][23/23]	L_Src_Sup 2.2843e-01 (2.2347e-01)	L_Trg_Inj 1.0167e+00 (3.8859e-01)	Loss Disc 6.5011e-01 (6.9786e-01)	Loss Pred 1.0546e+00 (1.0670e+00)	Loss TOTAL 1.5042e+00 (1.5029e+00)
Epoch 5 complete. Saving model state...
Epoch: [6][10/23]	L_Src_Sup 1.8491e-01 (2.4994e-01)	L_Trg_Inj 8.5262e-01 (6.6116e-01)	Loss Disc 6.6082e-01 (6.3320e-01)	Loss Pred 1.0557e+00 (1.0586e+00)	Loss TOTAL 1.4899e+00 (1.4794e+00)
Epoch: [6][20/23]	L_Src_Sup 2.6138e-01 (2.3602e-01)	L_Trg_Inj 6.1324e-01 (6.2537e-01)	Loss Disc 6.9609e-01 (6.5953e-01)	Loss Pred 1.0560e+00 (1.0551e+00)	Loss TOTAL 1.4915e+00 (1.4785e+00)
Epoch: [6][23/23]	L_Src_Sup 2.3251e-01 (2.2720e-01)	L_Trg_Inj 5.3388e-01 (6.1066e-01)	Loss Disc 6.9703e-01 (6.6457e-01)	Loss Pred 1.0365e+00 (1.0573e+00)	Loss TOTAL 1.4617e+00 (1.4798e+00)
Epoch 6 complete. Saving model state...
Epoch: [7][10/23]	L_Src_Sup 2.2713e-01 (2.5671e-01)	L_Trg_Inj 3.0373e-01 (4.1990e-01)	Loss Disc 7.1380e-01 (7.0256e-01)	Loss Pred 1.0592e+00 (1.0458e+00)	Loss TOTAL 1.4692e+00 (1.4714e+00)
Epoch: [7][20/23]	L_Src_Sup 2.4899e-01 (2.4805e-01)	L_Trg_Inj 1.9356e-01 (4.5300e-01)	Loss Disc 7.3313e-01 (7.0282e-01)	Loss Pred 1.0745e+00 (1.0458e+00)	Loss TOTAL 1.5407e+00 (1.4759e+00)
Epoch: [7][23/23]	L_Src_Sup 1.4467e-01 (2.4076e-01)	L_Trg_Inj 3.5523e-01 (4.4354e-01)	Loss Disc 7.1418e-01 (7.0415e-01)	Loss Pred 1.0839e+00 (1.0481e+00)	Loss TOTAL 1.4909e+00 (1.4761e+00)
Epoch 7 complete. Saving model state...
Epoch: [8][10/23]	L_Src_Sup 1.5763e-01 (2.5127e-01)	L_Trg_Inj 2.9641e-01 (2.5524e-01)	Loss Disc 6.2363e-01 (6.7145e-01)	Loss Pred 1.0420e+00 (1.0434e+00)	Loss TOTAL 1.3993e+00 (1.5000e+00)
Epoch: [8][20/23]	L_Src_Sup 5.8951e-02 (2.2800e-01)	L_Trg_Inj 6.0205e-01 (3.1154e-01)	Loss Disc 6.1150e-01 (6.4710e-01)	Loss Pred 1.0188e+00 (1.0414e+00)	Loss TOTAL 1.3906e+00 (1.4602e+00)
Epoch: [8][23/23]	L_Src_Sup 3.2635e-01 (2.3292e-01)	L_Trg_Inj 4.8905e-01 (3.3873e-01)	Loss Disc 6.1091e-01 (6.4282e-01)	Loss Pred 1.0519e+00 (1.0410e+00)	Loss TOTAL 1.4389e+00 (1.4555e+00)
Epoch 8 complete. Saving model state...
Epoch: [9][10/23]	L_Src_Sup 2.2033e-01 (1.8578e-01)	L_Trg_Inj 1.5065e-01 (2.4848e-01)	Loss Disc 6.4914e-01 (6.3540e-01)	Loss Pred 1.0164e+00 (1.0245e+00)	Loss TOTAL 1.4478e+00 (1.4051e+00)
Epoch: [9][20/23]	L_Src_Sup 1.8877e-01 (1.9237e-01)	L_Trg_Inj 4.2508e-01 (2.8800e-01)	Loss Disc 6.6273e-01 (6.4364e-01)	Loss Pred 1.0693e+00 (1.0344e+00)	Loss TOTAL 1.4621e+00 (1.4215e+00)
Epoch: [9][23/23]	L_Src_Sup 2.5103e-01 (2.0303e-01)	L_Trg_Inj 2.0196e-01 (2.8808e-01)	Loss Disc 6.8994e-01 (6.4699e-01)	Loss Pred 1.0157e+00 (1.0338e+00)	Loss TOTAL 1.4550e+00 (1.4236e+00)
Epoch 9 complete. Saving model state...
Epoch: [10][10/23]	L_Src_Sup 2.5346e-01 (2.3892e-01)	L_Trg_Inj 1.6268e-01 (3.6714e-01)	Loss Disc 7.1807e-01 (6.8570e-01)	Loss Pred 1.0284e+00 (1.0240e+00)	Loss TOTAL 1.5198e+00 (1.4392e+00)
Epoch: [10][20/23]	L_Src_Sup 2.1064e-01 (2.3991e-01)	L_Trg_Inj 1.8797e-01 (4.2522e-01)	Loss Disc 7.2073e-01 (6.9227e-01)	Loss Pred 1.0209e+00 (1.0279e+00)	Loss TOTAL 1.4437e+00 (1.4475e+00)
Epoch: [10][23/23]	L_Src_Sup 3.3531e-01 (2.4594e-01)	L_Trg_Inj 4.2545e-01 (4.2063e-01)	Loss Disc 7.0141e-01 (6.9365e-01)	Loss Pred 9.8997e-01 (1.0259e+00)	Loss TOTAL 1.4168e+00 (1.4455e+00)
Epoch 10 complete. Saving model state...
Epoch: [11][10/23]	L_Src_Sup 2.1644e-01 (2.2846e-01)	L_Trg_Inj 2.4696e-01 (4.0667e-01)	Loss Disc 7.1060e-01 (7.0532e-01)	Loss Pred 1.0294e+00 (1.0212e+00)	Loss TOTAL 1.4310e+00 (1.4429e+00)
Epoch: [11][20/23]	L_Src_Sup 3.1892e-01 (2.1112e-01)	L_Trg_Inj 1.1601e-01 (3.5346e-01)	Loss Disc 7.2567e-01 (7.0757e-01)	Loss Pred 1.0166e+00 (1.0241e+00)	Loss TOTAL 1.6259e+00 (1.4476e+00)
Epoch: [11][23/23]	L_Src_Sup 3.5831e-01 (2.1175e-01)	L_Trg_Inj 3.3266e-01 (3.4829e-01)	Loss Disc 6.9526e-01 (7.0668e-01)	Loss Pred 1.0180e+00 (1.0224e+00)	Loss TOTAL 1.4604e+00 (1.4444e+00)
Epoch 11 complete. Saving model state...
Epoch: [12][10/23]	L_Src_Sup 1.4500e-01 (2.1624e-01)	L_Trg_Inj 2.5566e-01 (5.2957e-01)	Loss Disc 6.8655e-01 (6.8088e-01)	Loss Pred 1.0010e+00 (1.0200e+00)	Loss TOTAL 1.3844e+00 (1.4350e+00)
Epoch: [12][20/23]	L_Src_Sup 1.3301e-01 (2.0581e-01)	L_Trg_Inj 3.7271e-01 (4.0924e-01)	Loss Disc 6.9116e-01 (6.8276e-01)	Loss Pred 1.0108e+00 (1.0136e+00)	Loss TOTAL 1.4069e+00 (1.4304e+00)
Epoch: [12][23/23]	L_Src_Sup 2.7151e-01 (2.1362e-01)	L_Trg_Inj 4.5913e-01 (4.2339e-01)	Loss Disc 6.9893e-01 (6.8429e-01)	Loss Pred 1.0173e+00 (1.0155e+00)	Loss TOTAL 1.4399e+00 (1.4334e+00)
Epoch 12 complete. Saving model state...
Epoch: [13][10/23]	L_Src_Sup 1.7980e-01 (1.8219e-01)	L_Trg_Inj 1.8161e-01 (2.7692e-01)	Loss Disc 7.0000e-01 (6.9185e-01)	Loss Pred 1.0157e+00 (1.0150e+00)	Loss TOTAL 1.4018e+00 (1.4241e+00)
Epoch: [13][20/23]	L_Src_Sup 2.8300e-01 (2.0770e-01)	L_Trg_Inj 3.4745e-01 (2.9261e-01)	Loss Disc 6.7939e-01 (6.8856e-01)	Loss Pred 1.0080e+00 (1.0112e+00)	Loss TOTAL 1.4107e+00 (1.4223e+00)
Epoch: [13][23/23]	L_Src_Sup 4.1960e-01 (2.1656e-01)	L_Trg_Inj 2.0739e-01 (2.8991e-01)	Loss Disc 6.9335e-01 (6.8845e-01)	Loss Pred 1.0025e+00 (1.0106e+00)	Loss TOTAL 1.6241e+00 (1.4293e+00)
Epoch 13 complete. Saving model state...
Epoch: [14][10/23]	L_Src_Sup 1.5379e-01 (2.1962e-01)	L_Trg_Inj 4.1835e-01 (3.7243e-01)	Loss Disc 6.6610e-01 (6.8079e-01)	Loss Pred 1.0225e+00 (1.0069e+00)	Loss TOTAL 1.4128e+00 (1.4163e+00)
Epoch: [14][20/23]	L_Src_Sup 2.4223e-01 (2.1773e-01)	L_Trg_Inj 4.3150e-01 (3.5729e-01)	Loss Disc 6.8315e-01 (6.7681e-01)	Loss Pred 1.0120e+00 (1.0064e+00)	Loss TOTAL 1.4209e+00 (1.4126e+00)
Epoch: [14][23/23]	L_Src_Sup 1.7464e-01 (2.1920e-01)	L_Trg_Inj 4.7699e-01 (3.6252e-01)	Loss Disc 6.7081e-01 (6.7706e-01)	Loss Pred 1.0086e+00 (1.0062e+00)	Loss TOTAL 1.4092e+00 (1.4135e+00)
Epoch 14 complete. Saving model state...
Epoch: [15][10/23]	L_Src_Sup 2.0136e-01 (2.3303e-01)	L_Trg_Inj 3.0444e-01 (4.3385e-01)	Loss Disc 6.6963e-01 (6.6464e-01)	Loss Pred 9.9988e-01 (1.0023e+00)	Loss TOTAL 1.3853e+00 (1.4155e+00)
Epoch: [15][20/23]	L_Src_Sup 1.7481e-01 (2.2549e-01)	L_Trg_Inj 3.1216e-01 (3.8243e-01)	Loss Disc 6.7098e-01 (6.6671e-01)	Loss Pred 9.9747e-01 (1.0020e+00)	Loss TOTAL 1.3817e+00 (1.4071e+00)
Epoch: [15][23/23]	L_Src_Sup 3.4931e-01 (2.2779e-01)	L_Trg_Inj 5.5344e-01 (3.7586e-01)	Loss Disc 6.8304e-01 (6.6792e-01)	Loss Pred 1.0060e+00 (1.0024e+00)	Loss TOTAL 1.4378e+00 (1.4072e+00)
Epoch 15 complete. Saving model state...
Epoch: [16][10/23]	L_Src_Sup 3.3432e-01 (2.5748e-01)	L_Trg_Inj 2.5388e-01 (4.4905e-01)	Loss Disc 6.5479e-01 (6.6741e-01)	Loss Pred 9.9268e-01 (1.0022e+00)	Loss TOTAL 1.4593e+00 (1.4146e+00)
Epoch: [16][20/23]	L_Src_Sup 1.7885e-01 (2.2977e-01)	L_Trg_Inj 2.3082e-01 (4.6098e-01)	Loss Disc 6.7360e-01 (6.6354e-01)	Loss Pred 9.9399e-01 (9.9933e-01)	Loss TOTAL 1.3718e+00 (1.4042e+00)
Epoch: [16][23/23]	L_Src_Sup 1.6321e-01 (2.2224e-01)	L_Trg_Inj 2.7697e-01 (4.2883e-01)	Loss Disc 6.7674e-01 (6.6439e-01)	Loss Pred 1.0001e+00 (9.9929e-01)	Loss TOTAL 1.3825e+00 (1.4020e+00)
Epoch 16 complete. Saving model state...
Epoch: [17][10/23]	L_Src_Sup 1.5982e-01 (2.3034e-01)	L_Trg_Inj 4.4602e-01 (4.2269e-01)	Loss Disc 6.6823e-01 (6.6746e-01)	Loss Pred 9.9452e-01 (9.9633e-01)	Loss TOTAL 1.3892e+00 (1.3970e+00)
Epoch: [17][20/23]	L_Src_Sup 1.0099e-01 (2.2722e-01)	L_Trg_Inj 4.7345e-01 (4.5181e-01)	Loss Disc 6.6373e-01 (6.6448e-01)	Loss Pred 9.9385e-01 (9.9572e-01)	Loss TOTAL 1.3832e+00 (1.4008e+00)
Epoch: [17][23/23]	L_Src_Sup 2.4950e-01 (2.3344e-01)	L_Trg_Inj 3.5002e-01 (4.4221e-01)	Loss Disc 6.6487e-01 (6.6469e-01)	Loss Pred 9.9334e-01 (9.9570e-01)	Loss TOTAL 1.3857e+00 (1.3999e+00)
Epoch 17 complete. Saving model state...
Epoch: [18][10/23]	L_Src_Sup 1.3404e-01 (1.9801e-01)	L_Trg_Inj 2.9524e-01 (2.9636e-01)	Loss Disc 6.7035e-01 (6.6987e-01)	Loss Pred 9.9468e-01 (9.9460e-01)	Loss TOTAL 1.3728e+00 (1.4035e+00)
Epoch: [18][20/23]	L_Src_Sup 1.5386e-01 (2.0700e-01)	L_Trg_Inj 5.5385e-01 (3.2538e-01)	Loss Disc 6.5957e-01 (6.6862e-01)	Loss Pred 9.9204e-01 (9.9378e-01)	Loss TOTAL 1.3926e+00 (1.3976e+00)
Epoch: [18][23/23]	L_Src_Sup 2.3823e-01 (2.0767e-01)	L_Trg_Inj 6.5337e-01 (3.5993e-01)	Loss Disc 6.8263e-01 (6.6980e-01)	Loss Pred 9.9170e-01 (9.9349e-01)	Loss TOTAL 1.4222e+00 (1.3993e+00)
Epoch 18 complete. Saving model state...
Epoch: [19][10/23]	L_Src_Sup 1.5228e-01 (2.3191e-01)	L_Trg_Inj 4.6534e-01 (4.5532e-01)	Loss Disc 6.5916e-01 (6.9779e-01)	Loss Pred 9.9132e-01 (9.9152e-01)	Loss TOTAL 1.3827e+00 (1.4125e+00)
Epoch: [19][20/23]	L_Src_Sup 2.1366e-01 (2.4354e-01)	L_Trg_Inj 5.5325e-01 (5.1771e-01)	Loss Disc 6.6051e-01 (6.8148e-01)	Loss Pred 9.9014e-01 (9.9113e-01)	Loss TOTAL 1.3971e+00 (1.4154e+00)
Epoch: [19][23/23]	L_Src_Sup 1.9302e-01 (2.4279e-01)	L_Trg_Inj 3.5461e-01 (5.0333e-01)	Loss Disc 6.6759e-01 (6.7981e-01)	Loss Pred 9.9028e-01 (9.9101e-01)	Loss TOTAL 1.3788e+00 (1.4120e+00)
Epoch 19 complete. Saving model state...
Epoch: [20][10/23]	L_Src_Sup 2.3259e-01 (2.3912e-01)	L_Trg_Inj 3.4291e-01 (3.0311e-01)	Loss Disc 6.7248e-01 (6.7411e-01)	Loss Pred 9.9072e-01 (9.8984e-01)	Loss TOTAL 1.3845e+00 (1.3863e+00)
Epoch: [20][20/23]	L_Src_Sup 3.3081e-01 (2.5736e-01)	L_Trg_Inj 6.1729e-01 (3.9140e-01)	Loss Disc 6.8851e-01 (6.7468e-01)	Loss Pred 9.8564e-01 (9.8935e-01)	Loss TOTAL 1.4247e+00 (1.4057e+00)
Epoch: [20][23/23]	L_Src_Sup 2.5803e-01 (2.5321e-01)	L_Trg_Inj 6.2326e-01 (4.3027e-01)	Loss Disc 6.8769e-01 (6.7541e-01)	Loss Pred 9.8909e-01 (9.8892e-01)	Loss TOTAL 1.4211e+00 (1.4072e+00)
Epoch 20 complete. Saving model state...
Epoch: [21][10/23]	L_Src_Sup 3.2690e-01 (2.6841e-01)	L_Trg_Inj 3.5831e-01 (3.9324e-01)	Loss Disc 7.0042e-01 (6.8781e-01)	Loss Pred 9.9098e-01 (9.8847e-01)	Loss TOTAL 1.4097e+00 (1.4121e+00)
Epoch: [21][20/23]	L_Src_Sup 2.1107e-01 (2.4842e-01)	L_Trg_Inj 3.5572e-01 (4.2119e-01)	Loss Disc 6.8370e-01 (6.8400e-01)	Loss Pred 9.8491e-01 (9.8792e-01)	Loss TOTAL 1.3834e+00 (1.4104e+00)
Epoch: [21][23/23]	L_Src_Sup 3.0874e-01 (2.5482e-01)	L_Trg_Inj 5.6827e-01 (4.2567e-01)	Loss Disc 6.7042e-01 (6.8307e-01)	Loss Pred 9.8512e-01 (9.8767e-01)	Loss TOTAL 1.4080e+00 (1.4116e+00)
Epoch 21 complete. Saving model state...
Epoch: [22][10/23]	L_Src_Sup 2.6760e-01 (1.7786e-01)	L_Trg_Inj 7.9390e-01 (4.8992e-01)	Loss Disc 6.6185e-01 (6.7609e-01)	Loss Pred 9.8815e-01 (9.8614e-01)	Loss TOTAL 1.4252e+00 (1.3990e+00)
Epoch: [22][20/23]	L_Src_Sup 1.4640e-01 (1.9325e-01)	L_Trg_Inj 3.2412e-01 (5.2511e-01)	Loss Disc 6.7232e-01 (6.7103e-01)	Loss Pred 9.8786e-01 (9.8532e-01)	Loss TOTAL 1.3711e+00 (1.3967e+00)
Epoch: [22][23/23]	L_Src_Sup 2.5373e-01 (1.9673e-01)	L_Trg_Inj 3.1240e-01 (4.8730e-01)	Loss Disc 6.7416e-01 (6.7198e-01)	Loss Pred 9.7939e-01 (9.8476e-01)	Loss TOTAL 1.3731e+00 (1.3933e+00)
Epoch 22 complete. Saving model state...
Epoch: [23][10/23]	L_Src_Sup 2.3351e-01 (2.0319e-01)	L_Trg_Inj 6.4218e-02 (3.1593e-01)	Loss Disc 6.8847e-01 (6.7322e-01)	Loss Pred 9.8565e-01 (9.8405e-01)	Loss TOTAL 1.5290e+00 (1.3895e+00)
Epoch: [23][20/23]	L_Src_Sup 2.5849e-01 (2.2283e-01)	L_Trg_Inj 3.1165e-01 (3.7338e-01)	Loss Disc 6.7132e-01 (6.7107e-01)	Loss Pred 9.8326e-01 (9.8279e-01)	Loss TOTAL 1.3759e+00 (1.3990e+00)
Epoch: [23][23/23]	L_Src_Sup 2.0092e-01 (2.2239e-01)	L_Trg_Inj 4.0616e-01 (3.8042e-01)	Loss Disc 6.7799e-01 (6.7009e-01)	Loss Pred 9.8684e-01 (9.8316e-01)	Loss TOTAL 1.3865e+00 (1.4001e+00)
Epoch 23 complete. Saving model state...
Epoch: [24][10/23]	L_Src_Sup 3.5049e-01 (2.1932e-01)	L_Trg_Inj 1.5156e-01 (3.9543e-01)	Loss Disc 6.8518e-01 (6.6864e-01)	Loss Pred 9.8434e-01 (9.8206e-01)	Loss TOTAL 1.5761e+00 (1.3977e+00)
Epoch: [24][20/23]	L_Src_Sup 2.2247e-01 (1.9589e-01)	L_Trg_Inj 3.1805e-01 (3.4803e-01)	Loss Disc 6.7526e-01 (6.7086e-01)	Loss Pred 9.7906e-01 (9.8116e-01)	Loss TOTAL 1.3707e+00 (1.3811e+00)
Epoch: [24][23/23]	L_Src_Sup 3.1031e-01 (2.0345e-01)	L_Trg_Inj 3.8586e-01 (3.4104e-01)	Loss Disc 6.6741e-01 (6.7176e-01)	Loss Pred 9.6937e-01 (9.8089e-01)	Loss TOTAL 1.3727e+00 (1.3800e+00)
Epoch 24 complete. Saving model state...
Epoch: [25][10/23]	L_Src_Sup 4.9958e-02 (1.8902e-01)	L_Trg_Inj 2.1664e-01 (3.9192e-01)	Loss Disc 6.8285e-01 (6.7509e-01)	Loss Pred 9.8393e-01 (9.7915e-01)	Loss TOTAL 1.3520e+00 (1.3873e+00)
Epoch: [25][20/23]	L_Src_Sup 2.9772e-01 (1.9489e-01)	L_Trg_Inj 3.8135e-01 (3.4286e-01)	Loss Disc 6.7797e-01 (6.7385e-01)	Loss Pred 9.8175e-01 (9.7984e-01)	Loss TOTAL 1.3886e+00 (1.3867e+00)
Epoch: [25][23/23]	L_Src_Sup 1.0777e-01 (1.9649e-01)	L_Trg_Inj 3.2312e-01 (3.3955e-01)	Loss Disc 6.7948e-01 (6.7491e-01)	Loss Pred 9.7493e-01 (9.7869e-01)	Loss TOTAL 1.3578e+00 (1.3838e+00)
Epoch 25 complete. Saving model state...
Epoch: [26][10/23]	L_Src_Sup 2.1614e-01 (2.6799e-01)	L_Trg_Inj 6.6278e-01 (5.7817e-01)	Loss Disc 6.5130e-01 (6.6933e-01)	Loss Pred 9.6808e-01 (9.7442e-01)	Loss TOTAL 1.3816e+00 (1.4041e+00)
Epoch: [26][20/23]	L_Src_Sup 1.6799e-01 (2.3832e-01)	L_Trg_Inj 3.8173e-01 (4.6827e-01)	Loss Disc 6.6377e-01 (6.6606e-01)	Loss Pred 9.8688e-01 (9.7535e-01)	Loss TOTAL 1.3737e+00 (1.3849e+00)
Epoch: [26][23/23]	L_Src_Sup 3.1943e-01 (2.4813e-01)	L_Trg_Inj 3.1732e-01 (4.5342e-01)	Loss Disc 6.5863e-01 (6.6533e-01)	Loss Pred 9.8289e-01 (9.7658e-01)	Loss TOTAL 1.3780e+00 (1.3846e+00)
Epoch 26 complete. Saving model state...
Epoch: [27][10/23]	L_Src_Sup 3.2798e-01 (2.3598e-01)	L_Trg_Inj 4.1568e-01 (5.2453e-01)	Loss Disc 6.6136e-01 (6.6038e-01)	Loss Pred 9.7012e-01 (9.7641e-01)	Loss TOTAL 1.3752e+00 (1.3827e+00)
Epoch: [27][20/23]	L_Src_Sup 3.7164e-01 (2.0836e-01)	L_Trg_Inj 2.4432e-01 (3.9488e-01)	Loss Disc 6.6754e-01 (6.6161e-01)	Loss Pred 9.7118e-01 (9.7203e-01)	Loss TOTAL 1.4939e+00 (1.3718e+00)
Epoch: [27][23/23]	L_Src_Sup 1.8013e-01 (2.1799e-01)	L_Trg_Inj 6.9684e-01 (4.1981e-01)	Loss Disc 6.6073e-01 (6.6159e-01)	Loss Pred 9.7884e-01 (9.7210e-01)	Loss TOTAL 1.3969e+00 (1.3742e+00)
Epoch 27 complete. Saving model state...
Epoch: [28][10/23]	L_Src_Sup 2.1235e-01 (2.2124e-01)	L_Trg_Inj 6.4112e-01 (6.8696e-01)	Loss Disc 6.6133e-01 (6.6392e-01)	Loss Pred 9.8020e-01 (9.6637e-01)	Loss TOTAL 1.3962e+00 (1.3892e+00)
Epoch: [28][20/23]	L_Src_Sup 3.4957e-01 (2.2749e-01)	L_Trg_Inj 3.1787e-01 (5.9391e-01)	Loss Disc 6.6187e-01 (6.6304e-01)	Loss Pred 9.6239e-01 (9.6530e-01)	Loss TOTAL 1.3918e+00 (1.3805e+00)
Epoch: [28][23/23]	L_Src_Sup 1.8497e-01 (2.2381e-01)	L_Trg_Inj 5.0020e-01 (5.8481e-01)	Loss Disc 6.7567e-01 (6.6388e-01)	Loss Pred 9.6064e-01 (9.6425e-01)	Loss TOTAL 1.3670e+00 (1.3784e+00)
Epoch 28 complete. Saving model state...
Epoch: [29][10/23]	L_Src_Sup 2.4376e-01 (2.3556e-01)	L_Trg_Inj 2.6198e-01 (4.5371e-01)	Loss Disc 6.6203e-01 (6.6132e-01)	Loss Pred 9.3711e-01 (9.5197e-01)	Loss TOTAL 1.3187e+00 (1.3516e+00)
Epoch: [29][20/23]	L_Src_Sup 2.4652e-01 (2.2850e-01)	L_Trg_Inj 3.5059e-01 (4.4814e-01)	Loss Disc 6.5883e-01 (6.5883e-01)	Loss Pred 9.3616e-01 (9.4820e-01)	Loss TOTAL 1.3253e+00 (1.3490e+00)
Epoch: [29][23/23]	L_Src_Sup 1.6260e-01 (2.1887e-01)	L_Trg_Inj 2.3715e-01 (4.2585e-01)	Loss Disc 6.6206e-01 (6.5890e-01)	Loss Pred 9.4267e-01 (9.4781e-01)	Loss TOTAL 1.3137e+00 (1.3450e+00)
Epoch 29 complete. Saving model state...
Epoch: [30][10/23]	L_Src_Sup 2.2375e-01 (2.1474e-01)	L_Trg_Inj 3.5421e-01 (3.4965e-01)	Loss Disc 6.6326e-01 (6.5653e-01)	Loss Pred 9.1786e-01 (9.3183e-01)	Loss TOTAL 1.3073e+00 (1.3276e+00)
Epoch: [30][20/23]	L_Src_Sup 1.5428e-01 (2.0706e-01)	L_Trg_Inj 2.3297e-01 (3.6385e-01)	Loss Disc 6.5736e-01 (6.5780e-01)	Loss Pred 9.0520e-01 (9.2415e-01)	Loss TOTAL 1.2726e+00 (1.3157e+00)
Epoch: [30][23/23]	L_Src_Sup 3.1127e-01 (2.1055e-01)	L_Trg_Inj 2.9437e-01 (3.4975e-01)	Loss Disc 6.7566e-01 (6.5916e-01)	Loss Pred 9.1870e-01 (9.2371e-01)	Loss TOTAL 1.3340e+00 (1.3166e+00)
Epoch 30 complete. Saving model state...
Epoch: [31][10/23]	L_Src_Sup 2.3629e-01 (2.2624e-01)	L_Trg_Inj 3.8777e-01 (4.8870e-01)	Loss Disc 6.6909e-01 (6.6108e-01)	Loss Pred 8.8450e-01 (9.0156e-01)	Loss TOTAL 1.2814e+00 (1.3036e+00)
Epoch: [31][20/23]	L_Src_Sup 2.4625e-01 (2.2265e-01)	L_Trg_Inj 6.8890e-01 (5.0258e-01)	Loss Disc 6.5010e-01 (6.6030e-01)	Loss Pred 8.8487e-01 (8.9723e-01)	Loss TOTAL 1.3034e+00 (1.3040e+00)
Epoch: [31][23/23]	L_Src_Sup 2.3593e-01 (2.2282e-01)	L_Trg_Inj 6.2213e-01 (5.2058e-01)	Loss Disc 6.5629e-01 (6.5981e-01)	Loss Pred 8.8942e-01 (8.9522e-01)	Loss TOTAL 1.3034e+00 (1.3030e+00)
Epoch 31 complete. Saving model state...
Epoch: [32][10/23]	L_Src_Sup 2.1398e-01 (2.6277e-01)	L_Trg_Inj 6.9083e-01 (5.1149e-01)	Loss Disc 6.4044e-01 (6.6303e-01)	Loss Pred 9.0308e-01 (8.8302e-01)	Loss TOTAL 1.3138e+00 (1.3053e+00)
Epoch: [32][20/23]	L_Src_Sup 3.6318e-01 (2.4079e-01)	L_Trg_Inj 4.8762e-01 (5.0161e-01)	Loss Disc 6.6555e-01 (6.6012e-01)	Loss Pred 8.8219e-01 (8.8058e-01)	Loss TOTAL 1.3001e+00 (1.2920e+00)
Epoch: [32][23/23]	L_Src_Sup 3.3085e-01 (2.4382e-01)	L_Trg_Inj 2.8552e-01 (4.8254e-01)	Loss Disc 6.7642e-01 (6.6102e-01)	Loss Pred 8.7905e-01 (8.8049e-01)	Loss TOTAL 1.3242e+00 (1.2918e+00)
Epoch 32 complete. Saving model state...
Epoch: [33][10/23]	L_Src_Sup 1.6861e-01 (2.2689e-01)	L_Trg_Inj 2.1087e-01 (4.5579e-01)	Loss Disc 6.8491e-01 (6.7460e-01)	Loss Pred 8.5953e-01 (8.6276e-01)	Loss TOTAL 1.2399e+00 (1.2683e+00)
Epoch: [33][20/23]	L_Src_Sup 1.3972e-01 (2.3439e-01)	L_Trg_Inj 4.5708e-01 (4.7708e-01)	Loss Disc 6.7759e-01 (6.7984e-01)	Loss Pred 8.4427e-01 (8.5733e-01)	Loss TOTAL 1.2427e+00 (1.2810e+00)
Epoch: [33][23/23]	L_Src_Sup 2.8282e-01 (2.3441e-01)	L_Trg_Inj 2.6831e-01 (4.5519e-01)	Loss Disc 6.8732e-01 (6.8139e-01)	Loss Pred 8.5591e-01 (8.5717e-01)	Loss TOTAL 1.2692e+00 (1.2784e+00)
Epoch 33 complete. Saving model state...
Epoch: [34][10/23]	L_Src_Sup 7.2313e-02 (2.0894e-01)	L_Trg_Inj 4.8198e-01 (4.4447e-01)	Loss Disc 6.9488e-01 (6.9535e-01)	Loss Pred 8.3954e-01 (8.4902e-01)	Loss TOTAL 1.2424e+00 (1.2685e+00)
Epoch: [34][20/23]	L_Src_Sup 2.3607e-01 (2.1538e-01)	L_Trg_Inj 2.8036e-01 (4.0212e-01)	Loss Disc 6.9758e-01 (6.9765e-01)	Loss Pred 8.3638e-01 (8.4378e-01)	Loss TOTAL 1.2368e+00 (1.2593e+00)
Epoch: [34][23/23]	L_Src_Sup 1.7921e-01 (2.1461e-01)	L_Trg_Inj 4.3224e-01 (3.9004e-01)	Loss Disc 6.9745e-01 (6.9818e-01)	Loss Pred 8.3482e-01 (8.4225e-01)	Loss TOTAL 1.2447e+00 (1.2617e+00)
Epoch 34 complete. Saving model state...
Epoch: [35][10/23]	L_Src_Sup 2.6477e-01 (2.7294e-01)	L_Trg_Inj 2.8524e-01 (4.6111e-01)	Loss Disc 6.8664e-01 (6.8824e-01)	Loss Pred 8.4170e-01 (8.3387e-01)	Loss TOTAL 1.2400e+00 (1.2523e+00)
Epoch: [35][20/23]	L_Src_Sup 1.5347e-01 (2.5315e-01)	L_Trg_Inj 2.0089e-01 (3.7753e-01)	Loss Disc 6.9143e-01 (6.8984e-01)	Loss Pred 8.3026e-01 (8.3100e-01)	Loss TOTAL 1.2114e+00 (1.2424e+00)
Epoch: [35][23/23]	L_Src_Sup 2.8174e-01 (2.4916e-01)	L_Trg_Inj 3.4110e-01 (3.6279e-01)	Loss Disc 7.0034e-01 (6.9080e-01)	Loss Pred 8.0503e-01 (8.2888e-01)	Loss TOTAL 1.2175e+00 (1.2432e+00)
Epoch 35 complete. Saving model state...
Epoch: [36][10/23]	L_Src_Sup 3.8166e-01 (2.2240e-01)	L_Trg_Inj 3.8267e-01 (3.0633e-01)	Loss Disc 6.8830e-01 (6.9075e-01)	Loss Pred 8.0404e-01 (8.1737e-01)	Loss TOTAL 1.2246e+00 (1.2242e+00)
Epoch: [36][20/23]	L_Src_Sup 2.4488e-01 (2.2605e-01)	L_Trg_Inj 2.4008e-01 (3.5646e-01)	Loss Disc 6.8937e-01 (6.8910e-01)	Loss Pred 8.2817e-01 (8.1955e-01)	Loss TOTAL 1.2262e+00 (1.2273e+00)
Epoch: [36][23/23]	L_Src_Sup 2.2523e-01 (2.2132e-01)	L_Trg_Inj 4.4977e-01 (3.7395e-01)	Loss Disc 6.8730e-01 (6.8856e-01)	Loss Pred 8.1512e-01 (8.1897e-01)	Loss TOTAL 1.2263e+00 (1.2271e+00)
Epoch 36 complete. Saving model state...
Epoch: [37][10/23]	L_Src_Sup 2.5129e-01 (1.9837e-01)	L_Trg_Inj 5.3284e-01 (4.0372e-01)	Loss Disc 6.7757e-01 (6.8413e-01)	Loss Pred 8.2410e-01 (8.1296e-01)	Loss TOTAL 1.2413e+00 (1.2288e+00)
Epoch: [37][20/23]	L_Src_Sup 2.5276e-01 (2.1088e-01)	L_Trg_Inj 4.5223e-01 (4.1166e-01)	Loss Disc 6.7953e-01 (6.8171e-01)	Loss Pred 8.1706e-01 (8.1246e-01)	Loss TOTAL 1.2273e+00 (1.2276e+00)
Epoch: [37][23/23]	L_Src_Sup 1.8049e-01 (2.0722e-01)	L_Trg_Inj 3.7776e-01 (4.1348e-01)	Loss Disc 6.9014e-01 (6.8204e-01)	Loss Pred 8.0249e-01 (8.1147e-01)	Loss TOTAL 1.2034e+00 (1.2251e+00)
Epoch 37 complete. Saving model state...
Epoch: [38][10/23]	L_Src_Sup 2.4148e-01 (2.0040e-01)	L_Trg_Inj 4.4569e-01 (2.9944e-01)	Loss Disc 6.8365e-01 (6.9286e-01)	Loss Pred 8.1459e-01 (8.0375e-01)	Loss TOTAL 1.2251e+00 (1.2234e+00)
Epoch: [38][20/23]	L_Src_Sup 1.9674e-01 (2.1048e-01)	L_Trg_Inj 2.3257e-01 (3.3602e-01)	Loss Disc 6.7769e-01 (6.8848e-01)	Loss Pred 7.7860e-01 (8.0738e-01)	Loss TOTAL 1.1604e+00 (1.2189e+00)
Epoch: [38][23/23]	L_Src_Sup 2.4149e-01 (2.0947e-01)	L_Trg_Inj 5.3325e-02 (3.1696e-01)	Loss Disc 6.9209e-01 (6.8814e-01)	Loss Pred 8.2587e-01 (8.0798e-01)	Loss TOTAL 1.3896e+00 (1.2238e+00)
Epoch 38 complete. Saving model state...
Epoch: [39][10/23]	L_Src_Sup 2.4498e-01 (2.4568e-01)	L_Trg_Inj 6.7083e-01 (4.7155e-01)	Loss Disc 6.7457e-01 (6.8435e-01)	Loss Pred 8.3818e-01 (8.0911e-01)	Loss TOTAL 1.2670e+00 (1.2270e+00)
Epoch: [39][20/23]	L_Src_Sup 2.0047e-01 (2.2444e-01)	L_Trg_Inj 1.5352e-01 (4.4003e-01)	Loss Disc 6.8390e-01 (6.7965e-01)	Loss Pred 8.0388e-01 (8.0459e-01)	Loss TOTAL 1.2282e+00 (1.2152e+00)
Epoch: [39][23/23]	L_Src_Sup 2.4681e-01 (2.1961e-01)	L_Trg_Inj 4.4865e-01 (4.3532e-01)	Loss Disc 7.0030e-01 (6.8136e-01)	Loss Pred 7.8022e-01 (8.0483e-01)	Loss TOTAL 1.1999e+00 (1.2148e+00)
Epoch 39 complete. Saving model state...
Epoch: [40][10/23]	L_Src_Sup 2.0498e-01 (2.4469e-01)	L_Trg_Inj 5.8317e-01 (3.7706e-01)	Loss Disc 6.8148e-01 (6.9559e-01)	Loss Pred 7.9988e-01 (8.0120e-01)	Loss TOTAL 1.2194e+00 (1.2159e+00)
Epoch: [40][20/23]	L_Src_Sup 1.6209e-01 (2.0364e-01)	L_Trg_Inj 4.0450e-01 (3.7640e-01)	Loss Disc 6.8938e-01 (6.8907e-01)	Loss Pred 7.9941e-01 (8.0112e-01)	Loss TOTAL 1.2008e+00 (1.2076e+00)
Epoch: [40][23/23]	L_Src_Sup 4.2348e-01 (2.1501e-01)	L_Trg_Inj 4.4400e-01 (3.9717e-01)	Loss Disc 6.9001e-01 (6.8861e-01)	Loss Pred 8.2020e-01 (8.0165e-01)	Loss TOTAL 1.2519e+00 (1.2106e+00)
Epoch 40 complete. Saving model state...
Epoch: [41][10/23]	L_Src_Sup 1.6600e-01 (2.0791e-01)	L_Trg_Inj 3.3312e-01 (3.2290e-01)	Loss Disc 6.8877e-01 (6.9041e-01)	Loss Pred 7.9271e-01 (8.0314e-01)	Loss TOTAL 1.1870e+00 (1.2054e+00)
Epoch: [41][20/23]	L_Src_Sup 2.5215e-01 (2.2278e-01)	L_Trg_Inj 4.5719e-01 (3.2236e-01)	Loss Disc 6.8189e-01 (6.8933e-01)	Loss Pred 7.9442e-01 (7.9957e-01)	Loss TOTAL 1.2063e+00 (1.2134e+00)
Epoch: [41][23/23]	L_Src_Sup 2.0506e-01 (2.2253e-01)	L_Trg_Inj 3.7382e-01 (3.3195e-01)	Loss Disc 6.8457e-01 (6.8874e-01)	Loss Pred 8.0962e-01 (7.9919e-01)	Loss TOTAL 1.2098e+00 (1.2117e+00)
Epoch 41 complete. Saving model state...
Epoch: [42][10/23]	L_Src_Sup 2.0342e-01 (2.6663e-01)	L_Trg_Inj 3.3340e-01 (3.4930e-01)	Loss Disc 6.8171e-01 (6.8472e-01)	Loss Pred 8.1038e-01 (7.9759e-01)	Loss TOTAL 1.2049e+00 (1.2054e+00)
Epoch: [42][20/23]	L_Src_Sup 2.3524e-01 (2.4443e-01)	L_Trg_Inj 2.8274e-01 (3.4611e-01)	Loss Disc 6.8019e-01 (6.8350e-01)	Loss Pred 7.9976e-01 (7.9685e-01)	Loss TOTAL 1.1916e+00 (1.2083e+00)
Epoch: [42][23/23]	L_Src_Sup 1.7526e-01 (2.3500e-01)	L_Trg_Inj 3.7755e-01 (3.3895e-01)	Loss Disc 6.8364e-01 (6.8359e-01)	Loss Pred 8.1169e-01 (7.9775e-01)	Loss TOTAL 1.2088e+00 (1.2068e+00)
Epoch 42 complete. Saving model state...
Epoch: [43][10/23]	L_Src_Sup 2.2500e-01 (2.0918e-01)	L_Trg_Inj 2.7577e-01 (3.2333e-01)	Loss Disc 6.8599e-01 (6.8613e-01)	Loss Pred 8.0668e-01 (7.9728e-01)	Loss TOTAL 1.1998e+00 (1.1947e+00)
Epoch: [43][20/23]	L_Src_Sup 2.6644e-01 (2.0710e-01)	L_Trg_Inj 2.3784e-01 (3.0483e-01)	Loss Disc 6.9554e-01 (6.8569e-01)	Loss Pred 8.1351e-01 (7.9640e-01)	Loss TOTAL 1.2403e+00 (1.2018e+00)
Epoch: [43][23/23]	L_Src_Sup 2.1283e-01 (2.0971e-01)	L_Trg_Inj 2.9850e-01 (3.0821e-01)	Loss Disc 6.8998e-01 (6.8578e-01)	Loss Pred 8.1235e-01 (7.9652e-01)	Loss TOTAL 1.2085e+00 (1.2011e+00)
Epoch 43 complete. Saving model state...
Epoch: [44][10/23]	L_Src_Sup 2.5225e-01 (2.0081e-01)	L_Trg_Inj 4.1102e-01 (3.2714e-01)	Loss Disc 6.8260e-01 (6.8509e-01)	Loss Pred 8.0043e-01 (7.9088e-01)	Loss TOTAL 1.2081e+00 (1.1866e+00)
Epoch: [44][20/23]	L_Src_Sup 1.9156e-01 (2.4491e-01)	L_Trg_Inj 7.6743e-01 (4.5520e-01)	Loss Disc 6.7003e-01 (6.8160e-01)	Loss Pred 8.1280e-01 (7.9590e-01)	Loss TOTAL 1.2437e+00 (1.2150e+00)
Epoch: [44][23/23]	L_Src_Sup 1.4391e-01 (2.4051e-01)	L_Trg_Inj 4.6026e-01 (4.6686e-01)	Loss Disc 6.7936e-01 (6.8086e-01)	Loss Pred 7.8382e-01 (7.9479e-01)	Loss TOTAL 1.1839e+00 (1.2131e+00)
Epoch 44 complete. Saving model state...
Epoch: [45][10/23]	L_Src_Sup 1.4964e-01 (2.3974e-01)	L_Trg_Inj 5.8310e-01 (4.3070e-01)	Loss Disc 6.7602e-01 (6.8043e-01)	Loss Pred 8.0819e-01 (7.9689e-01)	Loss TOTAL 1.2195e+00 (1.2072e+00)
Epoch: [45][20/23]	L_Src_Sup 2.7964e-02 (1.9740e-01)	L_Trg_Inj 4.7132e-01 (3.6977e-01)	Loss Disc 6.9144e-01 (6.8528e-01)	Loss Pred 7.7784e-01 (7.9419e-01)	Loss TOTAL 1.1735e+00 (1.1996e+00)
Epoch: [45][23/23]	L_Src_Sup 2.1744e-01 (2.0268e-01)	L_Trg_Inj 3.3345e-01 (3.6600e-01)	Loss Disc 6.8301e-01 (6.8546e-01)	Loss Pred 7.9762e-01 (7.9495e-01)	Loss TOTAL 1.1942e+00 (1.1998e+00)
Epoch 45 complete. Saving model state...
Epoch: [46][10/23]	L_Src_Sup 2.9594e-01 (2.1745e-01)	L_Trg_Inj 1.9776e-01 (2.6870e-01)	Loss Disc 6.9558e-01 (6.8793e-01)	Loss Pred 8.0492e-01 (7.9960e-01)	Loss TOTAL 1.3003e+00 (1.2022e+00)
Epoch: [46][20/23]	L_Src_Sup 1.0109e-01 (2.0221e-01)	L_Trg_Inj 2.1597e-01 (3.0739e-01)	Loss Disc 6.8683e-01 (6.8670e-01)	Loss Pred 7.6048e-01 (7.9277e-01)	Loss TOTAL 1.1356e+00 (1.1923e+00)
Epoch: [46][23/23]	L_Src_Sup 9.9374e-02 (1.9402e-01)	L_Trg_Inj 5.1288e-01 (3.1198e-01)	Loss Disc 6.7960e-01 (6.8622e-01)	Loss Pred 8.0517e-01 (7.9386e-01)	Loss TOTAL 1.2062e+00 (1.1934e+00)
Epoch 46 complete. Saving model state...
Epoch: [47][10/23]	L_Src_Sup 1.4799e-01 (1.8507e-01)	L_Trg_Inj 1.5067e-01 (3.1632e-01)	Loss Disc 6.9116e-01 (6.8528e-01)	Loss Pred 7.8412e-01 (7.8506e-01)	Loss TOTAL 1.1596e+00 (1.1778e+00)
Epoch: [47][20/23]	L_Src_Sup 2.3577e-01 (1.8197e-01)	L_Trg_Inj 3.1347e-01 (2.8805e-01)	Loss Disc 6.8351e-01 (6.8656e-01)	Loss Pred 7.9696e-01 (7.8755e-01)	Loss TOTAL 1.1936e+00 (1.1836e+00)
Epoch: [47][23/23]	L_Src_Sup 1.9058e-01 (1.8442e-01)	L_Trg_Inj 3.0390e-01 (2.8941e-01)	Loss Disc 6.8352e-01 (6.8638e-01)	Loss Pred 8.0411e-01 (7.9142e-01)	Loss TOTAL 1.1953e+00 (1.1870e+00)
Epoch 47 complete. Saving model state...
Epoch: [48][10/23]	L_Src_Sup 2.2034e-01 (2.3022e-01)	L_Trg_Inj 3.9073e-01 (3.5078e-01)	Loss Disc 6.8465e-01 (6.8467e-01)	Loss Pred 8.0609e-01 (7.9493e-01)	Loss TOTAL 1.2095e+00 (1.2104e+00)
Epoch: [48][20/23]	L_Src_Sup 2.0424e-01 (2.2782e-01)	L_Trg_Inj 4.5517e-01 (3.6669e-01)	Loss Disc 6.8137e-01 (6.8432e-01)	Loss Pred 7.7435e-01 (7.9213e-01)	Loss TOTAL 1.1810e+00 (1.2021e+00)
Epoch: [48][23/23]	L_Src_Sup 2.1542e-01 (2.3386e-01)	L_Trg_Inj 4.5007e-01 (3.7050e-01)	Loss Disc 6.8683e-01 (6.8458e-01)	Loss Pred 7.6992e-01 (7.8970e-01)	Loss TOTAL 1.1799e+00 (1.2001e+00)
Epoch 48 complete. Saving model state...
Epoch: [49][10/23]	L_Src_Sup 1.3792e-01 (1.9280e-01)	L_Trg_Inj 5.6173e-01 (4.4384e-01)	Loss Disc 6.7346e-01 (6.8061e-01)	Loss Pred 7.9577e-01 (7.9891e-01)	Loss TOTAL 1.2025e+00 (1.2046e+00)
Epoch: [49][20/23]	L_Src_Sup 2.2972e-01 (2.0326e-01)	L_Trg_Inj 1.8728e-01 (4.0192e-01)	Loss Disc 6.8806e-01 (6.8035e-01)	Loss Pred 7.6887e-01 (7.9283e-01)	Loss TOTAL 1.1970e+00 (1.1965e+00)
Epoch: [49][23/23]	L_Src_Sup 1.9251e-01 (1.9523e-01)	L_Trg_Inj 3.6678e-01 (4.0152e-01)	Loss Disc 6.9085e-01 (6.8116e-01)	Loss Pred 7.4961e-01 (7.9059e-01)	Loss TOTAL 1.1510e+00 (1.1934e+00)
Epoch 49 complete. Saving model state...
