Using device: cuda
Loading Source Train...
Using Mean/Std calculated from Source Train (mean[0]=21.16112037037037, std[0]=2.0999530785265255)
Loading Source Val...
Loading Target Train...
Loading Target Val...
Epoch: [0][10/75]	L_Src_Sup 1.1968e+00 (1.5843e+00)	L_Trg_Inj 1.1529e+00 (1.5320e+00)	Loss Disc 7.1906e-01 (7.2221e-01)	Loss Pred 1.5965e+00 (1.5920e+00)	Loss TOTAL 2.2350e+00 (2.3197e+00)
Epoch: [0][20/75]	L_Src_Sup 1.5369e-01 (1.0299e+00)	L_Trg_Inj 4.1558e-02 (9.9678e-01)	Loss Disc 7.0960e-01 (7.1818e-01)	Loss Pred 1.5858e+00 (1.5918e+00)	Loss TOTAL 2.0723e+00 (2.2411e+00)
Epoch: [0][30/75]	L_Src_Sup 1.2301e-01 (7.7160e-01)	L_Trg_Inj 3.1644e-01 (6.9778e-01)	Loss Disc 7.0029e-01 (7.1351e-01)	Loss Pred 1.5874e+00 (1.5879e+00)	Loss TOTAL 1.9815e+00 (2.2131e+00)
Epoch: [0][40/75]	L_Src_Sup 0.0000e+00 (6.4977e-01)	L_Trg_Inj 8.6662e-02 (6.0056e-01)	Loss Disc 6.9604e-01 (7.0955e-01)	Loss Pred 1.5535e+00 (1.5774e+00)	Loss TOTAL 1.9102e+00 (2.1670e+00)
Epoch: [0][50/75]	L_Src_Sup 1.9384e+00 (7.7204e-01)	L_Trg_Inj 1.9462e+00 (7.2555e-01)	Loss Disc 6.9560e-01 (7.0680e-01)	Loss Pred 1.5201e+00 (1.5680e+00)	Loss TOTAL 2.2564e+00 (2.1693e+00)
Epoch: [0][60/75]	L_Src_Sup 1.0772e-01 (8.2666e-01)	L_Trg_Inj 2.4360e-01 (8.0011e-01)	Loss Disc 6.9428e-01 (7.0478e-01)	Loss Pred 1.5134e+00 (1.5589e+00)	Loss TOTAL 1.8957e+00 (2.1564e+00)
Epoch: [0][70/75]	L_Src_Sup 1.1049e-01 (7.3975e-01)	L_Trg_Inj 1.6054e-01 (7.2958e-01)	Loss Disc 6.9378e-01 (7.0325e-01)	Loss Pred 1.4367e+00 (1.5478e+00)	Loss TOTAL 1.8107e+00 (2.1210e+00)
Epoch: [0][75/75]	L_Src_Sup 4.6461e-01 (7.1694e-01)	L_Trg_Inj 5.7377e-01 (7.1124e-01)	Loss Disc 6.9390e-01 (7.0262e-01)	Loss Pred 1.4859e+00 (1.5427e+00)	Loss TOTAL 1.9367e+00 (2.1097e+00)
VALIDATION RESULTS
Epoch: [0][12/12]	L_Src_Sup 1.0306e-01 (1.6795e-01)	L_Trg_Inj 5.8082e-02 (4.4826e-02)	Loss Disc 6.9352e-01 (6.9357e-01)	Loss Pred 1.4505e+00 (1.4656e+00)	Loss TOTAL 1.8583e+00 (1.9652e+00)
VALIDATION SOURCE PREDICTIONS
AUPRC score is : 1.0000 
Best F1 score is : 1.0000 
VALIDATION TARGET PREDICTIONS
AUPRC score is : 1.0000 
Best F1 score is : 0.9995 
Epoch: [1][10/75]	L_Src_Sup 4.4746e-01 (3.0733e-01)	L_Trg_Inj 4.4875e-01 (3.5215e-01)	Loss Disc 6.9372e-01 (6.9368e-01)	Loss Pred 1.4090e+00 (1.4420e+00)	Loss TOTAL 1.8455e+00 (1.9072e+00)
Epoch: [1][20/75]	L_Src_Sup 2.3935e-02 (3.4742e-01)	L_Trg_Inj 4.3253e-01 (4.4666e-01)	Loss Disc 6.9342e-01 (6.9364e-01)	Loss Pred 1.4185e+00 (1.4321e+00)	Loss TOTAL 1.8108e+00 (1.9064e+00)
Epoch: [1][30/75]	L_Src_Sup 3.4792e-01 (2.8643e-01)	L_Trg_Inj 2.5184e-01 (3.9088e-01)	Loss Disc 6.9320e-01 (6.9352e-01)	Loss Pred 1.3872e+00 (1.4200e+00)	Loss TOTAL 1.8899e+00 (1.8772e+00)
Epoch: [1][40/75]	L_Src_Sup 1.3047e+00 (3.6078e-01)	L_Trg_Inj 1.5110e+00 (4.8012e-01)	Loss Disc 6.9349e-01 (6.9349e-01)	Loss Pred 1.3359e+00 (1.4043e+00)	Loss TOTAL 1.9642e+00 (1.8675e+00)
Epoch: [1][50/75]	L_Src_Sup 5.3561e-01 (3.3155e-01)	L_Trg_Inj 3.4398e-01 (4.4873e-01)	Loss Disc 6.9251e-01 (6.9336e-01)	Loss Pred 1.3277e+00 (1.3931e+00)	Loss TOTAL 1.9536e+00 (1.8537e+00)
Epoch: [1][60/75]	L_Src_Sup 3.4335e-01 (3.5402e-01)	L_Trg_Inj 3.6874e-01 (4.6156e-01)	Loss Disc 6.9266e-01 (6.9327e-01)	Loss Pred 1.3324e+00 (1.3825e+00)	Loss TOTAL 1.7499e+00 (1.8494e+00)
Epoch: [1][70/75]	L_Src_Sup 2.1582e-01 (3.4379e-01)	L_Trg_Inj 5.8259e-01 (4.5198e-01)	Loss Disc 6.9238e-01 (6.9316e-01)	Loss Pred 1.2967e+00 (1.3697e+00)	Loss TOTAL 1.7228e+00 (1.8306e+00)
Epoch: [1][75/75]	L_Src_Sup 2.5063e-01 (3.3280e-01)	L_Trg_Inj 3.3814e-01 (4.5218e-01)	Loss Disc 6.9263e-01 (6.9310e-01)	Loss Pred 1.3029e+00 (1.3642e+00)	Loss TOTAL 1.7081e+00 (1.8217e+00)
VALIDATION RESULTS
Epoch: [1][12/12]	L_Src_Sup 4.0341e-01 (2.1481e-01)	L_Trg_Inj 1.0087e-01 (8.4715e-02)	Loss Disc 6.9307e-01 (6.9333e-01)	Loss Pred 1.2897e+00 (1.2818e+00)	Loss TOTAL 1.9892e+00 (1.7955e+00)
VALIDATION SOURCE PREDICTIONS
AUPRC score is : 1.0000 
Best F1 score is : 0.9991 
VALIDATION TARGET PREDICTIONS
AUPRC score is : 0.9973 
Best F1 score is : 0.9845 
Epoch: [2][10/75]	L_Src_Sup 5.4764e-01 (1.6588e-01)	L_Trg_Inj 2.5103e-01 (2.5797e-01)	Loss Disc 6.9208e-01 (6.9206e-01)	Loss Pred 1.2705e+00 (1.2710e+00)	Loss TOTAL 1.9930e+00 (1.7070e+00)
Epoch: [2][20/75]	L_Src_Sup 3.5961e-01 (2.2716e-01)	L_Trg_Inj 4.8769e-01 (3.4951e-01)	Loss Disc 6.9175e-01 (6.9194e-01)	Loss Pred 1.2376e+00 (1.2608e+00)	Loss TOTAL 1.6683e+00 (1.7024e+00)
Epoch: [2][30/75]	L_Src_Sup 3.6050e-01 (2.3724e-01)	L_Trg_Inj 5.2078e-01 (3.7129e-01)	Loss Disc 6.9085e-01 (6.9183e-01)	Loss Pred 1.2207e+00 (1.2495e+00)	Loss TOTAL 1.6542e+00 (1.6867e+00)
Epoch: [2][40/75]	L_Src_Sup 3.0818e-01 (2.5504e-01)	L_Trg_Inj 3.0015e-01 (3.8267e-01)	Loss Disc 6.9090e-01 (6.9181e-01)	Loss Pred 1.2045e+00 (1.2404e+00)	Loss TOTAL 1.6188e+00 (1.6836e+00)
Epoch: [2][50/75]	L_Src_Sup 2.5056e-01 (2.5864e-01)	L_Trg_Inj 3.3394e-01 (3.9712e-01)	Loss Disc 6.9074e-01 (6.9176e-01)	Loss Pred 1.2013e+00 (1.2321e+00)	Loss TOTAL 1.6051e+00 (1.6704e+00)
Epoch: [2][60/75]	L_Src_Sup 8.3472e-02 (2.4915e-01)	L_Trg_Inj 5.0622e-01 (3.9327e-01)	Loss Disc 6.9089e-01 (6.9162e-01)	Loss Pred 1.1676e+00 (1.2217e+00)	Loss TOTAL 1.5720e+00 (1.6565e+00)
Epoch: [2][70/75]	L_Src_Sup 1.8231e-01 (2.4700e-01)	L_Trg_Inj 5.5862e-01 (3.9321e-01)	Loss Disc 6.8984e-01 (6.9169e-01)	Loss Pred 1.1353e+00 (1.2124e+00)	Loss TOTAL 1.5543e+00 (1.6528e+00)
Epoch: [2][75/75]	L_Src_Sup 1.1779e-01 (2.4212e-01)	L_Trg_Inj 3.2575e-01 (3.9229e-01)	Loss Disc 6.9229e-01 (6.9170e-01)	Loss Pred 1.1354e+00 (1.2078e+00)	Loss TOTAL 1.5259e+00 (1.6456e+00)
VALIDATION RESULTS
Epoch: [2][12/12]	L_Src_Sup 0.0000e+00 (1.4869e-01)	L_Trg_Inj 9.5634e-02 (9.2747e-02)	Loss Disc 6.9399e-01 (6.9433e-01)	Loss Pred 1.1412e+00 (1.1391e+00)	Loss TOTAL 1.4978e+00 (1.5887e+00)
VALIDATION SOURCE PREDICTIONS
AUPRC score is : 0.9999 
Best F1 score is : 0.9987 
VALIDATION TARGET PREDICTIONS
AUPRC score is : 0.9954 
Best F1 score is : 0.9755 
Epoch: [3][10/75]	L_Src_Sup 1.9901e+00 (1.3467e+00)	L_Trg_Inj 1.9936e+00 (1.3816e+00)	Loss Disc 6.9305e-01 (6.9248e-01)	Loss Pred 1.1765e+00 (1.1628e+00)	Loss TOTAL 1.9214e+00 (1.8191e+00)
Epoch: [3][20/75]	L_Src_Sup 1.9648e+00 (1.6634e+00)	L_Trg_Inj 1.9700e+00 (1.6834e+00)	Loss Disc 6.9315e-01 (6.9270e-01)	Loss Pred 1.1311e+00 (1.1602e+00)	Loss TOTAL 1.8712e+00 (1.8599e+00)
Epoch: [3][30/75]	L_Src_Sup 2.9341e-02 (1.6185e+00)	L_Trg_Inj 4.2950e-01 (1.6655e+00)	Loss Disc 6.8979e-01 (6.9259e-01)	Loss Pred 1.1176e+00 (1.1467e+00)	Loss TOTAL 1.5084e+00 (1.8338e+00)
Epoch: [3][40/75]	L_Src_Sup 3.8117e-01 (1.2629e+00)	L_Trg_Inj 4.6276e-01 (1.3346e+00)	Loss Disc 6.9137e-01 (6.9243e-01)	Loss Pred 1.0736e+00 (1.1340e+00)	Loss TOTAL 1.5037e+00 (1.7533e+00)
Epoch: [3][50/75]	L_Src_Sup 2.1933e-02 (1.0400e+00)	L_Trg_Inj 4.8585e-01 (1.1564e+00)	Loss Disc 6.9273e-01 (6.9217e-01)	Loss Pred 1.0681e+00 (1.1209e+00)	Loss TOTAL 1.4652e+00 (1.6997e+00)
Epoch: [3][60/75]	L_Src_Sup 2.3143e-01 (8.9202e-01)	L_Trg_Inj 4.5247e-01 (1.0328e+00)	Loss Disc 6.9152e-01 (6.9197e-01)	Loss Pred 1.0450e+00 (1.1091e+00)	Loss TOTAL 1.4592e+00 (1.6596e+00)
Epoch: [3][70/75]	L_Src_Sup 1.7266e-01 (7.9332e-01)	L_Trg_Inj 5.3330e-01 (9.3979e-01)	Loss Disc 6.9057e-01 (6.9182e-01)	Loss Pred 1.0318e+00 (1.0988e+00)	Loss TOTAL 1.4477e+00 (1.6303e+00)
Epoch: [3][75/75]	L_Src_Sup 0.0000e+00 (7.5205e-01)	L_Trg_Inj 3.0908e-01 (9.0395e-01)	Loss Disc 6.9086e-01 (6.9174e-01)	Loss Pred 1.0223e+00 (1.0939e+00)	Loss TOTAL 1.3986e+00 (1.6168e+00)
VALIDATION RESULTS
Epoch: [3][12/12]	L_Src_Sup 3.8558e-01 (2.1132e-01)	L_Trg_Inj 4.1574e-02 (3.5848e-02)	Loss Disc 6.9535e-01 (6.9561e-01)	Loss Pred 1.0163e+00 (1.0165e+00)	Loss TOTAL 1.7507e+00 (1.5694e+00)
VALIDATION SOURCE PREDICTIONS
AUPRC score is : 1.0000 
Best F1 score is : 0.9996 
VALIDATION TARGET PREDICTIONS
AUPRC score is : 0.9964 
Best F1 score is : 0.9794 
Epoch: [4][10/75]	L_Src_Sup 1.6836e-01 (1.5763e-01)	L_Trg_Inj 3.8338e-01 (3.6618e-01)	Loss Disc 6.8931e-01 (6.9108e-01)	Loss Pred 1.0072e+00 (1.0149e+00)	Loss TOTAL 1.4070e+00 (1.4253e+00)
Epoch: [4][20/75]	L_Src_Sup 1.7406e-01 (1.7088e-01)	L_Trg_Inj 2.6904e-01 (3.5783e-01)	Loss Disc 6.9029e-01 (6.9051e-01)	Loss Pred 9.9288e-01 (1.0070e+00)	Loss TOTAL 1.3823e+00 (1.4141e+00)
Epoch: [4][30/75]	L_Src_Sup 0.0000e+00 (1.6117e-01)	L_Trg_Inj 4.0433e-01 (3.3745e-01)	Loss Disc 6.8965e-01 (6.9056e-01)	Loss Pred 9.7879e-01 (9.9981e-01)	Loss TOTAL 1.3640e+00 (1.4162e+00)
Epoch: [4][40/75]	L_Src_Sup 8.4714e-01 (1.8745e-01)	L_Trg_Inj 4.2871e-01 (3.4858e-01)	Loss Disc 6.9022e-01 (6.9060e-01)	Loss Pred 9.6525e-01 (9.9278e-01)	Loss TOTAL 1.8564e+00 (1.4196e+00)
Epoch: [4][50/75]	L_Src_Sup 4.0432e-01 (1.8330e-01)	L_Trg_Inj 2.9136e-01 (3.3705e-01)	Loss Disc 6.9236e-01 (6.9065e-01)	Loss Pred 9.5472e-01 (9.8582e-01)	Loss TOTAL 1.4834e+00 (1.4083e+00)
Epoch: [4][60/75]	L_Src_Sup 0.0000e+00 (2.0470e-01)	L_Trg_Inj 3.7589e-01 (3.5243e-01)	Loss Disc 6.9181e-01 (6.9058e-01)	Loss Pred 9.3895e-01 (9.7918e-01)	Loss TOTAL 1.3224e+00 (1.4105e+00)
Epoch: [4][70/75]	L_Src_Sup 1.1117e-01 (2.0328e-01)	L_Trg_Inj 3.1935e-01 (3.5785e-01)	Loss Disc 6.9154e-01 (6.9045e-01)	Loss Pred 9.3097e-01 (9.7296e-01)	Loss TOTAL 1.3198e+00 (1.4037e+00)
Epoch: [4][75/75]	L_Src_Sup 4.6211e-01 (2.1301e-01)	L_Trg_Inj 2.3289e-01 (3.5846e-01)	Loss Disc 6.9005e-01 (6.9043e-01)	Loss Pred 9.2324e-01 (9.6989e-01)	Loss TOTAL 1.5670e+00 (1.4051e+00)
VALIDATION RESULTS
Epoch: [4][12/12]	L_Src_Sup 4.1734e-01 (3.1353e-01)	L_Trg_Inj 1.3068e-01 (1.0754e-01)	Loss Disc 6.9567e-01 (6.9602e-01)	Loss Pred 9.1037e-01 (9.1484e-01)	Loss TOTAL 1.5997e+00 (1.5109e+00)
VALIDATION SOURCE PREDICTIONS
AUPRC score is : 1.0000 
Best F1 score is : 1.0000 
VALIDATION TARGET PREDICTIONS
AUPRC score is : 0.9657 
Best F1 score is : 0.9502 
