Using device: cuda
Epoch: [0][ 10/196]	L_Src_Sup 1.9997e+00 (2.0000e+00)	L_Trg_Inj 1.9996e+00 (1.9983e+00)	Loss Disc 7.1907e-01 (7.2221e-01)	Loss Pred 1.6424e+00 (1.6539e+00)	Loss TOTAL 2.4020e+00 (2.4166e+00)
Epoch: [0][ 20/196]	L_Src_Sup 1.9993e+00 (1.9999e+00)	L_Trg_Inj 2.0000e+00 (1.9991e+00)	Loss Disc 7.0882e-01 (7.1799e-01)	Loss Pred 1.6031e+00 (1.6359e+00)	Loss TOTAL 2.3574e+00 (2.3958e+00)
Epoch: [0][ 30/196]	L_Src_Sup 2.0002e+00 (1.9999e+00)	L_Trg_Inj 2.0000e+00 (1.9994e+00)	Loss Disc 6.9925e-01 (7.1302e-01)	Loss Pred 1.5843e+00 (1.6232e+00)	Loss TOTAL 2.3342e+00 (2.3803e+00)
Epoch: [0][ 40/196]	L_Src_Sup 1.9991e+00 (1.9998e+00)	L_Trg_Inj 1.9996e+00 (1.9995e+00)	Loss Disc 6.9559e-01 (7.0897e-01)	Loss Pred 1.5517e+00 (1.6106e+00)	Loss TOTAL 2.2993e+00 (2.3655e+00)
Epoch: [0][ 50/196]	L_Src_Sup 2.0002e+00 (1.9998e+00)	L_Trg_Inj 1.9999e+00 (1.9996e+00)	Loss Disc 6.9446e-01 (7.0614e-01)	Loss Pred 1.5266e+00 (1.5964e+00)	Loss TOTAL 2.2741e+00 (2.3498e+00)
Epoch: [0][ 60/196]	L_Src_Sup 2.0000e+00 (1.9998e+00)	L_Trg_Inj 1.9999e+00 (1.9996e+00)	Loss Disc 6.9402e-01 (7.0415e-01)	Loss Pred 1.5259e+00 (1.5843e+00)	Loss TOTAL 2.2729e+00 (2.3367e+00)
Epoch: [0][ 70/196]	L_Src_Sup 1.9993e+00 (1.9997e+00)	L_Trg_Inj 1.9999e+00 (1.9997e+00)	Loss Disc 6.9384e-01 (7.0269e-01)	Loss Pred 1.5002e+00 (1.5716e+00)	Loss TOTAL 2.2470e+00 (2.3232e+00)
Epoch: [0][ 80/196]	L_Src_Sup 1.9999e+00 (1.9997e+00)	L_Trg_Inj 1.9998e+00 (1.9997e+00)	Loss Disc 6.9370e-01 (7.0158e-01)	Loss Pred 1.4762e+00 (1.5598e+00)	Loss TOTAL 2.2231e+00 (2.3108e+00)
Epoch: [0][ 90/196]	L_Src_Sup 1.9987e+00 (1.9996e+00)	L_Trg_Inj 1.9997e+00 (1.9997e+00)	Loss Disc 6.9364e-01 (7.0070e-01)	Loss Pred 1.4480e+00 (1.5479e+00)	Loss TOTAL 2.1947e+00 (2.2985e+00)
Epoch: [0][100/196]	L_Src_Sup 2.0033e+00 (1.9997e+00)	L_Trg_Inj 1.9997e+00 (1.9995e+00)	Loss Disc 6.9355e-01 (6.9999e-01)	Loss Pred 1.4336e+00 (1.5366e+00)	Loss TOTAL 2.1843e+00 (2.2871e+00)
Epoch: [0][110/196]	L_Src_Sup 1.9996e+00 (1.9997e+00)	L_Trg_Inj 2.0000e+00 (1.9996e+00)	Loss Disc 6.9350e-01 (6.9940e-01)	Loss Pred 1.3888e+00 (1.5250e+00)	Loss TOTAL 2.1355e+00 (2.2751e+00)
Epoch: [0][120/196]	L_Src_Sup 1.9999e+00 (1.9997e+00)	L_Trg_Inj 1.9999e+00 (1.9996e+00)	Loss Disc 6.9350e-01 (6.9891e-01)	Loss Pred 1.3783e+00 (1.5126e+00)	Loss TOTAL 2.1251e+00 (2.2624e+00)
Epoch: [0][130/196]	L_Src_Sup 1.9997e+00 (1.9997e+00)	L_Trg_Inj 1.9998e+00 (1.9996e+00)	Loss Disc 6.9345e-01 (6.9849e-01)	Loss Pred 1.3583e+00 (1.5010e+00)	Loss TOTAL 2.1050e+00 (2.2506e+00)
Epoch: [0][140/196]	L_Src_Sup 1.9988e+00 (1.9996e+00)	L_Trg_Inj 1.9992e+00 (1.9996e+00)	Loss Disc 6.9344e-01 (6.9813e-01)	Loss Pred 1.3384e+00 (1.4896e+00)	Loss TOTAL 2.0849e+00 (2.2390e+00)
Epoch: [0][150/196]	L_Src_Sup 1.9972e+00 (1.9995e+00)	L_Trg_Inj 1.9995e+00 (1.9996e+00)	Loss Disc 6.9335e-01 (6.9782e-01)	Loss Pred 1.2977e+00 (1.4786e+00)	Loss TOTAL 2.0441e+00 (2.2277e+00)
Epoch: [0][160/196]	L_Src_Sup 2.0005e+00 (1.9995e+00)	L_Trg_Inj 1.9988e+00 (1.9995e+00)	Loss Disc 6.9314e-01 (6.9753e-01)	Loss Pred 1.3023e+00 (1.4676e+00)	Loss TOTAL 2.0505e+00 (2.2168e+00)
Epoch: [0][170/196]	L_Src_Sup 1.9974e+00 (1.9994e+00)	L_Trg_Inj 2.0000e+00 (1.9995e+00)	Loss Disc 6.9356e-01 (6.9728e-01)	Loss Pred 1.2939e+00 (1.4569e+00)	Loss TOTAL 2.0404e+00 (2.2059e+00)
Epoch: [0][180/196]	L_Src_Sup 1.9942e+00 (1.9992e+00)	L_Trg_Inj 1.9991e+00 (1.9995e+00)	Loss Disc 6.9280e-01 (6.9703e-01)	Loss Pred 1.2663e+00 (1.4461e+00)	Loss TOTAL 2.0120e+00 (2.1950e+00)
Epoch: [0][190/196]	L_Src_Sup 1.9972e+00 (1.9991e+00)	L_Trg_Inj 1.9994e+00 (1.9994e+00)	Loss Disc 6.9452e-01 (6.9681e-01)	Loss Pred 1.2218e+00 (1.4353e+00)	Loss TOTAL 1.9687e+00 (2.1841e+00)
Epoch: [0][196/196]	L_Src_Sup 1.9996e+00 (1.9991e+00)	L_Trg_Inj 1.9997e+00 (1.9994e+00)	Loss Disc 6.9356e-01 (6.9672e-01)	Loss Pred 1.2318e+00 (1.4292e+00)	Loss TOTAL 1.9785e+00 (2.1779e+00)
VALIDATION RESULTS
Epoch: [0][27/27]	L_Src_Sup 2.0009e+00 (2.0023e+00)	L_Trg_Inj 1.9997e+00 (1.9997e+00)	Loss Disc 6.9359e-01 (6.9359e-01)	Loss Pred 1.2265e+00 (1.2233e+00)	Loss TOTAL 1.9746e+00 (1.9730e+00)
VALIDATION SOURCE PREDICTIONS
AUPRC score is : 1.0000 
Best F1 score is : 1.0000 
VALIDATION TARGET PREDICTIONS
AUPRC score is : 0.9444 
Best F1 score is : 0.8636 
Epoch: [1][ 10/196]	L_Src_Sup 1.9924e+00 (1.9964e+00)	L_Trg_Inj 1.9995e+00 (1.9996e+00)	Loss Disc 6.9303e-01 (6.9320e-01)	Loss Pred 1.2132e+00 (1.2072e+00)	Loss TOTAL 1.9589e+00 (1.9536e+00)
Epoch: [1][ 20/196]	L_Src_Sup 1.9900e+00 (1.9949e+00)	L_Trg_Inj 1.9995e+00 (1.9994e+00)	Loss Disc 6.9168e-01 (6.9291e-01)	Loss Pred 1.1669e+00 (1.2006e+00)	Loss TOTAL 1.9117e+00 (1.9466e+00)
Epoch: [1][ 30/196]	L_Src_Sup 1.9948e+00 (1.9939e+00)	L_Trg_Inj 1.9979e+00 (1.9992e+00)	Loss Disc 6.8966e-01 (6.9242e-01)	Loss Pred 1.1440e+00 (1.1903e+00)	Loss TOTAL 1.8881e+00 (1.9358e+00)
Epoch: [1][ 40/196]	L_Src_Sup 1.9965e+00 (1.9935e+00)	L_Trg_Inj 1.9958e+00 (1.9985e+00)	Loss Disc 7.0171e-01 (6.9471e-01)	Loss Pred 1.1407e+00 (1.1805e+00)	Loss TOTAL 1.8916e+00 (1.9271e+00)
Epoch: [1][ 50/196]	L_Src_Sup 1.9982e+00 (1.9954e+00)	L_Trg_Inj 1.9996e+00 (1.9981e+00)	Loss Disc 6.9541e-01 (6.9523e-01)	Loss Pred 1.1161e+00 (1.1715e+00)	Loss TOTAL 1.8636e+00 (1.9200e+00)
Epoch: [1][ 60/196]	L_Src_Sup 1.9975e+00 (1.9957e+00)	L_Trg_Inj 1.9996e+00 (1.9984e+00)	Loss Disc 6.9419e-01 (6.9517e-01)	Loss Pred 1.1016e+00 (1.1621e+00)	Loss TOTAL 1.8484e+00 (1.9105e+00)
Epoch: [1][ 70/196]	L_Src_Sup 1.9966e+00 (1.9958e+00)	L_Trg_Inj 1.9999e+00 (1.9986e+00)	Loss Disc 6.9391e-01 (6.9502e-01)	Loss Pred 1.0891e+00 (1.1525e+00)	Loss TOTAL 1.8357e+00 (1.9006e+00)
Epoch: [1][ 80/196]	L_Src_Sup 2.0062e+00 (1.9960e+00)	L_Trg_Inj 1.9961e+00 (1.9986e+00)	Loss Disc 6.9294e-01 (6.9483e-01)	Loss Pred 1.0843e+00 (1.1434e+00)	Loss TOTAL 1.8411e+00 (1.8915e+00)
Epoch: [1][ 90/196]	L_Src_Sup 1.9950e+00 (1.9961e+00)	L_Trg_Inj 1.9994e+00 (1.9987e+00)	Loss Disc 6.9808e-01 (6.9432e-01)	Loss Pred 1.0598e+00 (1.1346e+00)	Loss TOTAL 1.8083e+00 (1.8823e+00)
Epoch: [1][100/196]	L_Src_Sup 1.9928e+00 (1.9960e+00)	L_Trg_Inj 1.9995e+00 (1.9988e+00)	Loss Disc 6.9429e-01 (6.9448e-01)	Loss Pred 1.0291e+00 (1.1254e+00)	Loss TOTAL 1.7755e+00 (1.8731e+00)
Epoch: [1][110/196]	L_Src_Sup 1.9945e+00 (1.9961e+00)	L_Trg_Inj 1.9991e+00 (1.9988e+00)	Loss Disc 6.9368e-01 (6.9439e-01)	Loss Pred 1.0032e+00 (1.1165e+00)	Loss TOTAL 1.7495e+00 (1.8642e+00)
Epoch: [1][120/196]	L_Src_Sup 1.9941e+00 (1.9959e+00)	L_Trg_Inj 1.9982e+00 (1.9988e+00)	Loss Disc 6.9347e-01 (6.9431e-01)	Loss Pred 1.0097e+00 (1.1076e+00)	Loss TOTAL 1.7557e+00 (1.8551e+00)
Epoch: [1][130/196]	L_Src_Sup 1.9951e+00 (1.9957e+00)	L_Trg_Inj 1.9981e+00 (1.9987e+00)	Loss Disc 6.9330e-01 (6.9424e-01)	Loss Pred 9.8116e-01 (1.0988e+00)	Loss TOTAL 1.7271e+00 (1.8462e+00)
Epoch: [1][140/196]	L_Src_Sup 1.9999e+00 (1.9956e+00)	L_Trg_Inj 1.9976e+00 (1.9987e+00)	Loss Disc 6.9321e-01 (6.9417e-01)	Loss Pred 9.7604e-01 (1.0904e+00)	Loss TOTAL 1.7247e+00 (1.8377e+00)
Epoch: [1][150/196]	L_Src_Sup 1.9987e+00 (1.9957e+00)	L_Trg_Inj 1.9996e+00 (1.9987e+00)	Loss Disc 6.9272e-01 (6.9408e-01)	Loss Pred 9.5491e-01 (1.0820e+00)	Loss TOTAL 1.7011e+00 (1.8293e+00)
Epoch: [1][160/196]	L_Src_Sup 1.9878e+00 (1.9954e+00)	L_Trg_Inj 1.9989e+00 (1.9988e+00)	Loss Disc 6.9233e-01 (6.9399e-01)	Loss Pred 9.3944e-01 (1.0736e+00)	Loss TOTAL 1.6843e+00 (1.8208e+00)
Epoch: [1][170/196]	L_Src_Sup 1.9979e+00 (1.9956e+00)	L_Trg_Inj 1.9996e+00 (1.9988e+00)	Loss Disc 6.9542e-01 (6.9404e-01)	Loss Pred 9.2254e-01 (1.0655e+00)	Loss TOTAL 1.6700e+00 (1.8130e+00)
Epoch: [1][180/196]	L_Src_Sup 1.9953e+00 (1.9957e+00)	L_Trg_Inj 1.9994e+00 (1.9988e+00)	Loss Disc 6.9214e-01 (6.9402e-01)	Loss Pred 9.1840e-01 (1.0573e+00)	Loss TOTAL 1.6639e+00 (1.8047e+00)
Epoch: [1][190/196]	L_Src_Sup 1.9962e+00 (1.9957e+00)	L_Trg_Inj 1.9996e+00 (1.9988e+00)	Loss Disc 6.6696e-01 (6.9338e-01)	Loss Pred 9.0240e-01 (1.0494e+00)	Loss TOTAL 1.6355e+00 (1.7964e+00)
Epoch: [1][196/196]	L_Src_Sup 1.9938e+00 (1.9957e+00)	L_Trg_Inj 1.9994e+00 (1.9988e+00)	Loss Disc 7.0931e-01 (6.9351e-01)	Loss Pred 8.8655e-01 (1.0446e+00)	Loss TOTAL 1.6405e+00 (1.7917e+00)
VALIDATION RESULTS
Epoch: [1][27/27]	L_Src_Sup 1.9984e+00 (1.9946e+00)	L_Trg_Inj 1.9997e+00 (1.9997e+00)	Loss Disc 7.0258e-01 (7.0166e-01)	Loss Pred 8.8251e-01 (8.8665e-01)	Loss TOTAL 1.6336e+00 (1.6369e+00)
VALIDATION SOURCE PREDICTIONS
AUPRC score is : 1.0000 
Best F1 score is : 1.0000 
VALIDATION TARGET PREDICTIONS
AUPRC score is : 0.9927 
Best F1 score is : 0.9543 
Epoch: [2][ 10/196]	L_Src_Sup 1.9852e+00 (1.9927e+00)	L_Trg_Inj 1.9996e+00 (1.9996e+00)	Loss Disc 6.9403e-01 (6.9555e-01)	Loss Pred 8.7099e-01 (8.8085e-01)	Loss TOTAL 1.6165e+00 (1.6279e+00)
Epoch: [2][ 20/196]	L_Src_Sup 2.0001e+00 (1.9953e+00)	L_Trg_Inj 1.9994e+00 (1.9994e+00)	Loss Disc 6.9349e-01 (6.9458e-01)	Loss Pred 8.6474e-01 (8.7497e-01)	Loss TOTAL 1.6121e+00 (1.6223e+00)
Epoch: [2][ 30/196]	L_Src_Sup 1.9907e+00 (1.9947e+00)	L_Trg_Inj 1.9992e+00 (1.9994e+00)	Loss Disc 6.9332e-01 (6.9423e-01)	Loss Pred 8.5749e-01 (8.6755e-01)	Loss TOTAL 1.6031e+00 (1.6145e+00)
Epoch: [2][ 40/196]	L_Src_Sup 1.9947e+00 (1.9944e+00)	L_Trg_Inj 1.9986e+00 (1.9993e+00)	Loss Disc 6.9348e-01 (6.9403e-01)	Loss Pred 8.3188e-01 (8.6082e-01)	Loss TOTAL 1.5780e+00 (1.6075e+00)
Epoch: [2][ 50/196]	L_Src_Sup 1.9886e+00 (1.9942e+00)	L_Trg_Inj 1.9966e+00 (1.9992e+00)	Loss Disc 6.9360e-01 (6.9392e-01)	Loss Pred 8.2339e-01 (8.5411e-01)	Loss TOTAL 1.5687e+00 (1.6006e+00)
Epoch: [2][ 60/196]	L_Src_Sup 1.9935e+00 (1.9942e+00)	L_Trg_Inj 1.9987e+00 (1.9986e+00)	Loss Disc 6.9334e-01 (6.9383e-01)	Loss Pred 8.0821e-01 (8.4733e-01)	Loss TOTAL 1.5541e+00 (1.5940e+00)
Epoch: [2][ 70/196]	L_Src_Sup 1.9895e+00 (1.9944e+00)	L_Trg_Inj 1.9994e+00 (1.9987e+00)	Loss Disc 6.9344e-01 (6.9377e-01)	Loss Pred 7.9455e-01 (8.4082e-01)	Loss TOTAL 1.5402e+00 (1.5875e+00)
Epoch: [2][ 80/196]	L_Src_Sup 1.9893e+00 (1.9940e+00)	L_Trg_Inj 1.9995e+00 (1.9988e+00)	Loss Disc 6.9328e-01 (6.9372e-01)	Loss Pred 7.8270e-01 (8.3429e-01)	Loss TOTAL 1.5282e+00 (1.5809e+00)
Epoch: [2][ 90/196]	L_Src_Sup 2.0083e+00 (1.9936e+00)	L_Trg_Inj 1.9988e+00 (1.9988e+00)	Loss Disc 6.9332e-01 (6.9365e-01)	Loss Pred 7.7091e-01 (8.2791e-01)	Loss TOTAL 1.5277e+00 (1.5751e+00)
Epoch: [2][100/196]	L_Src_Sup 1.9938e+00 (1.9937e+00)	L_Trg_Inj 1.9986e+00 (1.9989e+00)	Loss Disc 6.9279e-01 (6.9357e-01)	Loss Pred 7.5889e-01 (8.2155e-01)	Loss TOTAL 1.5045e+00 (1.5687e+00)
Epoch: [2][110/196]	L_Src_Sup 1.9950e+00 (1.9935e+00)	L_Trg_Inj 1.9981e+00 (1.9988e+00)	Loss Disc 6.9399e-01 (6.9357e-01)	Loss Pred 7.4610e-01 (8.1534e-01)	Loss TOTAL 1.4924e+00 (1.5623e+00)
Epoch: [2][120/196]	L_Src_Sup 1.9855e+00 (1.9932e+00)	L_Trg_Inj 1.9892e+00 (1.9985e+00)	Loss Disc 6.9462e-01 (6.9362e-01)	Loss Pred 7.3504e-01 (8.0929e-01)	Loss TOTAL 1.4798e+00 (1.5562e+00)
Epoch: [2][130/196]	L_Src_Sup 1.9854e+00 (1.9935e+00)	L_Trg_Inj 1.9992e+00 (1.9984e+00)	Loss Disc 6.9314e-01 (6.9361e-01)	Loss Pred 7.2938e-01 (8.0340e-01)	Loss TOTAL 1.4744e+00 (1.5506e+00)
Epoch: [2][140/196]	L_Src_Sup 1.9956e+00 (1.9933e+00)	L_Trg_Inj 1.9995e+00 (1.9985e+00)	Loss Disc 6.9312e-01 (6.9357e-01)	Loss Pred 7.1229e-01 (7.9745e-01)	Loss TOTAL 1.4584e+00 (1.5446e+00)
Epoch: [2][150/196]	L_Src_Sup 1.9880e+00 (1.9929e+00)	L_Trg_Inj 1.9991e+00 (1.9985e+00)	Loss Disc 6.9293e-01 (6.9353e-01)	Loss Pred 7.0277e-01 (7.9160e-01)	Loss TOTAL 1.4480e+00 (1.5386e+00)
Epoch: [2][160/196]	L_Src_Sup 1.9744e+00 (1.9923e+00)	L_Trg_Inj 1.9988e+00 (1.9986e+00)	Loss Disc 6.9249e-01 (6.9348e-01)	Loss Pred 6.9271e-01 (7.8571e-01)	Loss TOTAL 1.4363e+00 (1.5325e+00)
Epoch: [2][170/196]	L_Src_Sup 1.9984e+00 (1.9924e+00)	L_Trg_Inj 1.9995e+00 (1.9986e+00)	Loss Disc 6.9222e-01 (6.9341e-01)	Loss Pred 6.7975e-01 (7.7993e-01)	Loss TOTAL 1.4257e+00 (1.5270e+00)
Epoch: [2][180/196]	L_Src_Sup 1.9834e+00 (1.9923e+00)	L_Trg_Inj 1.9989e+00 (1.9986e+00)	Loss Disc 6.9039e-01 (6.9326e-01)	Loss Pred 6.7451e-01 (7.7423e-01)	Loss TOTAL 1.4179e+00 (1.5211e+00)
Epoch: [2][190/196]	L_Src_Sup 1.9877e+00 (1.9920e+00)	L_Trg_Inj 1.9993e+00 (1.9987e+00)	Loss Disc 6.8737e-01 (6.9293e-01)	Loss Pred 6.5888e-01 (7.6867e-01)	Loss TOTAL 1.4013e+00 (1.5153e+00)
Epoch: [2][196/196]	L_Src_Sup 1.9850e+00 (1.9919e+00)	L_Trg_Inj 1.9993e+00 (1.9987e+00)	Loss Disc 6.8492e-01 (6.9263e-01)	Loss Pred 6.5675e-01 (7.6537e-01)	Loss TOTAL 1.3976e+00 (1.5118e+00)
VALIDATION RESULTS
Epoch: [2][27/27]	L_Src_Sup 1.9863e+00 (1.9839e+00)	L_Trg_Inj 1.9994e+00 (1.9994e+00)	Loss Disc 6.8487e-01 (6.8288e-01)	Loss Pred 6.5525e-01 (6.5530e-01)	Loss TOTAL 1.3963e+00 (1.3951e+00)
VALIDATION SOURCE PREDICTIONS
AUPRC score is : 1.0000 
Best F1 score is : 1.0000 
VALIDATION TARGET PREDICTIONS
AUPRC score is : 0.9862 
Best F1 score is : 0.9302 
Epoch: [3][ 10/196]	L_Src_Sup 1.9649e+00 (1.9817e+00)	L_Trg_Inj 1.9990e+00 (1.9991e+00)	Loss Disc 6.8120e-01 (6.8228e-01)	Loss Pred 6.4688e-01 (6.5111e-01)	Loss TOTAL 1.3839e+00 (1.3903e+00)
Epoch: [3][ 20/196]	L_Src_Sup 1.9696e+00 (1.9793e+00)	L_Trg_Inj 1.9989e+00 (1.9975e+00)	Loss Disc 6.8370e-01 (6.8188e-01)	Loss Pred 6.3602e-01 (6.4631e-01)	Loss TOTAL 1.3747e+00 (1.3853e+00)
Epoch: [3][ 30/196]	L_Src_Sup 1.9929e+00 (1.9731e+00)	L_Trg_Inj 1.9978e+00 (1.9978e+00)	Loss Disc 6.7918e-01 (6.8123e-01)	Loss Pred 6.3017e-01 (6.4202e-01)	Loss TOTAL 1.3688e+00 (1.3800e+00)
Epoch: [3][ 40/196]	L_Src_Sup 1.9968e+00 (1.9779e+00)	L_Trg_Inj 1.9932e+00 (1.9964e+00)	Loss Disc 7.1975e-01 (6.9217e-01)	Loss Pred 6.2231e-01 (6.3849e-01)	Loss TOTAL 1.3848e+00 (1.3871e+00)
Epoch: [3][ 50/196]	L_Src_Sup 1.9637e+00 (1.9774e+00)	L_Trg_Inj 2.0012e+00 (1.9981e+00)	Loss Disc 6.9526e-01 (6.9329e-01)	Loss Pred 6.1209e-01 (6.3369e-01)	Loss TOTAL 1.3562e+00 (1.3820e+00)
Epoch: [3][ 60/196]	L_Src_Sup 1.9780e+00 (1.9770e+00)	L_Trg_Inj 2.0126e+00 (1.9987e+00)	Loss Disc 6.9431e-01 (6.9349e-01)	Loss Pred 5.9309e-01 (6.2907e-01)	Loss TOTAL 1.3393e+00 (1.3768e+00)
Epoch: [3][ 70/196]	L_Src_Sup 2.0384e+00 (1.9765e+00)	L_Trg_Inj 2.0026e+00 (1.9965e+00)	Loss Disc 6.9370e-01 (6.9355e-01)	Loss Pred 5.8485e-01 (6.2485e-01)	Loss TOTAL 1.3716e+00 (1.3731e+00)
Epoch: [3][ 80/196]	L_Src_Sup 1.9842e+00 (1.9771e+00)	L_Trg_Inj 2.0146e+00 (1.9977e+00)	Loss Disc 6.9369e-01 (6.9355e-01)	Loss Pred 5.7307e-01 (6.2038e-01)	Loss TOTAL 1.3198e+00 (1.3685e+00)
Epoch: [3][ 90/196]	L_Src_Sup 1.9875e+00 (1.9761e+00)	L_Trg_Inj 2.0247e+00 (1.9989e+00)	Loss Disc 6.9365e-01 (6.9356e-01)	Loss Pred 5.8053e-01 (6.1609e-01)	Loss TOTAL 1.3286e+00 (1.3640e+00)
Epoch: [3][100/196]	L_Src_Sup 1.9207e+00 (1.9722e+00)	L_Trg_Inj 2.0023e+00 (2.0005e+00)	Loss Disc 6.9357e-01 (6.9356e-01)	Loss Pred 5.7402e-01 (6.1197e-01)	Loss TOTAL 1.3131e+00 (1.3593e+00)
Epoch: [3][110/196]	L_Src_Sup 1.9567e+00 (1.9689e+00)	L_Trg_Inj 1.9908e+00 (2.0010e+00)	Loss Disc 6.9354e-01 (6.9356e-01)	Loss Pred 5.7148e-01 (6.0755e-01)	Loss TOTAL 1.3130e+00 (1.3543e+00)
Epoch: [3][120/196]	L_Src_Sup 1.9903e+00 (1.9669e+00)	L_Trg_Inj 1.9820e+00 (1.9979e+00)	Loss Disc 6.9319e-01 (6.9355e-01)	Loss Pred 5.6167e-01 (6.0381e-01)	Loss TOTAL 1.3137e+00 (1.3512e+00)
Epoch: [3][130/196]	L_Src_Sup 1.8895e+00 (1.9616e+00)	L_Trg_Inj 1.9958e+00 (1.9979e+00)	Loss Disc 6.9315e-01 (6.9351e-01)	Loss Pred 5.3044e-01 (5.9953e-01)	Loss TOTAL 1.2655e+00 (1.3461e+00)
Epoch: [3][140/196]	L_Src_Sup 1.8194e+00 (1.9525e+00)	L_Trg_Inj 1.9746e+00 (1.9975e+00)	Loss Disc 6.9300e-01 (6.9348e-01)	Loss Pred 5.4690e-01 (5.9541e-01)	Loss TOTAL 1.2728e+00 (1.3407e+00)
Epoch: [3][150/196]	L_Src_Sup 1.8835e+00 (1.9510e+00)	L_Trg_Inj 2.0123e+00 (1.9963e+00)	Loss Disc 6.9310e-01 (6.9345e-01)	Loss Pred 5.2537e-01 (5.9120e-01)	Loss TOTAL 1.2615e+00 (1.3374e+00)
Epoch: [3][160/196]	L_Src_Sup 1.8957e+00 (1.9496e+00)	L_Trg_Inj 2.0062e+00 (1.9967e+00)	Loss Disc 6.9193e-01 (6.9339e-01)	Loss Pred 5.2768e-01 (5.8701e-01)	Loss TOTAL 1.2638e+00 (1.3328e+00)
Epoch: [3][170/196]	L_Src_Sup 1.4099e+00 (1.9437e+00)	L_Trg_Inj 1.9903e+00 (1.9968e+00)	Loss Disc 6.9321e-01 (6.9338e-01)	Loss Pred 4.9591e-01 (5.8287e-01)	Loss TOTAL 1.1825e+00 (1.3278e+00)
Epoch: [3][180/196]	L_Src_Sup 1.8553e+00 (1.9388e+00)	L_Trg_Inj 1.9992e+00 (1.9968e+00)	Loss Disc 6.9312e-01 (6.9337e-01)	Loss Pred 5.1876e-01 (5.7902e-01)	Loss TOTAL 1.2508e+00 (1.3233e+00)
Epoch: [3][190/196]	L_Src_Sup 1.9404e+00 (1.9304e+00)	L_Trg_Inj 1.9896e+00 (1.9962e+00)	Loss Disc 6.9295e-01 (6.9336e-01)	Loss Pred 4.9341e-01 (5.7504e-01)	Loss TOTAL 1.2329e+00 (1.3182e+00)
Epoch: [3][196/196]	L_Src_Sup 2.1363e+00 (1.9292e+00)	L_Trg_Inj 1.9644e+00 (1.9935e+00)	Loss Disc 6.9269e-01 (6.9334e-01)	Loss Pred 4.9627e-01 (5.7284e-01)	Loss TOTAL 1.4245e+00 (1.3165e+00)
VALIDATION RESULTS
Epoch: [3][27/27]	L_Src_Sup 1.9952e+00 (2.0060e+00)	L_Trg_Inj 1.9965e+00 (1.9975e+00)	Loss Disc 6.9310e-01 (6.9312e-01)	Loss Pred 5.0515e-01 (4.9788e-01)	Loss TOTAL 1.2509e+00 (1.2592e+00)
VALIDATION SOURCE PREDICTIONS
AUPRC score is : 1.0000 
Best F1 score is : 0.9998 
VALIDATION TARGET PREDICTIONS
AUPRC score is : 0.9826 
Best F1 score is : 0.9247 
Epoch: [4][ 10/196]	L_Src_Sup 1.9340e+00 (1.9377e+00)	L_Trg_Inj 1.9993e+00 (1.9980e+00)	Loss Disc 6.9296e-01 (6.9300e-01)	Loss Pred 4.8042e-01 (4.9361e-01)	Loss TOTAL 1.2202e+00 (1.2356e+00)
Epoch: [4][ 20/196]	L_Src_Sup 1.7970e+00 (1.9170e+00)	L_Trg_Inj 1.9981e+00 (1.9981e+00)	Loss Disc 6.9234e-01 (6.9285e-01)	Loss Pred 4.9573e-01 (4.8993e-01)	Loss TOTAL 1.2214e+00 (1.2288e+00)
Epoch: [4][ 30/196]	L_Src_Sup 2.0062e+00 (1.9262e+00)	L_Trg_Inj 1.9988e+00 (1.9981e+00)	Loss Disc 6.9220e-01 (6.9264e-01)	Loss Pred 4.6559e-01 (4.8640e-01)	Loss TOTAL 1.2195e+00 (1.2260e+00)
Epoch: [4][ 40/196]	L_Src_Sup 1.8876e+00 (1.9228e+00)	L_Trg_Inj 1.9994e+00 (1.9982e+00)	Loss Disc 6.8974e-01 (6.9213e-01)	Loss Pred 4.6709e-01 (4.8388e-01)	Loss TOTAL 1.2007e+00 (1.2227e+00)
Epoch: [4][ 50/196]	L_Src_Sup 1.9860e+00 (1.9215e+00)	L_Trg_Inj 1.9988e+00 (1.9978e+00)	Loss Disc 6.7991e-01 (6.9127e-01)	Loss Pred 4.8853e-01 (4.7934e-01)	Loss TOTAL 1.2270e+00 (1.2174e+00)
Epoch: [4][ 60/196]	L_Src_Sup 1.7229e+00 (1.9110e+00)	L_Trg_Inj 1.9970e+00 (1.9974e+00)	Loss Disc 6.8281e-01 (6.8973e-01)	Loss Pred 4.5237e-01 (4.7659e-01)	Loss TOTAL 1.1658e+00 (1.2128e+00)
Epoch: [4][ 70/196]	L_Src_Sup 1.9522e+00 (1.8958e+00)	L_Trg_Inj 1.9857e+00 (1.9970e+00)	Loss Disc 6.8783e-01 (6.8888e-01)	Loss Pred 4.2946e-01 (4.7223e-01)	Loss TOTAL 1.1672e+00 (1.2064e+00)
Epoch: [4][ 80/196]	L_Src_Sup 1.9640e+00 (1.8973e+00)	L_Trg_Inj 1.9991e+00 (1.9967e+00)	Loss Disc 6.7955e-01 (6.8811e-01)	Loss Pred 4.5296e-01 (4.6856e-01)	Loss TOTAL 1.1890e+00 (1.2066e+00)
Epoch: [4][ 90/196]	L_Src_Sup 1.9516e+00 (1.9021e+00)	L_Trg_Inj 1.9962e+00 (1.9969e+00)	Loss Disc 6.8350e-01 (6.8741e-01)	Loss Pred 4.3073e-01 (4.6541e-01)	Loss TOTAL 1.1673e+00 (1.2032e+00)
Epoch: [4][100/196]	L_Src_Sup 1.8459e+00 (1.9045e+00)	L_Trg_Inj 1.9996e+00 (1.9971e+00)	Loss Disc 6.8476e-01 (6.8674e-01)	Loss Pred 4.2088e-01 (4.6262e-01)	Loss TOTAL 1.1478e+00 (1.1999e+00)
Epoch: [4][110/196]	L_Src_Sup 1.8227e+00 (1.9034e+00)	L_Trg_Inj 1.9968e+00 (1.9972e+00)	Loss Disc 6.7769e-01 (6.8615e-01)	Loss Pred 4.4000e-01 (4.5990e-01)	Loss TOTAL 1.1608e+00 (1.1965e+00)
Epoch: [4][120/196]	L_Src_Sup 1.5666e+00 (1.8978e+00)	L_Trg_Inj 1.9992e+00 (1.9972e+00)	Loss Disc 6.7905e-01 (6.8571e-01)	Loss Pred 4.2953e-01 (4.5694e-01)	Loss TOTAL 1.1256e+00 (1.1924e+00)
Epoch: [4][130/196]	L_Src_Sup 1.5599e+00 (1.8887e+00)	L_Trg_Inj 1.9936e+00 (1.9971e+00)	Loss Disc 6.7753e-01 (6.8523e-01)	Loss Pred 4.2880e-01 (4.5439e-01)	Loss TOTAL 1.1229e+00 (1.1885e+00)
Epoch: [4][140/196]	L_Src_Sup 1.9846e+00 (1.8972e+00)	L_Trg_Inj 2.0037e+00 (1.9969e+00)	Loss Disc 7.2410e-01 (6.8684e-01)	Loss Pred 4.0568e-01 (4.5148e-01)	Loss TOTAL 1.1666e+00 (1.1934e+00)
Epoch: [4][150/196]	L_Src_Sup 1.9433e+00 (1.9014e+00)	L_Trg_Inj 2.0090e+00 (1.9977e+00)	Loss Disc 6.9452e-01 (6.8754e-01)	Loss Pred 4.2157e-01 (4.4916e-01)	Loss TOTAL 1.1641e+00 (1.1913e+00)
Epoch: [4][160/196]	L_Src_Sup 1.9928e+00 (1.9055e+00)	L_Trg_Inj 1.9868e+00 (1.9976e+00)	Loss Disc 6.9381e-01 (6.8795e-01)	Loss Pred 4.1069e-01 (4.4707e-01)	Loss TOTAL 1.1616e+00 (1.1893e+00)
Epoch: [4][170/196]	L_Src_Sup 1.9902e+00 (1.9088e+00)	L_Trg_Inj 1.9978e+00 (1.9978e+00)	Loss Disc 6.9366e-01 (6.8829e-01)	Loss Pred 4.0547e-01 (4.4494e-01)	Loss TOTAL 1.1511e+00 (1.1873e+00)
Epoch: [4][180/196]	L_Src_Sup 1.9313e+00 (1.9114e+00)	L_Trg_Inj 2.0024e+00 (1.9976e+00)	Loss Disc 6.9357e-01 (6.8859e-01)	Loss Pred 3.8232e-01 (4.4234e-01)	Loss TOTAL 1.1225e+00 (1.1847e+00)
Epoch: [4][190/196]	L_Src_Sup 1.9232e+00 (1.9133e+00)	L_Trg_Inj 1.9951e+00 (1.9980e+00)	Loss Disc 6.9352e-01 (6.8885e-01)	Loss Pred 3.7772e-01 (4.4008e-01)	Loss TOTAL 1.1163e+00 (1.1824e+00)
Epoch: [4][196/196]	L_Src_Sup 1.9701e+00 (1.9149e+00)	L_Trg_Inj 1.9925e+00 (1.9978e+00)	Loss Disc 6.9340e-01 (6.8899e-01)	Loss Pred 4.2912e-01 (4.3884e-01)	Loss TOTAL 1.1721e+00 (1.1812e+00)
VALIDATION RESULTS
Epoch: [4][27/27]	L_Src_Sup 1.9726e+00 (1.9444e+00)	L_Trg_Inj 1.9623e+00 (1.9650e+00)	Loss Disc 6.9336e-01 (6.9340e-01)	Loss Pred 3.8834e-01 (3.8688e-01)	Loss TOTAL 1.1389e+00 (1.1263e+00)
VALIDATION SOURCE PREDICTIONS
AUPRC score is : 1.0000 
Best F1 score is : 0.9998 
VALIDATION TARGET PREDICTIONS
AUPRC score is : 0.9591 
Best F1 score is : 0.8640 
Epoch: [5][ 10/196]	L_Src_Sup 1.9635e+00 (1.9696e+00)	L_Trg_Inj 2.0120e+00 (2.0018e+00)	Loss Disc 6.9333e-01 (6.9338e-01)	Loss Pred 3.9065e-01 (3.8918e-01)	Loss TOTAL 1.1349e+00 (1.1339e+00)
Epoch: [5][ 20/196]	L_Src_Sup 1.9646e+00 (1.9625e+00)	L_Trg_Inj 2.0037e+00 (2.0027e+00)	Loss Disc 6.9331e-01 (6.9336e-01)	Loss Pred 3.8919e-01 (3.8563e-01)	Loss TOTAL 1.1327e+00 (1.1293e+00)
Epoch: [5][ 30/196]	L_Src_Sup 1.7910e+00 (1.9512e+00)	L_Trg_Inj 2.0013e+00 (2.0006e+00)	Loss Disc 6.9325e-01 (6.9334e-01)	Loss Pred 3.3569e-01 (3.7869e-01)	Loss TOTAL 1.0616e+00 (1.1215e+00)
Epoch: [5][ 40/196]	L_Src_Sup 1.8935e+00 (1.9469e+00)	L_Trg_Inj 2.0001e+00 (2.0006e+00)	Loss Disc 6.9307e-01 (6.9330e-01)	Loss Pred 3.8695e-01 (3.7527e-01)	Loss TOTAL 1.1229e+00 (1.1174e+00)
Epoch: [5][ 50/196]	L_Src_Sup 1.9838e+00 (1.9413e+00)	L_Trg_Inj 1.9819e+00 (1.9927e+00)	Loss Disc 6.7870e-01 (6.9264e-01)	Loss Pred 3.4469e-01 (3.7277e-01)	Loss TOTAL 1.0825e+00 (1.1156e+00)
Epoch: [5][ 60/196]	L_Src_Sup 1.8748e+00 (1.9411e+00)	L_Trg_Inj 1.9994e+00 (1.9937e+00)	Loss Disc 6.9481e-01 (6.9297e-01)	Loss Pred 3.9262e-01 (3.7150e-01)	Loss TOTAL 1.1274e+00 (1.1152e+00)
Epoch: [5][ 70/196]	L_Src_Sup 1.7722e+00 (1.9299e+00)	L_Trg_Inj 1.9931e+00 (1.9943e+00)	Loss Disc 6.9346e-01 (6.9306e-01)	Loss Pred 3.4944e-01 (3.6877e-01)	Loss TOTAL 1.0727e+00 (1.1109e+00)
Epoch: [5][ 80/196]	L_Src_Sup 1.8835e+00 (1.9177e+00)	L_Trg_Inj 1.9998e+00 (1.9949e+00)	Loss Disc 6.9346e-01 (6.9310e-01)	Loss Pred 3.7821e-01 (3.6689e-01)	Loss TOTAL 1.1133e+00 (1.1075e+00)
Epoch: [5][ 90/196]	L_Src_Sup 1.8141e+00 (1.9026e+00)	L_Trg_Inj 1.9907e+00 (1.9951e+00)	Loss Disc 6.9330e-01 (6.9313e-01)	Loss Pred 3.4014e-01 (3.6417e-01)	Loss TOTAL 1.0673e+00 (1.1030e+00)
Epoch: [5][100/196]	L_Src_Sup 1.8206e+00 (1.8997e+00)	L_Trg_Inj 1.9949e+00 (1.9954e+00)	Loss Disc 6.9331e-01 (6.9314e-01)	Loss Pred 3.5614e-01 (3.6256e-01)	Loss TOTAL 1.0843e+00 (1.1009e+00)
Epoch: [5][110/196]	L_Src_Sup 2.0044e+00 (1.8826e+00)	L_Trg_Inj 1.9934e+00 (1.9955e+00)	Loss Disc 6.9321e-01 (6.9316e-01)	Loss Pred 3.1840e-01 (3.6074e-01)	Loss TOTAL 1.0758e+00 (1.0972e+00)
Epoch: [5][120/196]	L_Src_Sup 1.9068e+00 (1.8802e+00)	L_Trg_Inj 1.9994e+00 (1.9956e+00)	Loss Disc 6.9324e-01 (6.9316e-01)	Loss Pred 3.5784e-01 (3.5939e-01)	Loss TOTAL 1.0951e+00 (1.0978e+00)
Epoch: [5][130/196]	L_Src_Sup 1.8612e+00 (1.8792e+00)	L_Trg_Inj 1.9996e+00 (1.9956e+00)	Loss Disc 6.9319e-01 (6.9316e-01)	Loss Pred 3.2357e-01 (3.5697e-01)	Loss TOTAL 1.0562e+00 (1.0951e+00)
Epoch: [5][140/196]	L_Src_Sup 1.9906e+00 (1.8803e+00)	L_Trg_Inj 1.9964e+00 (1.9957e+00)	Loss Disc 6.9316e-01 (6.9317e-01)	Loss Pred 3.2131e-01 (3.5481e-01)	Loss TOTAL 1.0666e+00 (1.0932e+00)
Epoch: [5][150/196]	L_Src_Sup 1.9945e+00 (1.8680e+00)	L_Trg_Inj 1.9983e+00 (1.9957e+00)	Loss Disc 6.9315e-01 (6.9316e-01)	Loss Pred 3.1527e-01 (3.5293e-01)	Loss TOTAL 1.0611e+00 (1.0898e+00)
Epoch: [5][160/196]	L_Src_Sup 1.6964e+00 (1.8603e+00)	L_Trg_Inj 1.9995e+00 (1.9956e+00)	Loss Disc 6.9311e-01 (6.9316e-01)	Loss Pred 3.3882e-01 (3.5139e-01)	Loss TOTAL 1.0550e+00 (1.0872e+00)
Epoch: [5][170/196]	L_Src_Sup 1.9298e+00 (1.8575e+00)	L_Trg_Inj 1.9992e+00 (1.9957e+00)	Loss Disc 6.9306e-01 (6.9316e-01)	Loss Pred 3.3267e-01 (3.4977e-01)	Loss TOTAL 1.0721e+00 (1.0851e+00)
Epoch: [5][180/196]	L_Src_Sup 1.8414e+00 (1.8546e+00)	L_Trg_Inj 1.9999e+00 (1.9957e+00)	Loss Disc 6.9297e-01 (6.9315e-01)	Loss Pred 3.1531e-01 (3.4720e-01)	Loss TOTAL 1.0459e+00 (1.0830e+00)
Epoch: [5][190/196]	L_Src_Sup 1.8356e+00 (1.8496e+00)	L_Trg_Inj 1.9998e+00 (1.9959e+00)	Loss Disc 6.9280e-01 (6.9314e-01)	Loss Pred 3.0392e-01 (3.4510e-01)	Loss TOTAL 1.0339e+00 (1.0802e+00)
Epoch: [5][196/196]	L_Src_Sup 1.3171e+00 (1.8469e+00)	L_Trg_Inj 1.9987e+00 (1.9958e+00)	Loss Disc 6.9211e-01 (6.9312e-01)	Loss Pred 3.3998e-01 (3.4405e-01)	Loss TOTAL 1.0176e+00 (1.0787e+00)
VALIDATION RESULTS
Epoch: [5][27/27]	L_Src_Sup 1.7158e+00 (1.8547e+00)	L_Trg_Inj 1.9891e+00 (1.9941e+00)	Loss Disc 6.9251e-01 (6.9239e-01)	Loss Pred 2.9369e-01 (3.0429e-01)	Loss TOTAL 1.0104e+00 (1.0366e+00)
VALIDATION SOURCE PREDICTIONS
AUPRC score is : 1.0000 
Best F1 score is : 1.0000 
VALIDATION TARGET PREDICTIONS
AUPRC score is : 0.9081 
Best F1 score is : 0.8637 
Epoch: [6][ 10/196]	L_Src_Sup 1.9643e+00 (1.8686e+00)	L_Trg_Inj 1.9944e+00 (1.9938e+00)	Loss Disc 6.9229e-01 (6.9196e-01)	Loss Pred 2.7820e-01 (3.0002e-01)	Loss TOTAL 1.0202e+00 (1.0446e+00)
Epoch: [6][ 20/196]	L_Src_Sup 1.9316e+00 (1.9061e+00)	L_Trg_Inj 1.9825e+00 (1.9947e+00)	Loss Disc 7.0156e-01 (6.9347e-01)	Loss Pred 2.6427e-01 (3.0369e-01)	Loss TOTAL 1.0065e+00 (1.0467e+00)
Epoch: [6][ 30/196]	L_Src_Sup 1.9775e+00 (1.9225e+00)	L_Trg_Inj 1.9976e+00 (1.9934e+00)	Loss Disc 6.9321e-01 (6.9380e-01)	Loss Pred 2.5477e-01 (3.0163e-01)	Loss TOTAL 9.9889e-01 (1.0466e+00)
Epoch: [6][ 40/196]	L_Src_Sup 1.6811e+00 (1.9015e+00)	L_Trg_Inj 1.9357e+00 (1.9882e+00)	Loss Disc 6.9307e-01 (6.9360e-01)	Loss Pred 2.7457e-01 (3.0198e-01)	Loss TOTAL 9.8279e-01 (1.0426e+00)
Epoch: [6][ 50/196]	L_Src_Sup 1.8789e+00 (1.9047e+00)	L_Trg_Inj 1.9780e+00 (1.9858e+00)	Loss Disc 6.9100e-01 (6.9333e-01)	Loss Pred 3.0312e-01 (3.0367e-01)	Loss TOTAL 1.0343e+00 (1.0463e+00)
Epoch: [6][ 60/196]	L_Src_Sup 1.8364e+00 (1.8972e+00)	L_Trg_Inj 1.9872e+00 (1.9869e+00)	Loss Disc 6.9434e-01 (6.9313e-01)	Loss Pred 2.9165e-01 (3.0149e-01)	Loss TOTAL 1.0212e+00 (1.0422e+00)
Epoch: [6][ 70/196]	L_Src_Sup 1.7418e+00 (1.8641e+00)	L_Trg_Inj 1.8886e+00 (1.9800e+00)	Loss Disc 6.9319e-01 (6.9319e-01)	Loss Pred 2.9908e-01 (2.9900e-01)	Loss TOTAL 1.0087e+00 (1.0350e+00)
Epoch: [6][ 80/196]	L_Src_Sup 2.0385e+00 (1.8729e+00)	L_Trg_Inj 1.9543e+00 (1.9728e+00)	Loss Disc 6.9335e-01 (6.9321e-01)	Loss Pred 3.2859e-01 (2.9876e-01)	Loss TOTAL 1.1588e+00 (1.0410e+00)
Epoch: [6][ 90/196]	L_Src_Sup 1.9238e+00 (1.8720e+00)	L_Trg_Inj 1.9513e+00 (1.9720e+00)	Loss Disc 6.9316e-01 (6.9321e-01)	Loss Pred 2.7481e-01 (2.9691e-01)	Loss TOTAL 1.0089e+00 (1.0378e+00)
Epoch: [6][100/196]	L_Src_Sup 1.6990e+00 (1.8747e+00)	L_Trg_Inj 1.9779e+00 (1.9705e+00)	Loss Disc 6.9311e-01 (6.9320e-01)	Loss Pred 2.3734e-01 (2.9480e-01)	Loss TOTAL 9.5159e-01 (1.0359e+00)
Epoch: [6][110/196]	L_Src_Sup 1.8149e+00 (1.8690e+00)	L_Trg_Inj 1.9609e+00 (1.9699e+00)	Loss Disc 6.9283e-01 (6.9318e-01)	Loss Pred 2.9923e-01 (2.9192e-01)	Loss TOTAL 1.0232e+00 (1.0314e+00)
Epoch: [6][120/196]	L_Src_Sup 2.0803e+00 (1.8665e+00)	L_Trg_Inj 1.9573e+00 (1.9681e+00)	Loss Disc 6.9235e-01 (6.9314e-01)	Loss Pred 3.0174e-01 (2.9071e-01)	Loss TOTAL 1.1747e+00 (1.0312e+00)
Epoch: [6][130/196]	L_Src_Sup 1.9103e+00 (1.8643e+00)	L_Trg_Inj 1.9979e+00 (1.9695e+00)	Loss Disc 6.9150e-01 (6.9307e-01)	Loss Pred 2.7464e-01 (2.8928e-01)	Loss TOTAL 1.0112e+00 (1.0296e+00)
Epoch: [6][140/196]	L_Src_Sup 1.6314e+00 (1.8608e+00)	L_Trg_Inj 1.9973e+00 (1.9710e+00)	Loss Disc 6.8837e-01 (6.9287e-01)	Loss Pred 2.6300e-01 (2.8761e-01)	Loss TOTAL 9.7005e-01 (1.0274e+00)
Epoch: [6][150/196]	L_Src_Sup 2.0341e+00 (1.8652e+00)	L_Trg_Inj 1.9984e+00 (1.9726e+00)	Loss Disc 6.8181e-01 (6.9233e-01)	Loss Pred 2.7768e-01 (2.8656e-01)	Loss TOTAL 1.0575e+00 (1.0275e+00)
Epoch: [6][160/196]	L_Src_Sup 1.8848e+00 (1.8652e+00)	L_Trg_Inj 1.9883e+00 (1.9741e+00)	Loss Disc 6.8534e-01 (6.9177e-01)	Loss Pred 2.3840e-01 (2.8459e-01)	Loss TOTAL 9.6838e-01 (1.0247e+00)
Epoch: [6][170/196]	L_Src_Sup 1.8937e+00 (1.8637e+00)	L_Trg_Inj 1.9928e+00 (1.9753e+00)	Loss Disc 6.7667e-01 (6.9106e-01)	Loss Pred 2.9085e-01 (2.8381e-01)	Loss TOTAL 1.0178e+00 (1.0230e+00)
Epoch: [6][180/196]	L_Src_Sup 1.6494e+00 (1.8563e+00)	L_Trg_Inj 1.9866e+00 (1.9762e+00)	Loss Disc 6.7629e-01 (6.9049e-01)	Loss Pred 2.8805e-01 (2.8241e-01)	Loss TOTAL 9.8979e-01 (1.0201e+00)
Epoch: [6][190/196]	L_Src_Sup 1.1366e+00 (1.8435e+00)	L_Trg_Inj 1.9795e+00 (1.9766e+00)	Loss Disc 6.8038e-01 (6.8996e-01)	Loss Pred 2.5869e-01 (2.8104e-01)	Loss TOTAL 9.1050e-01 (1.0167e+00)
Epoch: [6][196/196]	L_Src_Sup 1.5704e+00 (1.8373e+00)	L_Trg_Inj 1.9351e+00 (1.9761e+00)	Loss Disc 6.7751e-01 (6.8971e-01)	Loss Pred 2.7545e-01 (2.8004e-01)	Loss TOTAL 9.6476e-01 (1.0147e+00)
VALIDATION RESULTS
Epoch: [6][27/27]	L_Src_Sup 1.9794e+00 (1.5784e+00)	L_Trg_Inj 1.9563e+00 (1.9691e+00)	Loss Disc 6.7959e-01 (6.8027e-01)	Loss Pred 2.5708e-01 (2.5389e-01)	Loss TOTAL 1.0135e+00 (9.4963e-01)
VALIDATION SOURCE PREDICTIONS
AUPRC score is : 1.0000 
Best F1 score is : 1.0000 
VALIDATION TARGET PREDICTIONS
AUPRC score is : 0.9725 
Best F1 score is : 0.9002 
Epoch: [7][ 10/196]	L_Src_Sup 1.1873e+00 (1.4298e+00)	L_Trg_Inj 1.8932e+00 (1.9273e+00)	Loss Disc 6.8457e-01 (6.7861e-01)	Loss Pred 2.2084e-01 (2.6589e-01)	Loss TOTAL 8.7117e-01 (9.4091e-01)
Epoch: [7][ 20/196]	L_Src_Sup 1.9753e+00 (1.6011e+00)	L_Trg_Inj 1.9836e+00 (1.8863e+00)	Loss Disc 6.8026e-01 (6.7894e-01)	Loss Pred 2.5472e-01 (2.6314e-01)	Loss TOTAL 9.9074e-01 (9.6931e-01)
Epoch: [7][ 30/196]	L_Src_Sup 1.7338e+00 (1.6908e+00)	L_Trg_Inj 1.9885e+00 (1.9189e+00)	Loss Disc 6.8452e-01 (6.7878e-01)	Loss Pred 2.2294e-01 (2.6242e-01)	Loss TOTAL 9.3743e-01 (9.7493e-01)
Epoch: [7][ 40/196]	L_Src_Sup 1.1491e+00 (1.6809e+00)	L_Trg_Inj 1.9560e+00 (1.9321e+00)	Loss Disc 6.8305e-01 (6.7902e-01)	Loss Pred 2.2992e-01 (2.5985e-01)	Loss TOTAL 8.8196e-01 (9.6987e-01)
Epoch: [7][ 50/196]	L_Src_Sup 1.4429e+00 (1.6116e+00)	L_Trg_Inj 1.7964e+00 (1.9301e+00)	Loss Disc 6.8450e-01 (6.7935e-01)	Loss Pred 2.1773e-01 (2.5655e-01)	Loss TOTAL 8.8391e-01 (9.5776e-01)
Epoch: [7][ 60/196]	L_Src_Sup 1.1283e+00 (1.5612e+00)	L_Trg_Inj 1.6816e+00 (1.9067e+00)	Loss Disc 6.7412e-01 (6.7939e-01)	Loss Pred 2.8743e-01 (2.5508e-01)	Loss TOTAL 9.0548e-01 (9.4771e-01)
Epoch: [7][ 70/196]	L_Src_Sup 1.9802e+00 (1.5683e+00)	L_Trg_Inj 1.9881e+00 (1.8721e+00)	Loss Disc 6.9607e-01 (6.7966e-01)	Loss Pred 2.6792e-01 (2.5465e-01)	Loss TOTAL 1.0128e+00 (9.5443e-01)
Epoch: [7][ 80/196]	L_Src_Sup 1.9958e+00 (1.6210e+00)	L_Trg_Inj 1.9960e+00 (1.8873e+00)	Loss Disc 6.9364e-01 (6.8244e-01)	Loss Pred 2.4681e-01 (2.5311e-01)	Loss TOTAL 9.9282e-01 (9.5928e-01)
Epoch: [7][ 90/196]	L_Src_Sup 1.9868e+00 (1.6621e+00)	L_Trg_Inj 1.9930e+00 (1.8992e+00)	Loss Disc 6.9344e-01 (6.8368e-01)	Loss Pred 2.4132e-01 (2.4996e-01)	Loss TOTAL 9.8603e-01 (9.6054e-01)
Epoch: [7][100/196]	L_Src_Sup 1.9904e+00 (1.6947e+00)	L_Trg_Inj 1.9942e+00 (1.9089e+00)	Loss Disc 6.9338e-01 (6.8465e-01)	Loss Pred 2.2920e-01 (2.4950e-01)	Loss TOTAL 9.7434e-01 (9.6360e-01)
Epoch: [7][110/196]	L_Src_Sup 1.9788e+00 (1.7211e+00)	L_Trg_Inj 1.9968e+00 (1.9168e+00)	Loss Disc 6.9347e-01 (6.8544e-01)	Loss Pred 2.3858e-01 (2.4884e-01)	Loss TOTAL 9.8288e-01 (9.6577e-01)
Epoch: [7][120/196]	L_Src_Sup 1.9904e+00 (1.7433e+00)	L_Trg_Inj 1.9955e+00 (1.9233e+00)	Loss Disc 6.9324e-01 (6.8610e-01)	Loss Pred 2.2472e-01 (2.4700e-01)	Loss TOTAL 9.6993e-01 (9.6641e-01)
Epoch: [7][130/196]	L_Src_Sup 1.9889e+00 (1.7619e+00)	L_Trg_Inj 1.9958e+00 (1.9289e+00)	Loss Disc 6.9326e-01 (6.8665e-01)	Loss Pred 2.4505e-01 (2.4563e-01)	Loss TOTAL 9.9016e-01 (9.6698e-01)
Epoch: [7][140/196]	L_Src_Sup 1.9883e+00 (1.7777e+00)	L_Trg_Inj 1.9946e+00 (1.9335e+00)	Loss Disc 6.9322e-01 (6.8712e-01)	Loss Pred 2.3119e-01 (2.4325e-01)	Loss TOTAL 9.7609e-01 (9.6630e-01)
Epoch: [7][150/196]	L_Src_Sup 1.9987e+00 (1.7915e+00)	L_Trg_Inj 1.9945e+00 (1.9374e+00)	Loss Disc 6.9285e-01 (6.8752e-01)	Loss Pred 2.1021e-01 (2.4208e-01)	Loss TOTAL 9.6018e-01 (9.6658e-01)
Epoch: [7][160/196]	L_Src_Sup 1.9841e+00 (1.8036e+00)	L_Trg_Inj 1.9943e+00 (1.9409e+00)	Loss Disc 6.9027e-01 (6.8775e-01)	Loss Pred 2.2963e-01 (2.4143e-01)	Loss TOTAL 9.7261e-01 (9.6719e-01)
Epoch: [7][170/196]	L_Src_Sup 1.9871e+00 (1.8139e+00)	L_Trg_Inj 1.9935e+00 (1.9441e+00)	Loss Disc 6.9220e-01 (6.8783e-01)	Loss Pred 2.6125e-01 (2.4021e-01)	Loss TOTAL 1.0054e+00 (9.6696e-01)
Epoch: [7][180/196]	L_Src_Sup 1.9382e+00 (1.8228e+00)	L_Trg_Inj 1.9913e+00 (1.9467e+00)	Loss Disc 6.9351e-01 (6.8808e-01)	Loss Pred 2.1613e-01 (2.3879e-01)	Loss TOTAL 9.5583e-01 (9.6643e-01)
Epoch: [7][190/196]	L_Src_Sup 1.9859e+00 (1.8305e+00)	L_Trg_Inj 1.9878e+00 (1.9491e+00)	Loss Disc 6.9333e-01 (6.8836e-01)	Loss Pred 2.3770e-01 (2.3788e-01)	Loss TOTAL 9.8173e-01 (9.6634e-01)
Epoch: [7][196/196]	L_Src_Sup 1.9535e+00 (1.8349e+00)	L_Trg_Inj 1.9886e+00 (1.9503e+00)	Loss Disc 6.9320e-01 (6.8851e-01)	Loss Pred 1.9141e-01 (2.3696e-01)	Loss TOTAL 9.3222e-01 (9.6591e-01)
VALIDATION RESULTS
Epoch: [7][27/27]	L_Src_Sup 1.9499e+00 (1.9650e+00)	L_Trg_Inj 1.9975e+00 (1.9977e+00)	Loss Disc 6.9329e-01 (6.9335e-01)	Loss Pred 2.0544e-01 (2.1876e-01)	Loss TOTAL 9.4683e-01 (9.6186e-01)
VALIDATION SOURCE PREDICTIONS
AUPRC score is : 1.0000 
Best F1 score is : 0.9999 
VALIDATION TARGET PREDICTIONS
AUPRC score is : 0.9961 
Best F1 score is : 0.9622 
Epoch: [8][ 10/196]	L_Src_Sup 1.9570e+00 (1.9669e+00)	L_Trg_Inj 1.9921e+00 (1.9887e+00)	Loss Disc 6.9333e-01 (6.9335e-01)	Loss Pred 2.3410e-01 (2.3603e-01)	Loss TOTAL 9.7568e-01 (9.7949e-01)
Epoch: [8][ 20/196]	L_Src_Sup 1.9739e+00 (1.9607e+00)	L_Trg_Inj 1.9823e+00 (1.9877e+00)	Loss Disc 6.9318e-01 (6.9330e-01)	Loss Pred 1.8712e-01 (2.2864e-01)	Loss TOTAL 9.2933e-01 (9.7074e-01)
Epoch: [8][ 30/196]	L_Src_Sup 1.9412e+00 (1.9578e+00)	L_Trg_Inj 1.9839e+00 (1.9862e+00)	Loss Disc 6.9312e-01 (6.9325e-01)	Loss Pred 2.3122e-01 (2.2579e-01)	Loss TOTAL 9.7029e-01 (9.6773e-01)
Epoch: [8][ 40/196]	L_Src_Sup 2.0119e+00 (1.9598e+00)	L_Trg_Inj 1.9698e+00 (1.9612e+00)	Loss Disc 6.9282e-01 (6.9320e-01)	Loss Pred 2.6410e-01 (2.2384e-01)	Loss TOTAL 1.0508e+00 (1.0283e+00)
Epoch: [8][ 50/196]	L_Src_Sup 1.9942e+00 (1.9663e+00)	L_Trg_Inj 1.9947e+00 (1.9675e+00)	Loss Disc 6.9200e-01 (6.9308e-01)	Loss Pred 2.5038e-01 (2.2397e-01)	Loss TOTAL 9.9526e-01 (1.0176e+00)
Epoch: [8][ 60/196]	L_Src_Sup 1.9852e+00 (1.9692e+00)	L_Trg_Inj 1.9950e+00 (1.9723e+00)	Loss Disc 6.9230e-01 (6.9279e-01)	Loss Pred 1.6193e-01 (2.2103e-01)	Loss TOTAL 9.0611e-01 (1.0064e+00)
Epoch: [8][ 70/196]	L_Src_Sup 1.9738e+00 (1.9713e+00)	L_Trg_Inj 1.9949e+00 (1.9754e+00)	Loss Disc 6.9474e-01 (6.9310e-01)	Loss Pred 2.0374e-01 (2.1682e-01)	Loss TOTAL 9.4798e-01 (9.9650e-01)
Epoch: [8][ 80/196]	L_Src_Sup 1.9925e+00 (1.9730e+00)	L_Trg_Inj 1.9952e+00 (1.9778e+00)	Loss Disc 6.9351e-01 (6.9317e-01)	Loss Pred 2.0430e-01 (2.1668e-01)	Loss TOTAL 9.4983e-01 (9.9202e-01)
Epoch: [8][ 90/196]	L_Src_Sup 1.9833e+00 (1.9744e+00)	L_Trg_Inj 1.9992e+00 (1.9797e+00)	Loss Disc 6.9352e-01 (6.9320e-01)	Loss Pred 1.7713e-01 (2.1525e-01)	Loss TOTAL 9.2214e-01 (9.8725e-01)
Epoch: [8][100/196]	L_Src_Sup 1.9954e+00 (1.9752e+00)	L_Trg_Inj 1.9974e+00 (1.9815e+00)	Loss Disc 6.9333e-01 (6.9322e-01)	Loss Pred 2.3543e-01 (2.1579e-01)	Loss TOTAL 9.8138e-01 (9.8505e-01)
Epoch: [8][110/196]	L_Src_Sup 1.9814e+00 (1.9751e+00)	L_Trg_Inj 1.9961e+00 (1.9821e+00)	Loss Disc 6.9310e-01 (6.9322e-01)	Loss Pred 2.0979e-01 (2.1447e-01)	Loss TOTAL 9.5409e-01 (9.8146e-01)
Epoch: [8][120/196]	L_Src_Sup 1.9975e+00 (1.9750e+00)	L_Trg_Inj 1.9970e+00 (1.9833e+00)	Loss Disc 6.9197e-01 (6.9318e-01)	Loss Pred 1.9829e-01 (2.1450e-01)	Loss TOTAL 9.4424e-01 (9.7953e-01)
Epoch: [8][130/196]	L_Src_Sup 1.9516e+00 (1.9755e+00)	L_Trg_Inj 1.9963e+00 (1.9843e+00)	Loss Disc 6.8809e-01 (6.9273e-01)	Loss Pred 1.9708e-01 (2.1160e-01)	Loss TOTAL 9.3592e-01 (9.7512e-01)
Epoch: [8][140/196]	L_Src_Sup 1.9697e+00 (1.9753e+00)	L_Trg_Inj 1.9951e+00 (1.9852e+00)	Loss Disc 6.9385e-01 (6.9272e-01)	Loss Pred 1.9513e-01 (2.1210e-01)	Loss TOTAL 9.3853e-01 (9.7417e-01)
Epoch: [8][150/196]	L_Src_Sup 1.9919e+00 (1.9753e+00)	L_Trg_Inj 1.9956e+00 (1.9858e+00)	Loss Disc 6.9335e-01 (6.9278e-01)	Loss Pred 1.6996e-01 (2.1081e-01)	Loss TOTAL 9.1538e-01 (9.7167e-01)
Epoch: [8][160/196]	L_Src_Sup 1.9235e+00 (1.9740e+00)	L_Trg_Inj 1.9913e+00 (1.9862e+00)	Loss Disc 6.9334e-01 (6.9281e-01)	Loss Pred 2.0516e-01 (2.1021e-01)	Loss TOTAL 9.4331e-01 (9.6986e-01)
Epoch: [8][170/196]	L_Src_Sup 2.0027e+00 (1.9705e+00)	L_Trg_Inj 1.9734e+00 (1.9853e+00)	Loss Disc 6.9324e-01 (6.9284e-01)	Loss Pred 1.9301e-01 (2.0935e-01)	Loss TOTAL 9.6646e-01 (9.6793e-01)
Epoch: [8][180/196]	L_Src_Sup 1.3778e+00 (1.9625e+00)	L_Trg_Inj 1.9538e+00 (1.9838e+00)	Loss Disc 6.9320e-01 (6.9286e-01)	Loss Pred 2.4220e-01 (2.1011e-01)	Loss TOTAL 9.2197e-01 (9.6700e-01)
Epoch: [8][190/196]	L_Src_Sup 2.0026e+00 (1.9554e+00)	L_Trg_Inj 1.9871e+00 (1.9756e+00)	Loss Disc 6.9319e-01 (6.9288e-01)	Loss Pred 2.2701e-01 (2.0873e-01)	Loss TOTAL 9.8807e-01 (9.7518e-01)
Epoch: [8][196/196]	L_Src_Sup 1.9961e+00 (1.9569e+00)	L_Trg_Inj 1.9973e+00 (1.9762e+00)	Loss Disc 6.9310e-01 (6.9289e-01)	Loss Pred 2.3932e-01 (2.0831e-01)	Loss TOTAL 9.8521e-01 (9.7441e-01)
VALIDATION RESULTS
Epoch: [8][27/27]	L_Src_Sup 1.9972e+00 (1.9912e+00)	L_Trg_Inj 1.9986e+00 (1.9984e+00)	Loss Disc 6.9314e-01 (6.9313e-01)	Loss Pred 1.7722e-01 (2.0436e-01)	Loss TOTAL 9.2337e-01 (9.5046e-01)
VALIDATION SOURCE PREDICTIONS
AUPRC score is : 1.0000 
Best F1 score is : 1.0000 
VALIDATION TARGET PREDICTIONS
AUPRC score is : 0.9936 
Best F1 score is : 0.9575 
Epoch: [9][ 10/196]	L_Src_Sup 1.9799e+00 (1.9823e+00)	L_Trg_Inj 1.9967e+00 (1.9969e+00)	Loss Disc 6.9296e-01 (6.9305e-01)	Loss Pred 1.8853e-01 (1.8959e-01)	Loss TOTAL 9.3268e-01 (9.3403e-01)
Epoch: [9][ 20/196]	L_Src_Sup 1.9295e+00 (1.9791e+00)	L_Trg_Inj 1.9946e+00 (1.9962e+00)	Loss Disc 6.9168e-01 (6.9279e-01)	Loss Pred 2.2511e-01 (1.9828e-01)	Loss TOTAL 9.6336e-01 (9.4232e-01)
Epoch: [9][ 30/196]	L_Src_Sup 1.8682e+00 (1.9695e+00)	L_Trg_Inj 1.9855e+00 (1.9944e+00)	Loss Disc 6.8585e-01 (6.9166e-01)	Loss Pred 1.8702e-01 (1.9398e-01)	Loss TOTAL 9.1532e-01 (9.3668e-01)
Epoch: [9][ 40/196]	L_Src_Sup 1.9154e+00 (1.9668e+00)	L_Trg_Inj 1.9779e+00 (1.9930e+00)	Loss Disc 6.7597e-01 (6.8947e-01)	Loss Pred 2.4941e-01 (1.9225e-01)	Loss TOTAL 9.7672e-01 (9.3347e-01)
Epoch: [9][ 50/196]	L_Src_Sup 1.5348e+00 (1.9170e+00)	L_Trg_Inj 1.9087e+00 (1.9855e+00)	Loss Disc 6.8200e-01 (6.8767e-01)	Loss Pred 1.8725e-01 (1.9362e-01)	Loss TOTAL 8.7260e-01 (9.2811e-01)
Epoch: [9][ 60/196]	L_Src_Sup 2.0022e+00 (1.9012e+00)	L_Trg_Inj 1.9927e+00 (1.9723e+00)	Loss Disc 6.8172e-01 (6.8660e-01)	Loss Pred 1.8427e-01 (1.9180e-01)	Loss TOTAL 9.3414e-01 (9.2745e-01)
Epoch: [9][ 70/196]	L_Src_Sup 1.9962e+00 (1.9115e+00)	L_Trg_Inj 1.9945e+00 (1.9756e+00)	Loss Disc 6.8454e-01 (6.8572e-01)	Loss Pred 1.5821e-01 (1.9131e-01)	Loss TOTAL 9.0116e-01 (9.2734e-01)
Epoch: [9][ 80/196]	L_Src_Sup 1.9841e+00 (1.9124e+00)	L_Trg_Inj 1.9904e+00 (1.9779e+00)	Loss Disc 6.8740e-01 (6.8525e-01)	Loss Pred 1.3153e-01 (1.8940e-01)	Loss TOTAL 8.7267e-01 (9.2497e-01)
Epoch: [9][ 90/196]	L_Src_Sup 1.9427e+00 (1.9086e+00)	L_Trg_Inj 1.9942e+00 (1.9798e+00)	Loss Disc 6.7728e-01 (6.8466e-01)	Loss Pred 2.2095e-01 (1.8998e-01)	Loss TOTAL 9.5329e-01 (9.2467e-01)
Epoch: [9][100/196]	L_Src_Sup 1.5831e+00 (1.8883e+00)	L_Trg_Inj 1.9630e+00 (1.9784e+00)	Loss Disc 6.8575e-01 (6.8429e-01)	Loss Pred 1.4367e-01 (1.8945e-01)	Loss TOTAL 8.4117e-01 (9.2163e-01)
Epoch: [9][110/196]	L_Src_Sup 1.9752e+00 (1.8595e+00)	L_Trg_Inj 1.9445e+00 (1.9710e+00)	Loss Disc 6.8132e-01 (6.8389e-01)	Loss Pred 1.6098e-01 (1.8953e-01)	Loss TOTAL 9.2435e-01 (9.1904e-01)
Epoch: [9][120/196]	L_Src_Sup 1.7295e+00 (1.8495e+00)	L_Trg_Inj 1.9454e+00 (1.9687e+00)	Loss Disc 6.7863e-01 (6.8355e-01)	Loss Pred 1.9591e-01 (1.8994e-01)	Loss TOTAL 9.0271e-01 (9.1796e-01)
Epoch: [9][130/196]	L_Src_Sup 2.0172e+00 (1.8318e+00)	L_Trg_Inj 1.9689e+00 (1.9628e+00)	Loss Disc 6.8026e-01 (6.8338e-01)	Loss Pred 1.9321e-01 (1.8910e-01)	Loss TOTAL 9.8017e-01 (9.1683e-01)
Epoch: [9][140/196]	L_Src_Sup 1.7844e+00 (1.8349e+00)	L_Trg_Inj 1.9865e+00 (1.9645e+00)	Loss Disc 6.7137e-01 (6.8301e-01)	Loss Pred 2.7154e-01 (1.9014e-01)	Loss TOTAL 9.8432e-01 (9.1774e-01)
Epoch: [9][150/196]	L_Src_Sup 1.9930e+00 (1.8326e+00)	L_Trg_Inj 1.9573e+00 (1.9658e+00)	Loss Disc 6.8734e-01 (6.8276e-01)	Loss Pred 1.1333e-01 (1.9014e-01)	Loss TOTAL 8.8773e-01 (9.1746e-01)
Epoch: [9][160/196]	L_Src_Sup 1.4480e+00 (1.8278e+00)	L_Trg_Inj 1.9895e+00 (1.9672e+00)	Loss Disc 6.7715e-01 (6.8249e-01)	Loss Pred 2.1807e-01 (1.9084e-01)	Loss TOTAL 9.0039e-01 (9.1729e-01)
Epoch: [9][170/196]	L_Src_Sup 1.7607e+00 (1.8218e+00)	L_Trg_Inj 1.9877e+00 (1.9678e+00)	Loss Disc 6.7423e-01 (6.8215e-01)	Loss Pred 2.3229e-01 (1.9207e-01)	Loss TOTAL 9.4425e-01 (9.1751e-01)
Epoch: [9][180/196]	L_Src_Sup 1.6258e+00 (1.7993e+00)	L_Trg_Inj 1.8803e+00 (1.9658e+00)	Loss Disc 6.8242e-01 (6.8210e-01)	Loss Pred 1.6453e-01 (1.9128e-01)	Loss TOTAL 8.5635e-01 (9.1394e-01)
Epoch: [9][190/196]	L_Src_Sup 2.0103e+00 (1.7892e+00)	L_Trg_Inj 1.9899e+00 (1.9519e+00)	Loss Disc 6.7821e-01 (6.8189e-01)	Loss Pred 1.9264e-01 (1.9227e-01)	Loss TOTAL 9.5211e-01 (9.2015e-01)
Epoch: [9][196/196]	L_Src_Sup 1.9955e+00 (1.7924e+00)	L_Trg_Inj 1.9961e+00 (1.9530e+00)	Loss Disc 6.7278e-01 (6.8177e-01)	Loss Pred 2.4518e-01 (1.9239e-01)	Loss TOTAL 9.8073e-01 (9.2039e-01)
VALIDATION RESULTS
Epoch: [9][27/27]	L_Src_Sup 1.6396e+00 (1.8849e+00)	L_Trg_Inj 1.9980e+00 (1.9954e+00)	Loss Disc 6.7922e-01 (6.8005e-01)	Loss Pred 1.9597e-01 (1.8089e-01)	Loss TOTAL 8.9935e-01 (9.0970e-01)
VALIDATION SOURCE PREDICTIONS
AUPRC score is : 1.0000 
Best F1 score is : 1.0000 
VALIDATION TARGET PREDICTIONS
AUPRC score is : 0.6653 
Best F1 score is : 0.8645 
Epoch: [10][ 10/196]	L_Src_Sup 1.9956e+00 (1.8847e+00)	L_Trg_Inj 1.9839e+00 (1.9935e+00)	Loss Disc 6.7848e-01 (6.7923e-01)	Loss Pred 2.0378e-01 (1.9071e-01)	Loss TOTAL 9.5262e-01 (9.2059e-01)
Epoch: [10][ 20/196]	L_Src_Sup 1.8121e+00 (1.8474e+00)	L_Trg_Inj 1.9975e+00 (1.9937e+00)	Loss Disc 6.7481e-01 (6.7850e-01)	Loss Pred 2.1847e-01 (1.9853e-01)	Loss TOTAL 9.3684e-01 (9.2332e-01)
Epoch: [10][ 30/196]	L_Src_Sup 1.9919e+00 (1.8063e+00)	L_Trg_Inj 1.9696e+00 (1.9925e+00)	Loss Disc 6.8582e-01 (6.7942e-01)	Loss Pred 1.3408e-01 (1.9052e-01)	Loss TOTAL 8.9539e-01 (9.1190e-01)
Epoch: [10][ 40/196]	L_Src_Sup 1.6432e+00 (1.7794e+00)	L_Trg_Inj 1.9814e+00 (1.9911e+00)	Loss Disc 6.7916e-01 (6.7893e-01)	Loss Pred 1.7584e-01 (1.9011e-01)	Loss TOTAL 8.7789e-01 (9.0943e-01)
Epoch: [10][ 50/196]	L_Src_Sup 1.9970e+00 (1.7795e+00)	L_Trg_Inj 1.9843e+00 (1.9893e+00)	Loss Disc 6.8301e-01 (6.7892e-01)	Loss Pred 1.2132e-01 (1.8722e-01)	Loss TOTAL 8.7371e-01 (9.0717e-01)
Epoch: [10][ 60/196]	L_Src_Sup 1.6176e+00 (1.7726e+00)	L_Trg_Inj 1.9559e+00 (1.9883e+00)	Loss Disc 6.7723e-01 (6.7890e-01)	Loss Pred 2.0264e-01 (1.8478e-01)	Loss TOTAL 8.9861e-01 (9.0404e-01)
Epoch: [10][ 70/196]	L_Src_Sup 1.8609e+00 (1.7744e+00)	L_Trg_Inj 1.9766e+00 (1.9876e+00)	Loss Disc 6.8439e-01 (6.7908e-01)	Loss Pred 1.4535e-01 (1.8405e-01)	Loss TOTAL 8.7130e-01 (9.0364e-01)
Epoch: [10][ 80/196]	L_Src_Sup 1.1857e+00 (1.7466e+00)	L_Trg_Inj 1.9464e+00 (1.9840e+00)	Loss Disc 6.7715e-01 (6.7920e-01)	Loss Pred 2.0198e-01 (1.8364e-01)	Loss TOTAL 8.5377e-01 (8.9967e-01)
Epoch: [10][ 90/196]	L_Src_Sup 2.0000e+00 (1.7578e+00)	L_Trg_Inj 1.9945e+00 (1.9734e+00)	Loss Disc 6.9314e-01 (6.7992e-01)	Loss Pred 1.7510e-01 (1.8632e-01)	Loss TOTAL 9.2657e-01 (9.1758e-01)
Epoch: [10][100/196]	L_Src_Sup 2.0000e+00 (1.7820e+00)	L_Trg_Inj 1.9971e+00 (1.9757e+00)	Loss Disc 6.9316e-01 (6.8124e-01)	Loss Pred 2.4967e-01 (1.9004e-01)	Loss TOTAL 9.9887e-01 (9.2316e-01)
Epoch: [10][110/196]	L_Src_Sup 2.0000e+00 (1.8018e+00)	L_Trg_Inj 1.9985e+00 (1.9777e+00)	Loss Disc 6.9317e-01 (6.8232e-01)	Loss Pred 1.9239e-01 (1.9304e-01)	Loss TOTAL 9.4033e-01 (9.2761e-01)
Epoch: [10][120/196]	L_Src_Sup 2.0000e+00 (1.8183e+00)	L_Trg_Inj 1.9989e+00 (1.9794e+00)	Loss Disc 6.9318e-01 (6.8323e-01)	Loss Pred 2.4923e-01 (1.9486e-01)	Loss TOTAL 9.9680e-01 (9.3054e-01)
Epoch: [10][130/196]	L_Src_Sup 2.0000e+00 (1.8323e+00)	L_Trg_Inj 1.9994e+00 (1.9809e+00)	Loss Disc 6.9319e-01 (6.8399e-01)	Loss Pred 1.1499e-01 (1.9845e-01)	Loss TOTAL 8.6209e-01 (9.3502e-01)
Epoch: [10][140/196]	L_Src_Sup 2.0000e+00 (1.8443e+00)	L_Trg_Inj 1.9996e+00 (1.9823e+00)	Loss Disc 6.9320e-01 (6.8465e-01)	Loss Pred 2.2990e-01 (2.0166e-01)	Loss TOTAL 9.7684e-01 (9.3897e-01)
Epoch: [10][150/196]	L_Src_Sup 2.0000e+00 (1.8547e+00)	L_Trg_Inj 1.9997e+00 (1.9834e+00)	Loss Disc 6.9320e-01 (6.8522e-01)	Loss Pred 1.1416e-01 (2.0315e-01)	Loss TOTAL 8.6103e-01 (9.4110e-01)
Epoch: [10][160/196]	L_Src_Sup 2.0000e+00 (1.8637e+00)	L_Trg_Inj 1.9998e+00 (1.9844e+00)	Loss Disc 6.9320e-01 (6.8572e-01)	Loss Pred 1.7156e-01 (2.0420e-01)	Loss TOTAL 9.1838e-01 (9.4271e-01)
Epoch: [10][170/196]	L_Src_Sup 2.0000e+00 (1.8718e+00)	L_Trg_Inj 1.9999e+00 (1.9854e+00)	Loss Disc 6.9320e-01 (6.8616e-01)	Loss Pred 1.9054e-01 (2.0398e-01)	Loss TOTAL 9.3727e-01 (9.4297e-01)
Epoch: [10][180/196]	L_Src_Sup 2.0000e+00 (1.8789e+00)	L_Trg_Inj 1.9999e+00 (1.9862e+00)	Loss Disc 6.9320e-01 (6.8655e-01)	Loss Pred 3.0698e-01 (2.0646e-01)	Loss TOTAL 1.0537e+00 (9.4588e-01)
Epoch: [10][190/196]	L_Src_Sup 2.0000e+00 (1.8853e+00)	L_Trg_Inj 1.9999e+00 (1.9869e+00)	Loss Disc 6.9320e-01 (6.8690e-01)	Loss Pred 2.0958e-01 (2.0632e-01)	Loss TOTAL 9.5627e-01 (9.4613e-01)
Epoch: [10][196/196]	L_Src_Sup 2.0000e+00 (1.8888e+00)	L_Trg_Inj 1.9999e+00 (1.9873e+00)	Loss Disc 6.9320e-01 (6.8709e-01)	Loss Pred 2.2900e-01 (2.0692e-01)	Loss TOTAL 9.7568e-01 (9.4694e-01)
VALIDATION RESULTS
Epoch: [10][27/27]	L_Src_Sup 2.0000e+00 (2.0000e+00)	L_Trg_Inj 2.0000e+00 (2.0000e+00)	Loss Disc 6.9320e-01 (6.9320e-01)	Loss Pred 2.6806e-01 (2.2935e-01)	Loss TOTAL 1.0147e+00 (9.7595e-01)
VALIDATION SOURCE PREDICTIONS
AUPRC score is : 0.9997 
Best F1 score is : 0.9960 
VALIDATION TARGET PREDICTIONS
AUPRC score is : 0.9897 
Best F1 score is : 0.9444 
Epoch: [11][ 10/196]	L_Src_Sup 2.0000e+00 (2.0000e+00)	L_Trg_Inj 1.9999e+00 (1.9999e+00)	Loss Disc 6.9320e-01 (6.9320e-01)	Loss Pred 1.7003e-01 (1.8392e-01)	Loss TOTAL 9.1670e-01 (9.3062e-01)
Epoch: [11][ 20/196]	L_Src_Sup 2.0000e+00 (2.0000e+00)	L_Trg_Inj 1.9999e+00 (1.9999e+00)	Loss Disc 6.9320e-01 (6.9320e-01)	Loss Pred 1.1073e-01 (1.9750e-01)	Loss TOTAL 8.5738e-01 (9.4418e-01)
Epoch: [11][ 30/196]	L_Src_Sup 2.0000e+00 (2.0000e+00)	L_Trg_Inj 1.9999e+00 (1.9999e+00)	Loss Disc 6.9320e-01 (6.9320e-01)	Loss Pred 2.4833e-01 (2.1445e-01)	Loss TOTAL 9.9499e-01 (9.6112e-01)
Epoch: [11][ 40/196]	L_Src_Sup 2.0000e+00 (2.0000e+00)	L_Trg_Inj 2.0000e+00 (1.9999e+00)	Loss Disc 6.9320e-01 (6.9320e-01)	Loss Pred 2.2863e-01 (2.2440e-01)	Loss TOTAL 9.7527e-01 (9.7107e-01)
Epoch: [11][ 50/196]	L_Src_Sup 2.0000e+00 (2.0000e+00)	L_Trg_Inj 1.9999e+00 (1.9999e+00)	Loss Disc 6.9320e-01 (6.9320e-01)	Loss Pred 3.0738e-01 (2.3233e-01)	Loss TOTAL 1.0540e+00 (9.7900e-01)
Epoch: [11][ 60/196]	L_Src_Sup 2.0000e+00 (2.0000e+00)	L_Trg_Inj 2.0000e+00 (1.9999e+00)	Loss Disc 6.9320e-01 (6.9320e-01)	Loss Pred 2.6798e-01 (2.3039e-01)	Loss TOTAL 1.0146e+00 (9.7705e-01)
Epoch: [11][ 70/196]	L_Src_Sup 2.0000e+00 (2.0000e+00)	L_Trg_Inj 1.9999e+00 (1.9999e+00)	Loss Disc 6.9320e-01 (6.9320e-01)	Loss Pred 2.2839e-01 (2.3039e-01)	Loss TOTAL 9.7503e-01 (9.7705e-01)
Epoch: [11][ 80/196]	L_Src_Sup 2.0000e+00 (2.0000e+00)	L_Trg_Inj 1.9999e+00 (1.9999e+00)	Loss Disc 6.9320e-01 (6.9320e-01)	Loss Pred 1.6893e-01 (2.2989e-01)	Loss TOTAL 9.1558e-01 (9.7655e-01)
Epoch: [11][ 90/196]	L_Src_Sup 2.0000e+00 (2.0000e+00)	L_Trg_Inj 1.9999e+00 (1.9999e+00)	Loss Disc 6.9320e-01 (6.9320e-01)	Loss Pred 2.2802e-01 (2.2838e-01)	Loss TOTAL 9.7467e-01 (9.7504e-01)
Epoch: [11][100/196]	L_Src_Sup 2.0000e+00 (2.0000e+00)	L_Trg_Inj 1.9995e+00 (1.9999e+00)	Loss Disc 6.9327e-01 (6.9320e-01)	Loss Pred 1.2861e-01 (2.2689e-01)	Loss TOTAL 8.7573e-01 (9.7357e-01)
Epoch: [11][110/196]	L_Src_Sup 2.0004e+00 (2.0000e+00)	L_Trg_Inj 1.9996e+00 (1.9999e+00)	Loss Disc 6.9299e-01 (6.9318e-01)	Loss Pred 1.4086e-01 (2.2458e-01)	Loss TOTAL 8.8814e-01 (9.7128e-01)
Epoch: [11][120/196]	L_Src_Sup 1.9998e+00 (2.0000e+00)	L_Trg_Inj 1.9993e+00 (1.9999e+00)	Loss Disc 6.8628e-01 (6.9291e-01)	Loss Pred 2.2619e-01 (2.2278e-01)	Loss TOTAL 9.6975e-01 (9.6936e-01)
Epoch: [11][130/196]	L_Src_Sup 1.9998e+00 (2.0000e+00)	L_Trg_Inj 1.9996e+00 (1.9998e+00)	Loss Disc 6.9632e-01 (6.9326e-01)	Loss Pred 2.0657e-01 (2.1965e-01)	Loss TOTAL 9.5490e-01 (9.6643e-01)
Epoch: [11][140/196]	L_Src_Sup 1.9998e+00 (2.0000e+00)	L_Trg_Inj 1.9997e+00 (1.9998e+00)	Loss Disc 6.9348e-01 (6.9331e-01)	Loss Pred 2.3728e-01 (2.1675e-01)	Loss TOTAL 9.8405e-01 (9.6354e-01)
Epoch: [11][150/196]	L_Src_Sup 1.9997e+00 (2.0000e+00)	L_Trg_Inj 1.9997e+00 (1.9998e+00)	Loss Disc 6.9325e-01 (6.9332e-01)	Loss Pred 1.1016e-01 (2.1368e-01)	Loss TOTAL 8.5674e-01 (9.6046e-01)
Epoch: [11][160/196]	L_Src_Sup 1.9997e+00 (1.9999e+00)	L_Trg_Inj 1.9998e+00 (1.9998e+00)	Loss Disc 6.9340e-01 (6.9332e-01)	Loss Pred 1.7312e-01 (2.1105e-01)	Loss TOTAL 9.1976e-01 (9.5783e-01)
Epoch: [11][170/196]	L_Src_Sup 1.9996e+00 (1.9999e+00)	L_Trg_Inj 1.9997e+00 (1.9998e+00)	Loss Disc 6.9331e-01 (6.9332e-01)	Loss Pred 1.5742e-01 (2.0882e-01)	Loss TOTAL 9.0401e-01 (9.5559e-01)
Epoch: [11][180/196]	L_Src_Sup 1.9997e+00 (1.9999e+00)	L_Trg_Inj 1.9997e+00 (1.9998e+00)	Loss Disc 6.9329e-01 (6.9332e-01)	Loss Pred 2.0418e-01 (2.0655e-01)	Loss TOTAL 9.5077e-01 (9.5332e-01)
Epoch: [11][190/196]	L_Src_Sup 1.9996e+00 (1.9999e+00)	L_Trg_Inj 1.9999e+00 (1.9998e+00)	Loss Disc 6.9330e-01 (6.9332e-01)	Loss Pred 2.0372e-01 (2.0650e-01)	Loss TOTAL 9.5032e-01 (9.5327e-01)
Epoch: [11][196/196]	L_Src_Sup 1.9999e+00 (1.9999e+00)	L_Trg_Inj 1.9996e+00 (1.9998e+00)	Loss Disc 6.9319e-01 (6.9332e-01)	Loss Pred 1.8736e-01 (2.0608e-01)	Loss TOTAL 9.3427e-01 (9.5285e-01)
VALIDATION RESULTS
Epoch: [11][27/27]	L_Src_Sup 2.0001e+00 (2.0002e+00)	L_Trg_Inj 1.9983e+00 (1.9983e+00)	Loss Disc 6.9322e-01 (6.9322e-01)	Loss Pred 1.6300e-01 (1.7963e-01)	Loss TOTAL 9.1121e-01 (9.2798e-01)
VALIDATION SOURCE PREDICTIONS
AUPRC score is : 1.0000 
Best F1 score is : 1.0000 
VALIDATION TARGET PREDICTIONS
AUPRC score is : 0.9254 
Best F1 score is : 0.8641 
Epoch: [12][ 10/196]	L_Src_Sup 1.9997e+00 (1.9999e+00)	L_Trg_Inj 1.9996e+00 (1.9994e+00)	Loss Disc 6.9329e-01 (6.9323e-01)	Loss Pred 2.0260e-01 (1.7742e-01)	Loss TOTAL 9.4927e-01 (9.2438e-01)
Epoch: [12][ 20/196]	L_Src_Sup 1.9998e+00 (1.9997e+00)	L_Trg_Inj 1.9990e+00 (1.9995e+00)	Loss Disc 6.9319e-01 (6.9322e-01)	Loss Pred 1.8616e-01 (1.7164e-01)	Loss TOTAL 9.3343e-01 (9.1848e-01)
Epoch: [12][ 30/196]	L_Src_Sup 1.9998e+00 (1.9999e+00)	L_Trg_Inj 1.9992e+00 (1.9995e+00)	Loss Disc 6.9333e-01 (6.9323e-01)	Loss Pred 1.7126e-01 (1.7333e-01)	Loss TOTAL 9.1840e-01 (9.2036e-01)
Epoch: [12][ 40/196]	L_Src_Sup 1.9997e+00 (1.9998e+00)	L_Trg_Inj 1.9998e+00 (1.9995e+00)	Loss Disc 6.9320e-01 (6.9322e-01)	Loss Pred 9.0746e-02 (1.7642e-01)	Loss TOTAL 8.3729e-01 (9.2336e-01)
Epoch: [12][ 50/196]	L_Src_Sup 1.9998e+00 (1.9998e+00)	L_Trg_Inj 1.9995e+00 (1.9995e+00)	Loss Disc 6.9296e-01 (6.9320e-01)	Loss Pred 1.5408e-01 (1.7317e-01)	Loss TOTAL 9.0084e-01 (9.2008e-01)
Epoch: [12][ 60/196]	L_Src_Sup 1.9990e+00 (1.9998e+00)	L_Trg_Inj 1.9998e+00 (1.9995e+00)	Loss Disc 6.9275e-01 (6.9307e-01)	Loss Pred 1.8475e-01 (1.7569e-01)	Loss TOTAL 9.3102e-01 (9.2255e-01)
Epoch: [12][ 70/196]	L_Src_Sup 1.9993e+00 (1.9997e+00)	L_Trg_Inj 1.9996e+00 (1.9995e+00)	Loss Disc 6.9324e-01 (6.9313e-01)	Loss Pred 2.3269e-01 (1.7702e-01)	Loss TOTAL 9.7920e-01 (9.2384e-01)
Epoch: [12][ 80/196]	L_Src_Sup 1.9990e+00 (1.9995e+00)	L_Trg_Inj 1.9995e+00 (1.9996e+00)	Loss Disc 6.9297e-01 (6.9312e-01)	Loss Pred 2.0022e-01 (1.7935e-01)	Loss TOTAL 9.4656e-01 (9.2611e-01)
Epoch: [12][ 90/196]	L_Src_Sup 2.0056e+00 (2.0010e+00)	L_Trg_Inj 1.9978e+00 (1.9994e+00)	Loss Disc 6.9219e-01 (6.9306e-01)	Loss Pred 1.5452e-01 (1.8004e-01)	Loss TOTAL 9.0879e-01 (9.2913e-01)
Epoch: [12][100/196]	L_Src_Sup 1.9998e+00 (2.0009e+00)	L_Trg_Inj 1.9999e+00 (1.9994e+00)	Loss Disc 6.8660e-01 (6.9254e-01)	Loss Pred 1.3845e-01 (1.8247e-01)	Loss TOTAL 8.8172e-01 (9.3109e-01)
Epoch: [12][110/196]	L_Src_Sup 1.9994e+00 (2.0008e+00)	L_Trg_Inj 1.9999e+00 (1.9994e+00)	Loss Disc 6.7782e-01 (6.9148e-01)	Loss Pred 2.1688e-01 (1.8306e-01)	Loss TOTAL 9.5572e-01 (9.3093e-01)
Epoch: [12][120/196]	L_Src_Sup 1.9990e+00 (2.0007e+00)	L_Trg_Inj 1.9999e+00 (1.9995e+00)	Loss Disc 6.8025e-01 (6.9043e-01)	Loss Pred 1.8483e-01 (1.8451e-01)	Loss TOTAL 9.2484e-01 (9.3167e-01)
Epoch: [12][130/196]	L_Src_Sup 1.9996e+00 (2.0006e+00)	L_Trg_Inj 1.9999e+00 (1.9995e+00)	Loss Disc 6.8449e-01 (6.8965e-01)	Loss Pred 1.3715e-01 (1.8427e-01)	Loss TOTAL 8.7933e-01 (9.3088e-01)
Epoch: [12][140/196]	L_Src_Sup 1.9997e+00 (2.0004e+00)	L_Trg_Inj 1.9998e+00 (1.9995e+00)	Loss Disc 6.7728e-01 (6.8906e-01)	Loss Pred 2.1593e-01 (1.8326e-01)	Loss TOTAL 9.5452e-01 (9.2944e-01)
Epoch: [12][150/196]	L_Src_Sup 1.9925e+00 (2.0003e+00)	L_Trg_Inj 1.9997e+00 (1.9995e+00)	Loss Disc 6.8738e-01 (6.8849e-01)	Loss Pred 9.0083e-02 (1.8260e-01)	Loss TOTAL 8.3299e-01 (9.2837e-01)
Epoch: [12][160/196]	L_Src_Sup 1.9975e+00 (2.0000e+00)	L_Trg_Inj 1.9996e+00 (1.9996e+00)	Loss Disc 6.8302e-01 (6.8802e-01)	Loss Pred 1.5293e-01 (1.8210e-01)	Loss TOTAL 8.9415e-01 (9.2752e-01)
Epoch: [12][170/196]	L_Src_Sup 1.9993e+00 (1.9995e+00)	L_Trg_Inj 1.9996e+00 (1.9995e+00)	Loss Disc 6.8163e-01 (6.8765e-01)	Loss Pred 1.5305e-01 (1.8092e-01)	Loss TOTAL 8.9376e-01 (9.2603e-01)
Epoch: [12][180/196]	L_Src_Sup 1.9976e+00 (1.9992e+00)	L_Trg_Inj 1.9995e+00 (1.9993e+00)	Loss Disc 6.7813e-01 (6.8760e-01)	Loss Pred 2.6503e-01 (1.8142e-01)	Loss TOTAL 1.0038e+00 (9.2656e-01)
Epoch: [12][190/196]	L_Src_Sup 1.9918e+00 (1.9988e+00)	L_Trg_Inj 1.9997e+00 (1.9993e+00)	Loss Disc 6.7461e-01 (6.8731e-01)	Loss Pred 2.4838e-01 (1.8068e-01)	Loss TOTAL 9.8483e-01 (9.2557e-01)
Epoch: [12][196/196]	L_Src_Sup 1.9981e+00 (1.9986e+00)	L_Trg_Inj 1.9996e+00 (1.9994e+00)	Loss Disc 6.7732e-01 (6.8716e-01)	Loss Pred 2.1567e-01 (1.8006e-01)	Loss TOTAL 9.5411e-01 (9.2481e-01)
VALIDATION RESULTS
Epoch: [12][27/27]	L_Src_Sup 1.9999e+00 (1.9918e+00)	L_Trg_Inj 1.9990e+00 (1.9995e+00)	Loss Disc 6.8665e-01 (6.8045e-01)	Loss Pred 1.1205e-01 (1.7925e-01)	Loss TOTAL 8.5615e-01 (9.1864e-01)
VALIDATION SOURCE PREDICTIONS
AUPRC score is : 1.0000 
Best F1 score is : 0.9999 
VALIDATION TARGET PREDICTIONS
AUPRC score is : 0.9078 
Best F1 score is : 0.8637 
Epoch: [13][ 10/196]	L_Src_Sup 1.9863e+00 (1.9814e+00)	L_Trg_Inj 1.9995e+00 (1.9990e+00)	Loss Disc 6.8155e-01 (6.7903e-01)	Loss Pred 1.6783e-01 (1.9506e-01)	Loss TOTAL 9.0718e-01 (9.3261e-01)
Epoch: [13][ 20/196]	L_Src_Sup 2.0004e+00 (1.9889e+00)	L_Trg_Inj 1.9996e+00 (1.9980e+00)	Loss Disc 7.0451e-01 (7.0072e-01)	Loss Pred 1.8801e-01 (1.8189e-01)	Loss TOTAL 9.4110e-01 (9.3549e-01)
Epoch: [13][ 30/196]	L_Src_Sup 1.9999e+00 (1.9926e+00)	L_Trg_Inj 1.9997e+00 (1.9985e+00)	Loss Disc 6.9376e-01 (6.9862e-01)	Loss Pred 2.0160e-01 (1.7414e-01)	Loss TOTAL 9.4859e-01 (9.2572e-01)
Epoch: [13][ 40/196]	L_Src_Sup 1.9999e+00 (1.9944e+00)	L_Trg_Inj 1.9995e+00 (1.9988e+00)	Loss Disc 6.9354e-01 (6.9737e-01)	Loss Pred 8.8606e-02 (1.6896e-01)	Loss TOTAL 8.3573e-01 (9.1939e-01)
Epoch: [13][ 50/196]	L_Src_Sup 2.0000e+00 (1.9955e+00)	L_Trg_Inj 1.9997e+00 (1.9990e+00)	Loss Disc 6.9333e-01 (6.9657e-01)	Loss Pred 1.5233e-01 (1.7185e-01)	Loss TOTAL 8.9921e-01 (9.2154e-01)
Epoch: [13][ 60/196]	L_Src_Sup 1.9998e+00 (1.9962e+00)	L_Trg_Inj 1.9997e+00 (1.9991e+00)	Loss Disc 6.9320e-01 (6.9603e-01)	Loss Pred 2.3221e-01 (1.7369e-01)	Loss TOTAL 9.7888e-01 (9.2288e-01)
Epoch: [13][ 70/196]	L_Src_Sup 1.9995e+00 (1.9967e+00)	L_Trg_Inj 1.9999e+00 (1.9992e+00)	Loss Disc 6.9298e-01 (6.9561e-01)	Loss Pred 1.6728e-01 (1.7738e-01)	Loss TOTAL 9.1371e-01 (9.2620e-01)
Epoch: [13][ 80/196]	L_Src_Sup 1.9989e+00 (1.9971e+00)	L_Trg_Inj 1.9998e+00 (1.9993e+00)	Loss Disc 6.9075e-01 (6.9517e-01)	Loss Pred 1.9861e-01 (1.7629e-01)	Loss TOTAL 9.4385e-01 (9.2477e-01)
Epoch: [13][ 90/196]	L_Src_Sup 2.0000e+00 (1.9974e+00)	L_Trg_Inj 1.9998e+00 (1.9993e+00)	Loss Disc 6.9336e-01 (6.9486e-01)	Loss Pred 1.3516e-01 (1.7648e-01)	Loss TOTAL 8.8207e-01 (9.2472e-01)
Epoch: [13][100/196]	L_Src_Sup 1.9997e+00 (1.9976e+00)	L_Trg_Inj 1.9999e+00 (1.9994e+00)	Loss Disc 6.9324e-01 (6.9472e-01)	Loss Pred 1.5069e-01 (1.7866e-01)	Loss TOTAL 8.9727e-01 (9.2675e-01)
Epoch: [13][110/196]	L_Src_Sup 1.9986e+00 (1.9977e+00)	L_Trg_Inj 1.9998e+00 (1.9994e+00)	Loss Disc 6.9321e-01 (6.9459e-01)	Loss Pred 1.6616e-01 (1.8142e-01)	Loss TOTAL 9.1260e-01 (9.2936e-01)
Epoch: [13][120/196]	L_Src_Sup 2.0006e+00 (1.9979e+00)	L_Trg_Inj 1.9998e+00 (1.9995e+00)	Loss Disc 6.9317e-01 (6.9447e-01)	Loss Pred 1.1923e-01 (1.8081e-01)	Loss TOTAL 8.6668e-01 (9.2867e-01)
Epoch: [13][130/196]	L_Src_Sup 1.9984e+00 (1.9980e+00)	L_Trg_Inj 1.9999e+00 (1.9995e+00)	Loss Disc 6.9323e-01 (6.9437e-01)	Loss Pred 2.6038e-01 (1.8164e-01)	Loss TOTAL 1.0068e+00 (9.2942e-01)
Epoch: [13][140/196]	L_Src_Sup 1.9997e+00 (1.9981e+00)	L_Trg_Inj 1.9998e+00 (1.9995e+00)	Loss Disc 6.9317e-01 (6.9429e-01)	Loss Pred 1.5012e-01 (1.8254e-01)	Loss TOTAL 8.9665e-01 (9.3022e-01)
Epoch: [13][150/196]	L_Src_Sup 1.9992e+00 (1.9981e+00)	L_Trg_Inj 1.9999e+00 (1.9995e+00)	Loss Disc 6.9317e-01 (6.9421e-01)	Loss Pred 1.6587e-01 (1.8206e-01)	Loss TOTAL 9.1237e-01 (9.2966e-01)
Epoch: [13][160/196]	L_Src_Sup 1.9945e+00 (1.9980e+00)	L_Trg_Inj 1.9996e+00 (1.9996e+00)	Loss Disc 6.9314e-01 (6.9415e-01)	Loss Pred 1.6583e-01 (1.8251e-01)	Loss TOTAL 9.1181e-01 (9.3003e-01)
Epoch: [13][170/196]	L_Src_Sup 1.9880e+00 (1.9980e+00)	L_Trg_Inj 1.9989e+00 (1.9995e+00)	Loss Disc 6.9312e-01 (6.9409e-01)	Loss Pred 1.8120e-01 (1.8153e-01)	Loss TOTAL 9.2646e-01 (9.2896e-01)
Epoch: [13][180/196]	L_Src_Sup 1.8503e+00 (1.9962e+00)	L_Trg_Inj 1.9973e+00 (1.9994e+00)	Loss Disc 6.9304e-01 (6.9403e-01)	Loss Pred 1.3554e-01 (1.8022e-01)	Loss TOTAL 8.6683e-01 (9.2745e-01)
Epoch: [13][190/196]	L_Src_Sup 2.0010e+00 (1.9932e+00)	L_Trg_Inj 1.9997e+00 (1.9994e+00)	Loss Disc 6.9272e-01 (6.9398e-01)	Loss Pred 1.8417e-01 (1.7822e-01)	Loss TOTAL 9.3195e-01 (9.2646e-01)
Epoch: [13][196/196]	L_Src_Sup 1.9997e+00 (1.9934e+00)	L_Trg_Inj 1.9997e+00 (1.9994e+00)	Loss Disc 6.9201e-01 (6.9393e-01)	Loss Pred 1.9909e-01 (1.7790e-01)	Loss TOTAL 9.4504e-01 (9.2608e-01)
VALIDATION RESULTS
Epoch: [13][27/27]	L_Src_Sup 1.9996e+00 (1.9994e+00)	L_Trg_Inj 1.9998e+00 (1.9998e+00)	Loss Disc 6.9197e-01 (6.9188e-01)	Loss Pred 1.5088e-01 (1.7461e-01)	Loss TOTAL 8.9680e-01 (9.2049e-01)
VALIDATION SOURCE PREDICTIONS
AUPRC score is : 1.0000 
Best F1 score is : 1.0000 
VALIDATION TARGET PREDICTIONS
AUPRC score is : 0.9506 
Best F1 score is : 0.8632 
Epoch: [14][ 10/196]	L_Src_Sup 1.9995e+00 (1.9996e+00)	L_Trg_Inj 1.9998e+00 (1.9998e+00)	Loss Disc 6.9248e-01 (6.9162e-01)	Loss Pred 1.3532e-01 (1.6991e-01)	Loss TOTAL 8.8149e-01 (9.1568e-01)
Epoch: [14][ 20/196]	L_Src_Sup 1.9997e+00 (1.9995e+00)	L_Trg_Inj 1.9997e+00 (1.9998e+00)	Loss Disc 6.8922e-01 (6.9080e-01)	Loss Pred 1.6580e-01 (1.9711e-01)	Loss TOTAL 9.1036e-01 (9.4247e-01)
Epoch: [14][ 30/196]	L_Src_Sup 1.9979e+00 (1.9992e+00)	L_Trg_Inj 1.9989e+00 (1.9997e+00)	Loss Disc 6.8768e-01 (6.8998e-01)	Loss Pred 1.9712e-01 (1.8514e-01)	Loss TOTAL 9.4064e-01 (9.3005e-01)
Epoch: [14][ 40/196]	L_Src_Sup 2.0000e+00 (1.9991e+00)	L_Trg_Inj 1.9993e+00 (1.9994e+00)	Loss Disc 6.9792e-01 (6.9033e-01)	Loss Pred 1.1917e-01 (1.8119e-01)	Loss TOTAL 8.6878e-01 (9.2637e-01)
Epoch: [14][ 50/196]	L_Src_Sup 1.9991e+00 (1.9992e+00)	L_Trg_Inj 1.9996e+00 (1.9994e+00)	Loss Disc 6.9354e-01 (6.9120e-01)	Loss Pred 1.8263e-01 (1.7648e-01)	Loss TOTAL 9.2927e-01 (9.2213e-01)
Epoch: [14][ 60/196]	L_Src_Sup 1.9992e+00 (1.9991e+00)	L_Trg_Inj 1.9994e+00 (1.9993e+00)	Loss Disc 6.9305e-01 (6.9159e-01)	Loss Pred 2.2926e-01 (1.7495e-01)	Loss TOTAL 9.7564e-01 (9.2077e-01)
Epoch: [14][ 70/196]	L_Src_Sup 1.9989e+00 (1.9991e+00)	L_Trg_Inj 1.9993e+00 (1.9993e+00)	Loss Disc 6.9379e-01 (6.9187e-01)	Loss Pred 1.9713e-01 (1.7590e-01)	Loss TOTAL 9.4385e-01 (9.2183e-01)
Epoch: [14][ 80/196]	L_Src_Sup 1.9992e+00 (1.9990e+00)	L_Trg_Inj 1.9981e+00 (1.9992e+00)	Loss Disc 6.9340e-01 (6.9206e-01)	Loss Pred 2.1267e-01 (1.7774e-01)	Loss TOTAL 9.6020e-01 (9.2375e-01)
Epoch: [14][ 90/196]	L_Src_Sup 1.9989e+00 (1.9989e+00)	L_Trg_Inj 1.9992e+00 (1.9992e+00)	Loss Disc 6.9277e-01 (6.9221e-01)	Loss Pred 1.4921e-01 (1.7305e-01)	Loss TOTAL 8.9540e-01 (9.1912e-01)
Epoch: [14][100/196]	L_Src_Sup 1.9970e+00 (1.9987e+00)	L_Trg_Inj 1.9988e+00 (1.9992e+00)	Loss Disc 6.9257e-01 (6.9226e-01)	Loss Pred 1.4942e-01 (1.7512e-01)	Loss TOTAL 8.9529e-01 (9.2119e-01)
Epoch: [14][110/196]	L_Src_Sup 1.9975e+00 (1.9986e+00)	L_Trg_Inj 1.9987e+00 (1.9991e+00)	Loss Disc 6.9322e-01 (6.9235e-01)	Loss Pred 1.6555e-01 (1.7585e-01)	Loss TOTAL 9.1178e-01 (9.2193e-01)
Epoch: [14][120/196]	L_Src_Sup 1.9979e+00 (1.9986e+00)	L_Trg_Inj 1.9993e+00 (1.9991e+00)	Loss Disc 6.9494e-01 (6.9246e-01)	Loss Pred 1.8162e-01 (1.7660e-01)	Loss TOTAL 9.2881e-01 (9.2280e-01)
Epoch: [14][130/196]	L_Src_Sup 1.9968e+00 (1.9984e+00)	L_Trg_Inj 1.9983e+00 (1.9990e+00)	Loss Disc 6.9379e-01 (6.9262e-01)	Loss Pred 8.6347e-02 (1.7454e-01)	Loss TOTAL 8.3276e-01 (9.2081e-01)
Epoch: [14][140/196]	L_Src_Sup 1.9706e+00 (1.9971e+00)	L_Trg_Inj 1.9952e+00 (1.9983e+00)	Loss Disc 6.9321e-01 (6.9266e-01)	Loss Pred 2.1340e-01 (1.7490e-01)	Loss TOTAL 9.5658e-01 (9.2130e-01)
Epoch: [14][150/196]	L_Src_Sup 1.9631e+00 (1.9959e+00)	L_Trg_Inj 1.9913e+00 (1.9982e+00)	Loss Disc 6.9281e-01 (6.9266e-01)	Loss Pred 1.6500e-01 (1.7617e-01)	Loss TOTAL 9.0683e-01 (9.2240e-01)
Epoch: [14][160/196]	L_Src_Sup 2.0092e+00 (2.0020e+00)	L_Trg_Inj 1.9988e+00 (1.9969e+00)	Loss Disc 6.9310e-01 (6.9261e-01)	Loss Pred 1.5610e-01 (1.7458e-01)	Loss TOTAL 9.1388e-01 (9.3349e-01)
Epoch: [14][170/196]	L_Src_Sup 1.9920e+00 (2.0017e+00)	L_Trg_Inj 1.9999e+00 (1.9970e+00)	Loss Disc 6.9292e-01 (6.9264e-01)	Loss Pred 2.3842e-01 (1.7465e-01)	Loss TOTAL 9.8407e-01 (9.3285e-01)
Epoch: [14][180/196]	L_Src_Sup 1.9991e+00 (2.0013e+00)	L_Trg_Inj 1.9999e+00 (1.9972e+00)	Loss Disc 6.9261e-01 (6.9265e-01)	Loss Pred 1.8733e-01 (1.7511e-01)	Loss TOTAL 9.3352e-01 (9.3262e-01)
Epoch: [14][190/196]	L_Src_Sup 1.9959e+00 (2.0006e+00)	L_Trg_Inj 1.9996e+00 (1.9973e+00)	Loss Disc 6.8614e-01 (6.9253e-01)	Loss Pred 2.0061e-01 (1.7662e-01)	Loss TOTAL 9.4323e-01 (9.3343e-01)
Epoch: [14][196/196]	L_Src_Sup 1.9920e+00 (2.0005e+00)	L_Trg_Inj 2.0000e+00 (1.9974e+00)	Loss Disc 6.7763e-01 (6.9219e-01)	Loss Pred 2.3075e-01 (1.7749e-01)	Loss TOTAL 9.6876e-01 (9.3379e-01)
VALIDATION RESULTS
Epoch: [14][27/27]	L_Src_Sup 1.9976e+00 (1.9983e+00)	L_Trg_Inj 2.0000e+00 (1.9999e+00)	Loss Disc 6.7737e-01 (6.8158e-01)	Loss Pred 2.3007e-01 (1.7747e-01)	Loss TOTAL 9.6851e-01 (9.1810e-01)
VALIDATION SOURCE PREDICTIONS
AUPRC score is : 1.0000 
Best F1 score is : 0.9998 
VALIDATION TARGET PREDICTIONS
AUPRC score is : 0.9433 
Best F1 score is : 0.8640 
Epoch: [15][ 10/196]	L_Src_Sup 2.0010e+00 (1.9949e+00)	L_Trg_Inj 1.9996e+00 (1.9998e+00)	Loss Disc 6.8145e-01 (6.8134e-01)	Loss Pred 1.8211e-01 (1.7843e-01)	Loss TOTAL 9.2435e-01 (9.1884e-01)
Epoch: [15][ 20/196]	L_Src_Sup 1.9952e+00 (1.9948e+00)	L_Trg_Inj 1.9953e+00 (1.9966e+00)	Loss Disc 6.8660e-01 (6.8664e-01)	Loss Pred 1.9800e-01 (1.7579e-01)	Loss TOTAL 9.4035e-01 (9.2043e-01)
Epoch: [15][ 30/196]	L_Src_Sup 1.9912e+00 (1.9946e+00)	L_Trg_Inj 1.9974e+00 (1.9968e+00)	Loss Disc 6.8083e-01 (6.8582e-01)	Loss Pred 1.9814e-01 (1.7420e-01)	Loss TOTAL 9.3742e-01 (9.1782e-01)
Epoch: [15][ 40/196]	L_Src_Sup 1.9909e+00 (1.9948e+00)	L_Trg_Inj 1.9977e+00 (1.9969e+00)	Loss Disc 6.8576e-01 (6.8482e-01)	Loss Pred 1.1894e-01 (1.7577e-01)	Loss TOTAL 8.6068e-01 (9.1870e-01)
Epoch: [15][ 50/196]	L_Src_Sup 1.9966e+00 (1.9946e+00)	L_Trg_Inj 1.9968e+00 (1.9967e+00)	Loss Disc 6.8152e-01 (6.8450e-01)	Loss Pred 1.8133e-01 (1.7406e-01)	Loss TOTAL 9.2143e-01 (9.1654e-01)
Epoch: [15][ 60/196]	L_Src_Sup 1.9970e+00 (1.9946e+00)	L_Trg_Inj 1.9948e+00 (1.9964e+00)	Loss Disc 6.8295e-01 (6.8422e-01)	Loss Pred 1.6537e-01 (1.7266e-01)	Loss TOTAL 9.0819e-01 (9.1486e-01)
Epoch: [15][ 70/196]	L_Src_Sup 1.9923e+00 (1.9947e+00)	L_Trg_Inj 1.9983e+00 (1.9966e+00)	Loss Disc 6.7666e-01 (6.8401e-01)	Loss Pred 2.2832e-01 (1.7161e-01)	Loss TOTAL 9.6572e-01 (9.1366e-01)
Epoch: [15][ 80/196]	L_Src_Sup 1.9936e+00 (1.9947e+00)	L_Trg_Inj 1.9972e+00 (1.9966e+00)	Loss Disc 6.8135e-01 (6.8381e-01)	Loss Pred 1.8101e-01 (1.7201e-01)	Loss TOTAL 9.2076e-01 (9.1393e-01)
Epoch: [15][ 90/196]	L_Src_Sup 1.9889e+00 (1.9945e+00)	L_Trg_Inj 1.9972e+00 (1.9966e+00)	Loss Disc 6.7975e-01 (6.8373e-01)	Loss Pred 1.9658e-01 (1.7110e-01)	Loss TOTAL 9.3506e-01 (9.1288e-01)
Epoch: [15][100/196]	L_Src_Sup 2.0067e+00 (1.9947e+00)	L_Trg_Inj 1.9967e+00 (1.9966e+00)	Loss Disc 6.9048e-01 (6.8372e-01)	Loss Pred 1.0264e-01 (1.7074e-01)	Loss TOTAL 8.5829e-01 (9.1266e-01)
Epoch: [15][110/196]	L_Src_Sup 1.9856e+00 (1.9944e+00)	L_Trg_Inj 1.9978e+00 (1.9968e+00)	Loss Disc 6.7836e-01 (6.8351e-01)	Loss Pred 2.6127e-01 (1.7361e-01)	Loss TOTAL 9.9879e-01 (9.1533e-01)
Epoch: [15][120/196]	L_Src_Sup 1.9938e+00 (1.9938e+00)	L_Trg_Inj 1.9957e+00 (1.9968e+00)	Loss Disc 6.8068e-01 (6.8374e-01)	Loss Pred 2.3026e-01 (1.7249e-01)	Loss TOTAL 9.6955e-01 (9.1422e-01)
Epoch: [15][130/196]	L_Src_Sup 1.9952e+00 (1.9934e+00)	L_Trg_Inj 1.9887e+00 (1.9964e+00)	Loss Disc 6.8804e-01 (6.8369e-01)	Loss Pred 1.5045e-01 (1.7393e-01)	Loss TOTAL 8.9931e-01 (9.1556e-01)
Epoch: [15][140/196]	L_Src_Sup 1.9849e+00 (1.9928e+00)	L_Trg_Inj 1.9858e+00 (1.9958e+00)	Loss Disc 6.8187e-01 (6.8373e-01)	Loss Pred 1.8280e-01 (1.7409e-01)	Loss TOTAL 9.2080e-01 (9.1568e-01)
Epoch: [15][150/196]	L_Src_Sup 1.9738e+00 (1.9921e+00)	L_Trg_Inj 1.9994e+00 (1.9959e+00)	Loss Disc 6.8474e-01 (6.8381e-01)	Loss Pred 1.6748e-01 (1.7579e-01)	Loss TOTAL 9.0718e-01 (9.1740e-01)
Epoch: [15][160/196]	L_Src_Sup 1.9865e+00 (1.9908e+00)	L_Trg_Inj 1.9969e+00 (1.9960e+00)	Loss Disc 6.9016e-01 (6.8408e-01)	Loss Pred 2.0000e-01 (1.7617e-01)	Loss TOTAL 9.4342e-01 (9.1774e-01)
Epoch: [15][170/196]	L_Src_Sup 1.9214e+00 (1.9894e+00)	L_Trg_Inj 1.9936e+00 (1.9960e+00)	Loss Disc 6.9365e-01 (6.8442e-01)	Loss Pred 2.0101e-01 (1.7585e-01)	Loss TOTAL 9.3935e-01 (9.1739e-01)
Epoch: [15][180/196]	L_Src_Sup 1.9653e+00 (1.9884e+00)	L_Trg_Inj 1.9966e+00 (1.9958e+00)	Loss Disc 6.9330e-01 (6.8467e-01)	Loss Pred 1.3816e-01 (1.7616e-01)	Loss TOTAL 8.8100e-01 (9.1850e-01)
Epoch: [15][190/196]	L_Src_Sup 1.9373e+00 (1.9875e+00)	L_Trg_Inj 1.9998e+00 (1.9960e+00)	Loss Disc 6.9312e-01 (6.8512e-01)	Loss Pred 2.0133e-01 (1.7770e-01)	Loss TOTAL 9.4160e-01 (9.2016e-01)
Epoch: [15][196/196]	L_Src_Sup 1.9262e+00 (1.9862e+00)	L_Trg_Inj 1.9990e+00 (1.9961e+00)	Loss Disc 6.9198e-01 (6.8534e-01)	Loss Pred 1.6828e-01 (1.7759e-01)	Loss TOTAL 9.0679e-01 (9.2001e-01)
VALIDATION RESULTS
Epoch: [15][27/27]	L_Src_Sup 1.9828e+00 (1.9873e+00)	L_Trg_Inj 1.9991e+00 (1.9991e+00)	Loss Disc 6.9325e-01 (6.9271e-01)	Loss Pred 1.6098e-01 (1.7515e-01)	Loss TOTAL 9.0579e-01 (9.2024e-01)
VALIDATION SOURCE PREDICTIONS
AUPRC score is : 1.0000 
Best F1 score is : 0.9997 
VALIDATION TARGET PREDICTIONS
AUPRC score is : 0.9068 
Best F1 score is : 0.8630 
Epoch: [16][ 10/196]	L_Src_Sup 1.8045e+00 (1.9263e+00)	L_Trg_Inj 1.9980e+00 (1.9986e+00)	Loss Disc 6.9250e-01 (6.9270e-01)	Loss Pred 1.6844e-01 (1.8329e-01)	Loss TOTAL 8.9494e-01 (9.2214e-01)
Epoch: [16][ 20/196]	L_Src_Sup 1.9765e+00 (1.9395e+00)	L_Trg_Inj 1.9996e+00 (1.9955e+00)	Loss Disc 6.9299e-01 (6.9201e-01)	Loss Pred 2.7097e-01 (1.8192e-01)	Loss TOTAL 1.0151e+00 (9.2836e-01)
Epoch: [16][ 30/196]	L_Src_Sup 1.9803e+00 (1.9585e+00)	L_Trg_Inj 1.9999e+00 (1.9968e+00)	Loss Disc 6.9318e-01 (6.9240e-01)	Loss Pred 1.5345e-01 (1.8405e-01)	Loss TOTAL 8.9805e-01 (9.3152e-01)
Epoch: [16][ 40/196]	L_Src_Sup 2.0005e+00 (1.9630e+00)	L_Trg_Inj 1.9998e+00 (1.9975e+00)	Loss Disc 6.9348e-01 (6.9264e-01)	Loss Pred 1.3659e-01 (1.8873e-01)	Loss TOTAL 8.8398e-01 (9.3545e-01)
Epoch: [16][ 50/196]	L_Src_Sup 1.9579e+00 (1.9598e+00)	L_Trg_Inj 1.9998e+00 (1.9979e+00)	Loss Disc 6.9331e-01 (6.9278e-01)	Loss Pred 1.8473e-01 (1.8311e-01)	Loss TOTAL 9.2716e-01 (9.2877e-01)
Epoch: [16][ 60/196]	L_Src_Sup 1.9145e+00 (1.9534e+00)	L_Trg_Inj 1.9998e+00 (1.9982e+00)	Loss Disc 6.9796e-01 (6.9280e-01)	Loss Pred 1.5254e-01 (1.7777e-01)	Loss TOTAL 8.9295e-01 (9.2231e-01)
Epoch: [16][ 70/196]	L_Src_Sup 1.3500e+00 (1.9266e+00)	L_Trg_Inj 1.9854e+00 (1.9980e+00)	Loss Disc 6.9335e-01 (6.9294e-01)	Loss Pred 2.1720e-01 (1.7795e-01)	Loss TOTAL 8.9742e-01 (9.1943e-01)
Epoch: [16][ 80/196]	L_Src_Sup 1.6107e+00 (1.8885e+00)	L_Trg_Inj 2.0000e+00 (1.9963e+00)	Loss Disc 6.9331e-01 (6.9298e-01)	Loss Pred 2.1708e-01 (1.7858e-01)	Loss TOTAL 9.2481e-01 (9.1711e-01)
Epoch: [16][ 90/196]	L_Src_Sup 1.3332e+00 (1.8546e+00)	L_Trg_Inj 2.0000e+00 (1.9967e+00)	Loss Disc 6.9329e-01 (6.9301e-01)	Loss Pred 2.3303e-01 (1.7802e-01)	Loss TOTAL 9.1300e-01 (9.1283e-01)
Epoch: [16][100/196]	L_Src_Sup 1.3617e+00 (1.8030e+00)	L_Trg_Inj 1.9975e+00 (1.9970e+00)	Loss Disc 6.9279e-01 (6.9302e-01)	Loss Pred 2.3290e-01 (1.7899e-01)	Loss TOTAL 9.1522e-01 (9.0835e-01)
Epoch: [16][110/196]	L_Src_Sup 1.2851e+00 (1.7568e+00)	L_Trg_Inj 2.0000e+00 (1.9970e+00)	Loss Disc 6.9324e-01 (6.9304e-01)	Loss Pred 2.8088e-01 (1.7903e-01)	Loss TOTAL 9.5600e-01 (9.0354e-01)
Epoch: [16][120/196]	L_Src_Sup 1.2317e+00 (1.7360e+00)	L_Trg_Inj 1.9960e+00 (1.9972e+00)	Loss Disc 6.9295e-01 (6.9290e-01)	Loss Pred 1.6848e-01 (1.7966e-01)	Loss TOTAL 8.3773e-01 (9.0314e-01)
Epoch: [16][130/196]	L_Src_Sup 2.0095e+00 (1.7122e+00)	L_Trg_Inj 2.0000e+00 (1.9971e+00)	Loss Disc 6.9120e-01 (6.9287e-01)	Loss Pred 1.6789e-01 (1.7895e-01)	Loss TOTAL 9.2393e-01 (8.9982e-01)
Epoch: [16][140/196]	L_Src_Sup 1.7182e+00 (1.6823e+00)	L_Trg_Inj 2.0000e+00 (1.9971e+00)	Loss Disc 6.8355e-01 (6.9217e-01)	Loss Pred 1.5190e-01 (1.8002e-01)	Loss TOTAL 8.6549e-01 (8.9730e-01)
Epoch: [16][150/196]	L_Src_Sup 6.6757e-01 (1.6574e+00)	L_Trg_Inj 1.9817e+00 (1.9968e+00)	Loss Disc 6.8463e-01 (6.9158e-01)	Loss Pred 1.3551e-01 (1.7804e-01)	Loss TOTAL 7.4275e-01 (8.9229e-01)
Epoch: [16][160/196]	L_Src_Sup 1.9730e+00 (1.6628e+00)	L_Trg_Inj 1.9994e+00 (1.9965e+00)	Loss Disc 6.8666e-01 (6.9115e-01)	Loss Pred 2.0447e-01 (1.7810e-01)	Loss TOTAL 9.4503e-01 (8.9285e-01)
Epoch: [16][170/196]	L_Src_Sup 1.9967e+00 (1.6826e+00)	L_Trg_Inj 1.9944e+00 (1.9967e+00)	Loss Disc 6.8180e-01 (6.9056e-01)	Loss Pred 1.7484e-01 (1.7945e-01)	Loss TOTAL 9.1713e-01 (8.9584e-01)
Epoch: [16][180/196]	L_Src_Sup 1.9415e+00 (1.6965e+00)	L_Trg_Inj 1.9990e+00 (1.9968e+00)	Loss Disc 6.9614e-01 (6.9153e-01)	Loss Pred 1.7240e-01 (1.7939e-01)	Loss TOTAL 9.1452e-01 (8.9760e-01)
Epoch: [16][190/196]	L_Src_Sup 1.8194e+00 (1.6985e+00)	L_Trg_Inj 1.9817e+00 (1.9960e+00)	Loss Disc 6.9333e-01 (6.9163e-01)	Loss Pred 2.3617e-01 (1.8086e-01)	Loss TOTAL 9.6294e-01 (8.9909e-01)
Epoch: [16][196/196]	L_Src_Sup 1.2965e+00 (1.6944e+00)	L_Trg_Inj 1.9501e+00 (1.9930e+00)	Loss Disc 6.9339e-01 (6.9168e-01)	Loss Pred 1.2117e-01 (1.8130e-01)	Loss TOTAL 7.9252e-01 (8.9897e-01)
VALIDATION RESULTS
Epoch: [16][27/27]	L_Src_Sup 1.9972e+00 (1.7589e+00)	L_Trg_Inj 1.9737e+00 (1.9448e+00)	Loss Disc 6.9341e-01 (6.9341e-01)	Loss Pred 1.9193e-01 (1.7929e-01)	Loss TOTAL 9.5925e-01 (8.9997e-01)
VALIDATION SOURCE PREDICTIONS
AUPRC score is : 1.0000 
Best F1 score is : 1.0000 
VALIDATION TARGET PREDICTIONS
AUPRC score is : 0.9122 
Best F1 score is : 0.8630 
Epoch: [17][ 10/196]	L_Src_Sup 1.5064e+00 (1.6499e+00)	L_Trg_Inj 1.9682e+00 (1.9263e+00)	Loss Disc 6.9328e-01 (6.9333e-01)	Loss Pred 1.6781e-01 (1.8459e-01)	Loss TOTAL 8.6191e-01 (9.0662e-01)
Epoch: [17][ 20/196]	L_Src_Sup 1.7500e+00 (1.5832e+00)	L_Trg_Inj 1.9423e+00 (1.9429e+00)	Loss Disc 6.9329e-01 (6.9331e-01)	Loss Pred 1.6840e-01 (1.7226e-01)	Loss TOTAL 8.8428e-01 (8.8225e-01)
Epoch: [17][ 30/196]	L_Src_Sup 1.2295e+00 (1.5486e+00)	L_Trg_Inj 1.9791e+00 (1.9480e+00)	Loss Disc 6.9321e-01 (6.9329e-01)	Loss Pred 2.4778e-01 (1.7665e-01)	Loss TOTAL 9.1525e-01 (8.8426e-01)
Epoch: [17][ 40/196]	L_Src_Sup 1.0789e+00 (1.4959e+00)	L_Trg_Inj 1.9603e+00 (1.9377e+00)	Loss Disc 6.9322e-01 (6.9329e-01)	Loss Pred 2.4752e-01 (1.7481e-01)	Loss TOTAL 8.9804e-01 (8.7839e-01)
Epoch: [17][ 50/196]	L_Src_Sup 8.5706e-01 (1.4902e+00)	L_Trg_Inj 1.9989e+00 (1.9472e+00)	Loss Disc 6.9315e-01 (6.9326e-01)	Loss Pred 3.1181e-01 (1.8159e-01)	Loss TOTAL 9.4398e-01 (8.9025e-01)
Epoch: [17][ 60/196]	L_Src_Sup 1.4405e+00 (1.4632e+00)	L_Trg_Inj 1.9981e+00 (1.9550e+00)	Loss Disc 6.9316e-01 (6.9325e-01)	Loss Pred 2.3012e-01 (1.8068e-01)	Loss TOTAL 9.2055e-01 (8.8437e-01)
Epoch: [17][ 70/196]	L_Src_Sup 1.2342e+00 (1.4531e+00)	L_Trg_Inj 1.9648e+00 (1.9575e+00)	Loss Disc 6.9318e-01 (6.9324e-01)	Loss Pred 2.6021e-01 (1.8170e-01)	Loss TOTAL 9.2670e-01 (8.8244e-01)
Epoch: [17][ 80/196]	L_Src_Sup 1.7841e+00 (1.4365e+00)	L_Trg_Inj 1.9604e+00 (1.9581e+00)	Loss Disc 6.9325e-01 (6.9323e-01)	Loss Pred 1.8595e-01 (1.8317e-01)	Loss TOTAL 9.0702e-01 (8.8067e-01)
Epoch: [17][ 90/196]	L_Src_Sup 1.2321e+00 (1.4269e+00)	L_Trg_Inj 1.9838e+00 (1.9507e+00)	Loss Disc 6.9314e-01 (6.9323e-01)	Loss Pred 2.4771e-01 (1.8286e-01)	Loss TOTAL 9.1588e-01 (8.8194e-01)
Epoch: [17][100/196]	L_Src_Sup 1.0775e+00 (1.4251e+00)	L_Trg_Inj 1.9998e+00 (1.9552e+00)	Loss Disc 6.9314e-01 (6.9323e-01)	Loss Pred 2.4772e-01 (1.8131e-01)	Loss TOTAL 9.0203e-01 (8.7930e-01)
Epoch: [17][110/196]	L_Src_Sup 1.3339e+00 (1.4172e+00)	L_Trg_Inj 1.9998e+00 (1.9591e+00)	Loss Disc 6.9318e-01 (6.9322e-01)	Loss Pred 2.3122e-01 (1.8268e-01)	Loss TOTAL 9.1117e-01 (8.7907e-01)
Epoch: [17][120/196]	L_Src_Sup 1.0910e+00 (1.4096e+00)	L_Trg_Inj 1.9988e+00 (1.9619e+00)	Loss Disc 6.9317e-01 (6.9322e-01)	Loss Pred 2.1515e-01 (1.8326e-01)	Loss TOTAL 8.7072e-01 (8.7816e-01)
Epoch: [17][130/196]	L_Src_Sup 7.5004e-01 (1.3993e+00)	L_Trg_Inj 1.9998e+00 (1.9644e+00)	Loss Disc 6.9323e-01 (6.9322e-01)	Loss Pred 1.6702e-01 (1.8054e-01)	Loss TOTAL 7.8862e-01 (8.7381e-01)
Epoch: [17][140/196]	L_Src_Sup 1.5716e+00 (1.3887e+00)	L_Trg_Inj 1.9935e+00 (1.9663e+00)	Loss Disc 6.9316e-01 (6.9322e-01)	Loss Pred 2.6299e-01 (1.8132e-01)	Loss TOTAL 9.6608e-01 (8.7315e-01)
Epoch: [17][150/196]	L_Src_Sup 2.0213e+00 (1.3944e+00)	L_Trg_Inj 1.9996e+00 (1.9680e+00)	Loss Disc 6.9305e-01 (6.9321e-01)	Loss Pred 2.0012e-01 (1.8125e-01)	Loss TOTAL 9.7038e-01 (8.7331e-01)
Epoch: [17][160/196]	L_Src_Sup 1.7930e+00 (1.4149e+00)	L_Trg_Inj 1.9998e+00 (1.9697e+00)	Loss Disc 6.9318e-01 (6.9321e-01)	Loss Pred 2.4665e-01 (1.8126e-01)	Loss TOTAL 9.7251e-01 (8.7497e-01)
Epoch: [17][170/196]	L_Src_Sup 1.4286e+00 (1.4201e+00)	L_Trg_Inj 1.9994e+00 (1.9713e+00)	Loss Disc 6.9323e-01 (6.9321e-01)	Loss Pred 2.6222e-01 (1.8230e-01)	Loss TOTAL 9.5163e-01 (8.7618e-01)
Epoch: [17][180/196]	L_Src_Sup 1.5001e+00 (1.4303e+00)	L_Trg_Inj 1.9829e+00 (1.9726e+00)	Loss Disc 6.9314e-01 (6.9321e-01)	Loss Pred 1.6671e-01 (1.8074e-01)	Loss TOTAL 8.6158e-01 (8.7533e-01)
Epoch: [17][190/196]	L_Src_Sup 1.9914e+00 (1.4408e+00)	L_Trg_Inj 1.9994e+00 (1.9738e+00)	Loss Disc 6.9294e-01 (6.9320e-01)	Loss Pred 2.4612e-01 (1.8077e-01)	Loss TOTAL 9.9168e-01 (8.7612e-01)
Epoch: [17][196/196]	L_Src_Sup 1.2681e+00 (1.4436e+00)	L_Trg_Inj 1.9948e+00 (1.9742e+00)	Loss Disc 6.9119e-01 (6.9317e-01)	Loss Pred 1.9901e-01 (1.8084e-01)	Loss TOTAL 8.7090e-01 (8.7628e-01)
VALIDATION RESULTS
Epoch: [17][27/27]	L_Src_Sup 1.7956e+00 (1.8577e+00)	L_Trg_Inj 1.9809e+00 (1.9873e+00)	Loss Disc 6.8962e-01 (6.9005e-01)	Loss Pred 1.3473e-01 (1.7222e-01)	Loss TOTAL 8.5719e-01 (9.0442e-01)
VALIDATION SOURCE PREDICTIONS
AUPRC score is : 1.0000 
Best F1 score is : 1.0000 
VALIDATION TARGET PREDICTIONS
AUPRC score is : 0.9133 
Best F1 score is : 0.8646 
Epoch: [18][ 10/196]	L_Src_Sup 1.2502e+00 (1.3618e+00)	L_Trg_Inj 1.9991e+00 (1.9859e+00)	Loss Disc 6.9440e-01 (6.8836e-01)	Loss Pred 2.9684e-01 (1.8946e-01)	Loss TOTAL 9.6898e-01 (8.6841e-01)
Epoch: [18][ 20/196]	L_Src_Sup 1.1046e+00 (1.3349e+00)	L_Trg_Inj 1.9672e+00 (1.9802e+00)	Loss Disc 6.9167e-01 (6.9031e-01)	Loss Pred 1.8519e-01 (1.8969e-01)	Loss TOTAL 8.3820e-01 (8.6636e-01)
Epoch: [18][ 30/196]	L_Src_Sup 1.5002e+00 (1.3396e+00)	L_Trg_Inj 1.9956e+00 (1.9763e+00)	Loss Disc 6.9369e-01 (6.9132e-01)	Loss Pred 2.2989e-01 (1.8199e-01)	Loss TOTAL 9.2632e-01 (8.6175e-01)
Epoch: [18][ 40/196]	L_Src_Sup 1.3333e+00 (1.3442e+00)	L_Trg_Inj 1.9987e+00 (1.9772e+00)	Loss Disc 6.9337e-01 (6.9182e-01)	Loss Pred 2.7731e-01 (1.8336e-01)	Loss TOTAL 9.5720e-01 (8.6329e-01)
Epoch: [18][ 50/196]	L_Src_Sup 1.5556e+00 (1.3522e+00)	L_Trg_Inj 1.9397e+00 (1.9725e+00)	Loss Disc 6.9323e-01 (6.9210e-01)	Loss Pred 1.8203e-01 (1.7970e-01)	Loss TOTAL 8.7817e-01 (8.6059e-01)
Epoch: [18][ 60/196]	L_Src_Sup 1.2673e+00 (1.3322e+00)	L_Trg_Inj 1.8198e+00 (1.9562e+00)	Loss Disc 6.9297e-01 (6.9226e-01)	Loss Pred 2.1388e-01 (1.7726e-01)	Loss TOTAL 8.6908e-01 (8.5527e-01)
Epoch: [18][ 70/196]	L_Src_Sup 1.2726e+00 (1.3257e+00)	L_Trg_Inj 1.6290e+00 (1.9269e+00)	Loss Disc 6.9231e-01 (6.9233e-01)	Loss Pred 2.1399e-01 (1.7935e-01)	Loss TOTAL 8.5031e-01 (8.5338e-01)
Epoch: [18][ 80/196]	L_Src_Sup 9.2256e-01 (1.2844e+00)	L_Trg_Inj 1.3065e+00 (1.8663e+00)	Loss Disc 6.9412e-01 (6.9237e-01)	Loss Pred 2.4592e-01 (1.7898e-01)	Loss TOTAL 8.1589e-01 (8.4362e-01)
Epoch: [18][ 90/196]	L_Src_Sup 1.3287e+00 (1.2901e+00)	L_Trg_Inj 1.7441e+00 (1.8417e+00)	Loss Disc 6.9330e-01 (6.9248e-01)	Loss Pred 1.3599e-01 (1.7641e-01)	Loss TOTAL 7.8992e-01 (8.4327e-01)
Epoch: [18][100/196]	L_Src_Sup 1.3990e+00 (1.2883e+00)	L_Trg_Inj 1.6561e+00 (1.8313e+00)	Loss Disc 6.9328e-01 (6.9257e-01)	Loss Pred 1.9762e-01 (1.7808e-01)	Loss TOTAL 8.4977e-01 (8.4302e-01)
Epoch: [18][110/196]	L_Src_Sup 1.5011e+00 (1.2842e+00)	L_Trg_Inj 1.7341e+00 (1.8219e+00)	Loss Disc 6.9321e-01 (6.9263e-01)	Loss Pred 1.6589e-01 (1.8004e-01)	Loss TOTAL 8.3602e-01 (8.4514e-01)
Epoch: [18][120/196]	L_Src_Sup 1.5000e+00 (1.2865e+00)	L_Trg_Inj 1.6638e+00 (1.8126e+00)	Loss Disc 6.9320e-01 (6.9268e-01)	Loss Pred 1.6583e-01 (1.7796e-01)	Loss TOTAL 8.2881e-01 (8.4170e-01)
Epoch: [18][130/196]	L_Src_Sup 1.3332e+00 (1.2862e+00)	L_Trg_Inj 1.7186e+00 (1.7994e+00)	Loss Disc 6.9328e-01 (6.9272e-01)	Loss Pred 2.3036e-01 (1.7862e-01)	Loss TOTAL 8.8218e-01 (8.4177e-01)
Epoch: [18][140/196]	L_Src_Sup 9.9873e-01 (1.2803e+00)	L_Trg_Inj 1.6239e+00 (1.7894e+00)	Loss Disc 6.9317e-01 (6.9275e-01)	Loss Pred 1.6605e-01 (1.7929e-01)	Loss TOTAL 7.7489e-01 (8.4136e-01)
Epoch: [18][150/196]	L_Src_Sup 1.0009e+00 (1.2740e+00)	L_Trg_Inj 1.6324e+00 (1.7787e+00)	Loss Disc 6.9314e-01 (6.9278e-01)	Loss Pred 1.0281e-01 (1.7902e-01)	Loss TOTAL 7.1270e-01 (8.4027e-01)
Epoch: [18][160/196]	L_Src_Sup 1.0036e+00 (1.2719e+00)	L_Trg_Inj 1.7345e+00 (1.7725e+00)	Loss Disc 6.9309e-01 (6.9281e-01)	Loss Pred 7.1137e-02 (1.7829e-01)	Loss TOTAL 6.9149e-01 (8.3811e-01)
Epoch: [18][170/196]	L_Src_Sup 1.1111e+00 (1.2716e+00)	L_Trg_Inj 1.5516e+00 (1.7575e+00)	Loss Disc 6.9307e-01 (6.9282e-01)	Loss Pred 1.8214e-01 (1.7775e-01)	Loss TOTAL 7.9494e-01 (8.3653e-01)
Epoch: [18][180/196]	L_Src_Sup 1.5871e+00 (1.2626e+00)	L_Trg_Inj 1.6092e+00 (1.7447e+00)	Loss Disc 6.9257e-01 (6.9282e-01)	Loss Pred 1.1816e-01 (1.7690e-01)	Loss TOTAL 7.8408e-01 (8.3341e-01)
Epoch: [18][190/196]	L_Src_Sup 8.6104e-01 (1.2609e+00)	L_Trg_Inj 1.5624e+00 (1.7316e+00)	Loss Disc 6.9346e-01 (6.9283e-01)	Loss Pred 1.5037e-01 (1.7754e-01)	Loss TOTAL 7.3945e-01 (8.3554e-01)
Epoch: [18][196/196]	L_Src_Sup 8.5850e-01 (1.2569e+00)	L_Trg_Inj 1.7557e+00 (1.7298e+00)	Loss Disc 6.9320e-01 (6.9285e-01)	Loss Pred 1.5006e-01 (1.7718e-01)	Loss TOTAL 7.5808e-01 (8.3456e-01)
VALIDATION RESULTS
Epoch: [18][27/27]	L_Src_Sup 1.2806e+00 (1.5976e+00)	L_Trg_Inj 1.5646e+00 (1.6267e+00)	Loss Disc 6.9324e-01 (6.9322e-01)	Loss Pred 2.3713e-01 (1.8377e-01)	Loss TOTAL 8.6827e-01 (9.1746e-01)
VALIDATION SOURCE PREDICTIONS
AUPRC score is : 1.0000 
Best F1 score is : 1.0000 
VALIDATION TARGET PREDICTIONS
AUPRC score is : 0.9650 
Best F1 score is : 0.9130 
Epoch: [19][ 10/196]	L_Src_Sup 6.6812e-01 (9.9621e-01)	L_Trg_Inj 1.5347e+00 (1.6127e+00)	Loss Disc 6.9307e-01 (6.9313e-01)	Loss Pred 1.3414e-01 (1.8649e-01)	Loss TOTAL 7.0096e-01 (7.9395e-01)
Epoch: [19][ 20/196]	L_Src_Sup 1.4138e+00 (1.1392e+00)	L_Trg_Inj 1.6653e+00 (1.6113e+00)	Loss Disc 6.9125e-01 (6.9284e-01)	Loss Pred 1.9799e-01 (1.7966e-01)	Loss TOTAL 8.5153e-01 (8.2247e-01)
Epoch: [19][ 30/196]	L_Src_Sup 1.9267e+00 (1.3264e+00)	L_Trg_Inj 1.9577e+00 (1.6479e+00)	Loss Disc 6.7884e-01 (6.9061e-01)	Loss Pred 2.1473e-01 (1.7524e-01)	Loss TOTAL 9.4258e-01 (8.6489e-01)
Epoch: [19][ 40/196]	L_Src_Sup 1.9144e+00 (1.4747e+00)	L_Trg_Inj 1.9218e+00 (1.7275e+00)	Loss Disc 7.2225e-01 (6.9024e-01)	Loss Pred 1.8139e-01 (1.7694e-01)	Loss TOTAL 9.2613e-01 (8.7797e-01)
Epoch: [19][ 50/196]	L_Src_Sup 1.0514e+00 (1.5257e+00)	L_Trg_Inj 1.8481e+00 (1.7581e+00)	Loss Disc 6.9332e-01 (6.9099e-01)	Loss Pred 1.8135e-01 (1.7520e-01)	Loss TOTAL 8.1797e-01 (8.7768e-01)
Epoch: [19][ 60/196]	L_Src_Sup 1.6004e+00 (1.5344e+00)	L_Trg_Inj 1.7701e+00 (1.7651e+00)	Loss Disc 6.9328e-01 (6.9137e-01)	Loss Pred 1.1829e-01 (1.7941e-01)	Loss TOTAL 8.0198e-01 (8.8190e-01)
Epoch: [19][ 70/196]	L_Src_Sup 1.2498e+00 (1.5233e+00)	L_Trg_Inj 1.6377e+00 (1.7621e+00)	Loss Disc 6.9328e-01 (6.9164e-01)	Loss Pred 1.6537e-01 (1.7993e-01)	Loss TOTAL 8.0076e-01 (8.7904e-01)
Epoch: [19][ 80/196]	L_Src_Sup 1.2948e+00 (1.4720e+00)	L_Trg_Inj 1.6997e+00 (1.7558e+00)	Loss Disc 6.9326e-01 (6.9185e-01)	Loss Pred 1.6531e-01 (1.7873e-01)	Loss TOTAL 8.1139e-01 (8.6909e-01)
Epoch: [19][ 90/196]	L_Src_Sup 1.3875e+00 (1.4597e+00)	L_Trg_Inj 1.6439e+00 (1.7415e+00)	Loss Disc 6.9326e-01 (6.9201e-01)	Loss Pred 2.4792e-01 (1.7854e-01)	Loss TOTAL 8.9769e-01 (8.6390e-01)
Epoch: [19][100/196]	L_Src_Sup 1.6017e+00 (1.4508e+00)	L_Trg_Inj 1.7179e+00 (1.7312e+00)	Loss Disc 6.9320e-01 (6.9213e-01)	Loss Pred 1.1804e-01 (1.7617e-01)	Loss TOTAL 7.9660e-01 (8.6240e-01)
Epoch: [19][110/196]	L_Src_Sup 1.2500e+00 (1.4562e+00)	L_Trg_Inj 1.7683e+00 (1.7334e+00)	Loss Disc 6.9315e-01 (6.9222e-01)	Loss Pred 1.6513e-01 (1.7347e-01)	Loss TOTAL 8.1353e-01 (8.6833e-01)
Epoch: [19][120/196]	L_Src_Sup 8.5713e-01 (1.4559e+00)	L_Trg_Inj 1.8089e+00 (1.7392e+00)	Loss Disc 6.9316e-01 (6.9230e-01)	Loss Pred 1.4925e-01 (1.7343e-01)	Loss TOTAL 7.6243e-01 (8.6871e-01)
Epoch: [19][130/196]	L_Src_Sup 7.4999e-01 (1.4334e+00)	L_Trg_Inj 1.8177e+00 (1.7409e+00)	Loss Disc 6.9320e-01 (6.9237e-01)	Loss Pred 1.6503e-01 (1.7509e-01)	Loss TOTAL 7.6841e-01 (8.6605e-01)
Epoch: [19][140/196]	L_Src_Sup 1.0039e+00 (1.4156e+00)	L_Trg_Inj 1.7650e+00 (1.7365e+00)	Loss Disc 6.9312e-01 (6.9242e-01)	Loss Pred 1.6601e-01 (1.7647e-01)	Loss TOTAL 7.8946e-01 (8.6401e-01)
Epoch: [19][150/196]	L_Src_Sup 6.6966e-01 (1.3902e+00)	L_Trg_Inj 1.6329e+00 (1.7325e+00)	Loss Disc 6.9308e-01 (6.9247e-01)	Loss Pred 8.6529e-02 (1.7688e-01)	Loss TOTAL 6.6333e-01 (8.5976e-01)
Epoch: [19][160/196]	L_Src_Sup 1.2000e+00 (1.3793e+00)	L_Trg_Inj 1.6983e+00 (1.7236e+00)	Loss Disc 6.8873e-01 (6.9244e-01)	Loss Pred 1.9642e-01 (1.7614e-01)	Loss TOTAL 8.3061e-01 (8.5792e-01)
Epoch: [19][170/196]	L_Src_Sup 1.2499e+00 (1.3716e+00)	L_Trg_Inj 1.5208e+00 (1.7130e+00)	Loss Disc 6.9356e-01 (6.9240e-01)	Loss Pred 1.6862e-01 (1.7655e-01)	Loss TOTAL 7.9248e-01 (8.5604e-01)
Epoch: [19][180/196]	L_Src_Sup 1.1428e+00 (1.3674e+00)	L_Trg_Inj 1.5166e+00 (1.7037e+00)	Loss Disc 6.9330e-01 (6.9246e-01)	Loss Pred 1.4919e-01 (1.7645e-01)	Loss TOTAL 7.6179e-01 (8.5596e-01)
Epoch: [19][190/196]	L_Src_Sup 1.0908e+00 (1.3561e+00)	L_Trg_Inj 1.6243e+00 (1.6958e+00)	Loss Disc 6.9337e-01 (6.9250e-01)	Loss Pred 2.1259e-01 (1.7676e-01)	Loss TOTAL 8.3079e-01 (8.5308e-01)
Epoch: [19][196/196]	L_Src_Sup 1.6662e+00 (1.3532e+00)	L_Trg_Inj 1.6651e+00 (1.6937e+00)	Loss Disc 6.9319e-01 (6.9252e-01)	Loss Pred 1.3348e-01 (1.7639e-01)	Loss TOTAL 8.1430e-01 (8.5185e-01)
VALIDATION RESULTS
Epoch: [19][27/27]	L_Src_Sup 1.6842e+00 (1.5147e+00)	L_Trg_Inj 1.5831e+00 (1.6130e+00)	Loss Disc 6.9329e-01 (6.9327e-01)	Loss Pred 1.8867e-01 (1.7831e-01)	Loss TOTAL 9.6318e-01 (8.7896e-01)
VALIDATION SOURCE PREDICTIONS
AUPRC score is : 1.0000 
Best F1 score is : 0.9996 
VALIDATION TARGET PREDICTIONS
AUPRC score is : 0.9314 
Best F1 score is : 0.8636 
